xmc4_scu.h:1353:43:XMC_SCU_CLOCK_GetUsbClockSource	4	static
xmc4_scu.h:1394:43:XMC_SCU_CLOCK_GetWdtClockSource	4	static
xmc4_scu.h:1515:46:XMC_SCU_CLOCK_GetExternalOutputClockSource	4	static
xmc4_scu.h:1944:26:XMC_SCU_CLOCK_GetSystemClockFrequency	4	static
xmc_scu.h:419:26:XMC_SCU_CLOCK_GetCpuClockFrequency	4	static
xmc4_scu.c:146:17:OSCHP_GetFrequency	4	static
xmc4_scu.c:158:6:XMC_SCU_lDelay	24	static
xmc4_scu.c:172:6:XMC_SCU_INTERRUPT_EnableEvent	16	static
xmc4_scu.c:178:6:XMC_SCU_INTERRUPT_DisableEvent	16	static
xmc4_scu.c:184:6:XMC_SCU_INTERRUPT_TriggerEvent	16	static
xmc4_scu.c:190:27:XMC_SCU_INTERUPT_GetEventStatus	4	static
xmc4_scu.c:196:6:XMC_SCU_INTERRUPT_ClearEventStatus	16	static
xmc4_scu.c:203:10:XMC_SCU_GetBootMode	4	static
xmc4_scu.c:209:6:XMC_SCU_SetBootMode	16	static
xmc4_scu.c:215:10:XMC_SCU_ReadGPR	16	static
xmc4_scu.c:221:6:XMC_SCU_WriteGPR	16	static
xmc4_scu.c:227:6:XMC_SCU_EnableOutOfRangeComparator	16	static
xmc4_scu.c:236:6:XMC_SCU_DisableOutOfRangeComparator	16	static
xmc4_scu.c:245:6:XMC_SCU_CalibrateTemperatureSensor	16	static
xmc4_scu.c:253:6:XMC_SCU_EnableTemperatureSensor	4	static
xmc4_scu.c:258:6:XMC_SCU_DisableTemperatureSensor	4	static
xmc4_scu.c:263:6:XMC_SCU_IsTemperatureSensorEnabled	4	static
xmc4_scu.c:268:6:XMC_SCU_IsTemperatureSensorReady	4	static
xmc4_scu.c:273:18:XMC_SCU_StartTemperatureMeasurement	16	static
xmc4_scu.c:294:10:XMC_SCU_GetTemperature	16	static
xmc4_scu.c:311:6:XMC_SCU_IsTemperatureSensorBusy	4	static
xmc4_scu.c:401:6:XMC_SCU_WriteToRetentionMemory	24	static
xmc4_scu.c:424:10:XMC_SCU_ReadFromRetentionMemory	24	static
xmc4_scu.c:446:6:XMC_SCU_CLOCK_Init	32	static
xmc4_scu.c:515:6:XMC_SCU_TRAP_Enable	16	static
xmc4_scu.c:521:6:XMC_SCU_TRAP_Disable	16	static
xmc4_scu.c:527:10:XMC_SCU_TRAP_GetStatus	4	static
xmc4_scu.c:533:6:XMC_SCU_TRAP_Trigger	16	static
xmc4_scu.c:539:6:XMC_SCU_TRAP_ClearStatus	16	static
xmc4_scu.c:545:6:XMC_SCU_PARITY_ClearStatus	16	static
xmc4_scu.c:551:10:XMC_SCU_PARITY_GetStatus	4	static
xmc4_scu.c:556:6:XMC_SCU_PARITY_Enable	16	static
xmc4_scu.c:561:6:XMC_SCU_PARITY_Disable	16	static
xmc4_scu.c:566:6:XMC_SCU_PARITY_EnableTrapGeneration	16	static
xmc4_scu.c:571:6:XMC_SCU_PARITY_DisableTrapGeneration	16	static
xmc4_scu.c:577:6:XMC_SCU_INTERRUPT_EnableNmiRequest	16	static
xmc4_scu.c:583:6:XMC_SCU_INTERRUPT_DisableNmiRequest	16	static
xmc4_scu.c:589:6:XMC_SCU_RESET_AssertPeripheralReset	24	static
xmc4_scu.c:608:6:XMC_SCU_RESET_DeassertPeripheralReset	24	static
xmc4_scu.c:627:6:XMC_SCU_RESET_IsPeripheralResetAsserted	24	static
xmc4_scu.c:648:10:XMC_SCU_CLOCK_GetSystemPllClockFrequency	24	static
xmc4_scu.c:677:10:XMC_SCU_CLOCK_GetSystemPllClockSourceFrequency	16	static
xmc4_scu.c:697:10:XMC_SCU_CLOCK_GetUsbPllClockFrequency	24	static
xmc4_scu.c:714:10:XMC_SCU_CLOCK_GetCcuClockFrequency	16	static
xmc4_scu.c:726:10:XMC_SCU_CLOCK_GetUsbClockFrequency	16	static
xmc4_scu.c:753:10:XMC_SCU_CLOCK_GetEbuClockFrequency	16	static
xmc4_scu.c:766:10:XMC_SCU_CLOCK_GetWdtClockFrequency	16	static
xmc4_scu.c:798:10:XMC_SCU_CLOCK_GetExternalOutputClockFrequency	16	static
xmc4_scu.c:834:10:XMC_SCU_CLOCK_GetPeripheralClockFrequency	8	static
xmc4_scu.c:841:6:XMC_SCU_CLOCK_SetSystemClockSource	16	static
xmc4_scu.c:848:6:XMC_SCU_CLOCK_SetUsbClockSource	16	static
xmc4_scu.c:855:6:XMC_SCU_CLOCK_SetWdtClockSource	16	static
xmc4_scu.c:862:6:XMC_SCU_CLOCK_SetExternalOutputClockSource	16	static
xmc4_scu.c:869:6:XMC_SCU_CLOCK_SetSystemPllClockSource	16	static
xmc4_scu.c:883:6:XMC_SCU_HIB_SetRtcClockSource	16	static
xmc4_scu.c:895:6:XMC_SCU_HIB_SetStandbyClockSource	16	static
xmc4_scu.c:906:6:XMC_SCU_CLOCK_SetSystemClockDivider	16	static
xmc4_scu.c:916:6:XMC_SCU_CLOCK_SetCcuClockDivider	16	static
xmc4_scu.c:925:6:XMC_SCU_CLOCK_SetCpuClockDivider	16	static
xmc4_scu.c:934:6:XMC_SCU_CLOCK_SetPeripheralClockDivider	16	static
xmc4_scu.c:943:6:XMC_SCU_CLOCK_SetUsbClockDivider	16	static
xmc4_scu.c:954:6:XMC_SCU_CLOCK_SetEbuClockDivider	16	static
xmc4_scu.c:965:6:XMC_SCU_CLOCK_SetWdtClockDivider	16	static
xmc4_scu.c:975:6:XMC_SCU_CLOCK_SetExternalOutputClockDivider	16	static
xmc4_scu.c:985:6:XMC_SCU_CLOCK_EnableClock	16	static
xmc4_scu.c:991:6:XMC_SCU_CLOCK_DisableClock	16	static
xmc4_scu.c:997:6:XMC_SCU_CLOCK_IsClockEnabled	16	static
xmc4_scu.c:1036:6:XMC_SCU_CLOCK_EnableUsbPll	4	static
xmc4_scu.c:1041:6:XMC_SCU_CLOCK_DisableUsbPll	4	static
xmc4_scu.c:1047:6:XMC_SCU_CLOCK_StartUsbPll	16	static
xmc4_scu.c:1075:6:XMC_SCU_CLOCK_StopUsbPll	4	static
xmc4_scu.c:1081:6:XMC_SCU_CLOCK_SetBackupClockCalibrationMode	16	static
xmc4_scu.c:1100:6:XMC_SCU_POWER_EnableUsb	4	static
xmc4_scu.c:1109:6:XMC_SCU_POWER_DisableUsb	4	static
xmc4_scu.c:1117:6:XMC_SCU_CLOCK_IsUsbPllLocked	4	static
xmc4_scu.c:1123:6:XMC_SCU_HIB_EnableHibernateDomain	8	static
xmc4_scu.c:1145:6:XMC_SCU_HIB_DisableHibernateDomain	4	static
xmc4_scu.c:1153:6:XMC_SCU_HIB_IsHibernateDomainEnabled	4	static
xmc4_scu.c:1160:6:XMC_SCU_HIB_EnableInternalSlowClock	4	static
xmc4_scu.c:1170:6:XMC_SCU_HIB_DisableInternalSlowClock	4	static
xmc4_scu.c:1180:6:XMC_SCU_CLOCK_EnableLowPowerOscillator	8	static
xmc4_scu.c:1211:6:XMC_SCU_CLOCK_DisableLowPowerOscillator	4	static
xmc4_scu.c:1222:6:XMC_SCU_CLOCK_EnableHighPerformanceOscillator	16	static
xmc4_scu.c:1238:6:XMC_SCU_CLOCK_DisableHighPerformanceOscillator	4	static
xmc4_scu.c:1243:6:XMC_SCU_CLOCK_EnableSystemPll	4	static
xmc4_scu.c:1248:6:XMC_SCU_CLOCK_DisableSystemPll	4	static
xmc4_scu.c:1253:6:XMC_SCU_CLOCK_StartSystemPll	40	static
xmc4_scu.c:1341:6:XMC_SCU_CLOCK_StopSystemPll	4	static
xmc4_scu.c:1346:6:XMC_SCU_CLOCK_StepSystemPllFrequency	16	static
xmc4_scu.c:1354:6:XMC_SCU_CLOCK_IsSystemPllLocked	4	static
xmc4_scu.c:1362:18:XMC_SCU_INTERRUPT_SetEventHandler	24	static
xmc4_scu.c:1390:6:XMC_SCU_IRQHandler	32	static
