xmc4_flash.c:68:6:XMC_FLASH_lResetCommand	16	static
xmc4_flash.c:79:6:XMC_FLASH_lEnterPageModeCommand	16	static
xmc4_flash.c:90:6:XMC_FLASH_lLoadPageCommand	24	static
xmc4_flash.c:103:6:XMC_FLASH_lWritePageCommand	24	static
xmc4_flash.c:120:6:XMC_FLASH_lWriteUCBPageCommand	24	static
xmc4_flash.c:137:6:XMC_FLASH_lEraseSectorCommand	24	static
xmc4_flash.c:158:6:XMC_FLASH_lErasePhysicalSectorCommand	24	static
xmc4_flash.c:179:6:XMC_FLASH_lEraseUCBCommand	24	static
xmc4_flash.c:201:6:XMC_FLASH_lDisableSectorWriteProtectionCommand	32	static
xmc4_flash.c:223:6:XMC_FLASH_lDisableReadProtectionCommand	24	static
xmc4_flash.c:244:6:XMC_FLASH_lResumeProtectionCommand	16	static
xmc4_flash.c:255:6:XMC_FLASH_lClearStatusCommand	16	static
xmc4_flash.c:270:6:XMC_FLASH_ClearStatus	8	static
xmc4_flash.c:278:10:XMC_FLASH_GetStatus	4	static
xmc4_flash.c:286:6:XMC_FLASH_EnableEvent	16	static
xmc4_flash.c:294:6:XMC_FLASH_DisableEvent	16	static
xmc4_flash.c:302:6:XMC_FLASH_ProgramPage	24	static
xmc4_flash.c:320:6:XMC_FLASH_EraseSector	16	static
xmc4_flash.c:329:6:XMC_FLASH_InstallProtection	32	static
xmc4_flash.c:356:6:XMC_FLASH_ConfirmProtection	24	static
xmc4_flash.c:380:6:XMC_FLASH_VerifyReadProtection	16	static
xmc4_flash.c:393:6:XMC_FLASH_VerifyWriteProtection	32	static
