xmc_ccu4.h:1669:22:XMC_CCU4_SLICE_SetDitherCompareValue	16	static
xmc_ccu4.c:153:6:XMC_CCU4_EnableModule	16	static
xmc_ccu4.c:172:6:XMC_CCU4_DisableModule	16	static
xmc_ccu4.c:189:6:XMC_CCU4_Init	24	static
xmc_ccu4.c:207:6:XMC_CCU4_SetModuleClock	24	static
xmc_ccu4.c:222:6:XMC_CCU4_SetMultiChannelShadowTransferMode	24	static
xmc_ccu4.c:235:6:XMC_CCU4_SLICE_CompareInit	16	static
xmc_ccu4.c:257:6:XMC_CCU4_SLICE_CaptureInit	16	static
xmc_ccu4.c:276:6:XMC_CCU4_SLICE_StartConfig	24	static
xmc_ccu4.c:310:6:XMC_CCU4_SLICE_StopConfig	24	static
xmc_ccu4.c:337:6:XMC_CCU4_SLICE_LoadConfig	24	static
xmc_ccu4.c:353:6:XMC_CCU4_SLICE_ModulationConfig	24	static
xmc_ccu4.c:399:6:XMC_CCU4_SLICE_CountConfig	24	static
xmc_ccu4.c:415:6:XMC_CCU4_SLICE_GateConfig	24	static
xmc_ccu4.c:431:6:XMC_CCU4_SLICE_Capture0Config	24	static
xmc_ccu4.c:447:6:XMC_CCU4_SLICE_Capture1Config	24	static
xmc_ccu4.c:463:6:XMC_CCU4_SLICE_DirectionConfig	24	static
xmc_ccu4.c:479:6:XMC_CCU4_SLICE_StatusBitOverrideConfig	24	static
xmc_ccu4.c:496:6:XMC_CCU4_SLICE_TrapConfig	24	static
xmc_ccu4.c:539:6:XMC_CCU4_SLICE_ConfigureStatusBitOverrideEvent	32	static
xmc_ccu4.c:603:6:XMC_CCU4_SLICE_ConfigureEvent	32	static
xmc_ccu4.c:651:6:XMC_CCU4_SLICE_SetInput	24	static
xmc_ccu4.c:675:6:XMC_CCU4_SLICE_SetTimerRepeatMode	16	static
xmc_ccu4.c:693:6:XMC_CCU4_SLICE_SetTimerCountingMode	16	static
xmc_ccu4.c:710:10:XMC_CCU4_SLICE_GetCaptureRegisterValue	16	static
xmc_ccu4.c:718:19:XMC_CCU4_SLICE_GetLastCapturedTimerValue	32	static
xmc_ccu4.c:770:9:XMC_CCU4_GetCapturedValueFromFifo	24	static
xmc_ccu4.c:815:6:XMC_CCU4_SLICE_EnableDithering	24	static
xmc_ccu4.c:842:6:XMC_CCU4_SLICE_SetPrescaler	24	static
xmc_ccu4.c:860:6:XMC_CCU4_EnableShadowTransfer	16	static
xmc_ccu4.c:867:6:XMC_CCU4_SLICE_GetEvent	16	static
xmc_ccu4.c:876:6:XMC_CCU4_SLICE_SetInterruptNode	32	static
xmc_ccu4.c:926:6:XMC_CCU4_SLICE_SetPassiveLevel	24	static
xmc_ccu4.c:945:6:XMC_CCU4_lDeassertReset	16	static
xmc_ccu4.c:1018:6:XMC_CCU4_lAssertReset	16	static
