xmc_vadc.h:2344:22:XMC_VADC_GROUP_ExternalMuxControlInit	24	static
xmc_vadc.h:2427:22:XMC_VADC_GROUP_ScanEnableArbitrationSlot	16	static
xmc_vadc.h:2448:22:XMC_VADC_GROUP_ScanDisableArbitrationSlot	16	static
xmc_vadc.h:2867:22:XMC_VADC_GROUP_BackgroundEnableArbitrationSlot	16	static
xmc_vadc.h:2889:22:XMC_VADC_GROUP_BackgroundDisableArbitrationSlot	16	static
xmc_vadc.h:3315:22:XMC_VADC_GROUP_QueueEnableArbitrationSlot	16	static
xmc_vadc.h:3336:22:XMC_VADC_GROUP_QueueDisableArbitrationSlot	16	static
xmc_vadc.h:3505:22:XMC_VADC_GROUP_QueueFlushEntries	16	static
xmc_vadc.c:109:6:XMC_VADC_GLOBAL_EnableModule	8	static
xmc_vadc.c:134:6:XMC_VADC_GLOBAL_DisableModule	8	static
xmc_vadc.c:149:6:XMC_VADC_GLOBAL_Init	16	static
xmc_vadc.c:201:6:XMC_VADC_GLOBAL_InputClassInit	24	static
xmc_vadc.c:225:6:XMC_VADC_GLOBAL_StartupCalibration	24	static
xmc_vadc.c:261:6:XMC_VADC_GLOBAL_SetBoundaries	32	static
xmc_vadc.c:278:6:XMC_VADC_GLOBAL_SetCompareValue	16	static
xmc_vadc.c:287:25:XMC_VADC_GLOBAL_GetCompareResult	24	static
xmc_vadc.c:310:6:XMC_VADC_GLOBAL_BindGroupToEMux	32	static
xmc_vadc.c:337:6:XMC_VADC_GLOBAL_SetResultEventInterruptNode	24	static
xmc_vadc.c:358:6:XMC_VADC_GLOBAL_BackgroundSetReqSrcEventInterruptNode	24	static
xmc_vadc.c:379:6:XMC_VADC_GROUP_Init	16	static
xmc_vadc.c:399:6:XMC_VADC_GROUP_InputClassInit	56	static
xmc_vadc.c:449:6:XMC_VADC_GROUP_SetPowerMode	24	static
xmc_vadc.c:465:6:XMC_VADC_GROUP_SetSyncSlave	32	static
xmc_vadc.c:489:6:XMC_VADC_GROUP_SetSyncMaster	24	static
xmc_vadc.c:501:6:XMC_VADC_GROUP_CheckSlaveReadiness	32	static
xmc_vadc.c:544:6:XMC_VADC_GROUP_IgnoreSlaveReadiness	32	static
xmc_vadc.c:585:6:XMC_VADC_GROUP_EnableChannelSyncRequest	24	static
xmc_vadc.c:602:6:XMC_VADC_GROUP_DisableChannelSyncRequest	24	static
xmc_vadc.c:619:24:XMC_VADC_GROUP_IsConverterBusy	24	static
xmc_vadc.c:633:6:XMC_VADC_GROUP_SetBoundaries	32	static
xmc_vadc.c:649:6:XMC_VADC_GROUP_TriggerServiceRequest	32	static
xmc_vadc.c:943:6:XMC_VADC_GROUP_ScanInit	24	static
xmc_vadc.c:983:6:XMC_VADC_GROUP_ScanSelectTrigger	24	static
xmc_vadc.c:998:6:XMC_VADC_GROUP_ScanSelectTriggerEdge	24	static
xmc_vadc.c:1013:6:XMC_VADC_GROUP_ScanSelectGating	24	static
xmc_vadc.c:1028:6:XMC_VADC_GROUP_ScanSequenceAbort	24	static
xmc_vadc.c:1057:10:XMC_VADC_GROUP_ScanGetNumChannelsPending	32	static
xmc_vadc.c:1086:6:XMC_VADC_GROUP_ScanSetReqSrcEventInterruptNode	24	static
xmc_vadc.c:1102:6:XMC_VADC_GLOBAL_BackgroundInit	32	static
xmc_vadc.c:1164:6:XMC_VADC_GLOBAL_BackgroundSelectTrigger	24	static
xmc_vadc.c:1180:6:XMC_VADC_GLOBAL_BackgroundSelectTriggerEdge	24	static
xmc_vadc.c:1198:6:XMC_VADC_GLOBAL_BackgroundSelectGating	24	static
xmc_vadc.c:1213:6:XMC_VADC_GLOBAL_BackgroundAbortSequence	32	static
xmc_vadc.c:1256:10:XMC_VADC_GLOBAL_BackgroundGetNumChannelsPending	32	static
xmc_vadc.c:1291:6:XMC_VADC_GROUP_QueueInit	24	static
xmc_vadc.c:1332:6:XMC_VADC_GROUP_QueueSelectTrigger	24	static
xmc_vadc.c:1350:6:XMC_VADC_GROUP_QueueSelectTriggerEdge	24	static
xmc_vadc.c:1366:6:XMC_VADC_GROUP_QueueSelectGating	24	static
xmc_vadc.c:1382:10:XMC_VADC_GROUP_QueueGetLength	32	static
xmc_vadc.c:1411:6:XMC_VADC_GROUP_QueueAbortSequence	24	static
xmc_vadc.c:1440:6:XMC_VADC_GROUP_QueueRemoveChannel	32	static
xmc_vadc.c:1483:9:XMC_VADC_GROUP_QueueGetNextChannel	24	static
xmc_vadc.c:1511:9:XMC_VADC_GROUP_QueueGetInterruptedChannel	24	static
xmc_vadc.c:1531:6:XMC_VADC_GROUP_QueueSetReqSrcEventInterruptNode	24	static
xmc_vadc.c:1550:6:XMC_VADC_GROUP_ChannelInit	40	static
xmc_vadc.c:1598:6:XMC_VADC_GROUP_SetChannelAlias	40	static
xmc_vadc.c:1629:6:XMC_VADC_GROUP_ChannelIsResultOutOfBounds	32	static
xmc_vadc.c:1663:6:XMC_VADC_GROUP_ChannelSetInputReference	32	static
xmc_vadc.c:1680:6:XMC_VADC_GROUP_ChannelSetResultRegister	32	static
xmc_vadc.c:1700:9:XMC_VADC_GROUP_ChannelGetResultRegister	24	static
xmc_vadc.c:1714:6:XMC_VADC_GROUP_ChannelTriggerEvent	24	static
xmc_vadc.c:1727:6:XMC_VADC_GROUP_ChannelSetEventInterruptNode	32	static
xmc_vadc.c:1745:6:XMC_VADC_GROUP_ChannelTriggerEventGenCriteria	32	static
xmc_vadc.c:1764:7:XMC_VADC_GROUP_ChannelSetBoundarySelection	24	static
xmc_vadc.c:1778:6:XMC_VADC_GROUP_AddResultToFifo	24	static
xmc_vadc.c:1795:6:XMC_VADC_GROUP_SetResultFastCompareValue	32	static
xmc_vadc.c:1811:25:XMC_VADC_GROUP_GetFastCompareResult	24	static
xmc_vadc.c:1834:6:XMC_VADC_GROUP_SetResultInterruptNode	32	static
xmc_vadc.c:1861:10:XMC_VADC_GROUP_GetResultFifoTail	32	static
xmc_vadc.c:1917:10:XMC_VADC_GROUP_GetResultFifoHead	32	static
xmc_vadc.c:1951:6:XMC_VADC_GROUP_IsResultRegisterFifoHead	32	static
