xmc_usbd.c:167:9:XMC_USBD_lDeviceActive	24	static
xmc_usbd.c:192:13:XMC_USBD_lReadFifo	48	static
xmc_usbd.c:245:17:XMC_USBD_lWriteFifo	40	static
xmc_usbd.c:289:13:XMC_USBD_lFlushTXFifo	24	static
xmc_usbd.c:313:13:XMC_USBD_lFlushRXFifo	16	static
xmc_usbd.c:345:16:XMC_USBD_lAssignTXFifo	16	static
xmc_usbd.c:369:13:XMC_USBD_lUnassignFifo	16	static
xmc_usbd.c:385:13:XMC_USBD_lStartReadXfer	32	static
xmc_usbd.c:445:13:XMC_USBD_lStartWriteXfer	24	static
xmc_usbd.c:507:13:XMC_USBD_lHandleUSBReset	40	static
xmc_usbd.c:590:13:XMC_USBD_lHandleOTGInt	16	static
xmc_usbd.c:608:13:XMC_USBD_lHandleEnumDone	16	static
xmc_usbd.c:641:13:XMC_USBD_lHandleOEPInt	56	static
xmc_usbd.c:733:13:XMC_USBD_lHandleIEPInt	56	static
xmc_usbd.c:822:13:XMC_USBD_lHandleRxFLvl	16	static
xmc_usbd.c:853:6:XMC_USBD_IRQHandler	24	static
xmc_usbd.c:928:6:XMC_USBD_Enable	8	static
xmc_usbd.c:941:6:XMC_USBD_Disable	8	static
xmc_usbd.c:955:6:XMC_USBD_ClearEvent	24	static
xmc_usbd.c:997:13:XMC_USBD_lClearEventOTG	24	static
xmc_usbd.c:1007:6:XMC_USBD_ClearEventINEP	24	static
xmc_usbd.c:1017:6:XMC_USBD_ClearEventOUTEP	24	static
xmc_usbd.c:1027:6:XMC_USBD_EnableEventOUTEP	24	static
xmc_usbd.c:1037:6:XMC_USBD_EnableEventINEP	24	static
xmc_usbd.c:1047:25:XMC_USBD_GetCapabilities	16	static
xmc_usbd.c:1071:19:XMC_USBD_Init	48	static
xmc_usbd.c:1188:19:XMC_USBD_Uninitialize	16	static
xmc_usbd.c:1203:19:XMC_USBD_DeviceConnect	16	static
xmc_usbd.c:1216:19:XMC_USBD_DeviceDisconnect	16	static
xmc_usbd.c:1228:18:XMC_USBD_DeviceGetState	24	static
xmc_usbd.c:1241:19:XMC_USBD_EndpointReadStart	24	static
xmc_usbd.c:1272:9:XMC_USBD_EndpointRead	32	static
xmc_usbd.c:1295:9:XMC_USBD_EndpointWrite	32	static
xmc_usbd.c:1331:19:XMC_USBD_DeviceSetAddress	24	static
xmc_usbd.c:1346:19:XMC_USBD_EndpointStall	24	static
xmc_usbd.c:1393:19:XMC_USBD_EndpointAbort	24	static
xmc_usbd.c:1416:19:XMC_USBD_EndpointConfigure	32	static
xmc_usbd.c:1535:19:XMC_USBD_EndpointUnconfigure	40	static
xmc_usbd.c:1588:10:XMC_USBD_GetFrameNumber	16	static
xmc_usbd.c:1602:10:XMC_USBD_IsEnumDone	4	static
