xmc_can.h:642:22:XMC_CAN_PanelControl	16	static
xmc_can.h:1123:22:XMC_CAN_NODE_EnableConfigurationChange	16	static
xmc_can.h:1143:22:XMC_CAN_NODE_DisableConfigurationChange	16	static
xmc_can.c:61:26:max	16	static
xmc_can.c:66:26:min	16	static
xmc_can.c:76:6:XMC_CAN_NODE_NominalBitTimeConfigure	72	static
xmc_can.c:199:6:XMC_CAN_AllocateMOtoNodeList	16	static
xmc_can.c:211:6:XMC_CAN_Disable	16	static
xmc_can.c:220:6:XMC_CAN_Enable	16	static
xmc_can.c:237:6:XMC_CAN_Init	56	static
xmc_can.c:277:6:XMC_CAN_MO_SetIdentifier	16	static
xmc_can.c:294:10:XMC_CAN_MO_GetIdentifier	24	static
xmc_can.c:309:10:XMC_CAN_MO_GetAcceptanceMask	24	static
xmc_can.c:325:6:XMC_CAN_MO_SetAcceptanceMask	16	static
xmc_can.c:343:6:XMC_CAN_MO_Config	24	static
xmc_can.c:399:18:XMC_CAN_MO_UpdateData	24	static
xmc_can.c:424:18:XMC_CAN_MO_Transmit	32	static
xmc_can.c:449:18:XMC_CAN_MO_ReceiveData	32	static
xmc_can.c:485:18:XMC_CAN_MO_Receive	32	static
xmc_can.c:545:6:XMC_CAN_NODE_EnableEvent	16	static
xmc_can.c:558:6:XMC_CAN_NODE_DisableEvent	16	static
xmc_can.c:570:18:XMC_CAN_TXFIFO_Transmit	40	static
xmc_can.c:596:6:XMC_CAN_TXFIFO_ConfigMOBaseObject	16	static
xmc_can.c:608:6:XMC_CAN_RXFIFO_ConfigMOBaseObject	16	static
xmc_can.c:621:6:XMC_CAN_TXFIFO_ConfigMOSlaveObject	16	static
xmc_can.c:633:6:XMC_CAN_GATEWAY_InitSourceObject	24	static
