xmc_eth_mac.h:392:22:XMC_ETH_MAC_Reset	16	static
xmc_eth_mac.h:474:22:XMC_ETH_MAC_SetAddress	24	static
xmc4_scu.h:1944:26:XMC_SCU_CLOCK_GetSystemClockFrequency	4	static
xmc4_scu.h:1990:26:XMC_SCU_CLOCK_GetEthernetClockFrequency	8	static
xmc_eth_mac.c:171:22:XCM_ETH_MAC_IsNormalEvent	16	static
xmc_eth_mac.c:180:22:XCM_ETH_MAC_IsAbnormalEvent	16	static
xmc_eth_mac.c:204:22:XMC_ETH_MAC_Init	32	static
xmc_eth_mac.c:242:6:XMC_ETH_MAC_InitRxDescriptors	24	static
xmc_eth_mac.c:270:6:XMC_ETH_MAC_InitTxDescriptors	24	static
xmc_eth_mac.c:294:6:XMC_ETH_MAC_SetAddressPerfectFilter	32	static
xmc_eth_mac.c:310:6:XMC_ETH_MAC_SetAddressHashFilter	24	static
xmc_eth_mac.c:317:22:XMC_ETH_MAC_SendFrame	40	static
xmc_eth_mac.c:392:10:XMC_ETH_MAC_ReadFrame	32	static
xmc_eth_mac.c:425:10:XMC_ETH_MAC_GetRxFrameSize	24	static
xmc_eth_mac.c:452:22:XMC_ETH_MAC_SetManagmentClockDivider	32	static
xmc_eth_mac.c:495:6:XMC_ETH_MAC_Enable	16	static
xmc_eth_mac.c:502:6:XMC_ETH_MAC_Disable	16	static
xmc_eth_mac.c:509:22:XMC_ETH_MAC_ReadPhy	32	static
xmc_eth_mac.c:536:22:XMC_ETH_MAC_WritePhy	24	static
xmc_eth_mac.c:562:6:XMC_ETH_MAC_FlushTx	16	static
xmc_eth_mac.c:570:6:XMC_ETH_MAC_FlushRx	16	static
xmc_eth_mac.c:578:6:XMC_ETH_MAC_SetWakeUpFrameFilter	24	static
xmc_eth_mac.c:592:6:XMC_ETH_MAC_EnableEvent	16	static
xmc_eth_mac.c:613:6:XMC_ETH_MAC_DisableEvent	16	static
xmc_eth_mac.c:624:6:XMC_ETH_MAC_ClearEventStatus	16	static
xmc_eth_mac.c:642:10:XMC_ETH_MAC_GetEventStatus	24	static
xmc_eth_mac.c:654:6:XMC_ETH_MAC_ReturnRxDescriptor	16	static
xmc_eth_mac.c:660:6:XMC_ETH_MAC_ReturnTxDescriptor	16	static
xmc_eth_mac.c:666:6:XMC_ETH_MAC_IsTxDescriptorOwnedByDma	16	static
xmc_eth_mac.c:672:6:XMC_ETH_MAC_SetVLANTag	16	static
xmc_eth_mac.c:680:6:XMC_ETH_MAC_InitPTP	24	static
xmc_eth_mac.c:711:6:XMC_ETH_MAC_GetPTPTime	16	static
xmc_eth_mac.c:720:6:XMC_ETH_MAC_UpdatePTPTime	24	static
xmc_eth_mac.c:739:6:XMC_ETH_MAC_SetPTPAlarm	24	static
xmc_eth_mac.c:748:6:XMC_ETH_MAC_AdjustPTPClock	24	static
xmc_eth_mac.c:760:10:XMC_ETH_MAC_GetPTPStatus	16	static
xmc_eth_mac.c:768:22:XMC_ETH_MAC_GetRxTimeStamp	24	static
xmc_eth_mac.c:793:22:XMC_ETH_MAC_GetTxTimeStamp	24	static
