xmc_dma.h:525:26:XMC_DMA_GetEventStatus	16	static
xmc_dma.h:540:26:XMC_DMA_GetChannelsTransferCompleteStatus	16	static
xmc_dma.h:555:26:XMC_DMA_GetChannelsBlockCompleteStatus	16	static
xmc_dma.h:574:26:XMC_DMA_GetChannelsSourceTransactionCompleteStatus	16	static
xmc_dma.h:593:26:XMC_DMA_GetChannelsDestinationTransactionCompleteStatus	16	static
xmc_dma.h:608:26:XMC_DMA_GetChannelsErrorStatus	16	static
xmc_dma.c:101:6:XMC_DMA_Init	16	static
xmc_dma.c:107:6:XMC_DMA_Enable	16	static
xmc_dma.c:132:6:XMC_DMA_Disable	16	static
xmc_dma.c:157:6:XMC_DMA_IsEnabled	24	static
xmc_dma.c:190:6:XMC_DMA_EnableRequestLine	16	static
xmc_dma.c:210:6:XMC_DMA_DisableRequestLine	16	static
xmc_dma.c:226:6:XMC_DMA_ClearRequestLine	16	static
xmc_dma.c:245:6:XMC_DMA_GetOverrunStatus	24	static
xmc_dma.c:266:6:XMC_DMA_ClearOverrunStatus	16	static
xmc_dma.c:283:6:XMC_DMA_CH_Enable	16	static
xmc_dma.c:289:6:XMC_DMA_CH_Disable	16	static
xmc_dma.c:299:6:XMC_DMA_CH_IsEnabled	16	static
xmc_dma.c:305:21:XMC_DMA_CH_Init	32	static
xmc_dma.c:452:6:XMC_DMA_CH_Suspend	16	static
xmc_dma.c:458:6:XMC_DMA_CH_Resume	16	static
xmc_dma.c:464:6:XMC_DMA_CH_IsSuspended	16	static
xmc_dma.c:470:6:XMC_DMA_CH_EnableEvent	32	static
xmc_dma.c:484:6:XMC_DMA_CH_DisableEvent	32	static
xmc_dma.c:498:6:XMC_DMA_CH_ClearEventStatus	32	static
xmc_dma.c:513:10:XMC_DMA_CH_GetEventStatus	24	static
xmc_dma.c:528:6:XMC_DMA_CH_EnableSourceGather	24	static
xmc_dma.c:535:6:XMC_DMA_CH_DisableSourceGather	16	static
xmc_dma.c:541:6:XMC_DMA_CH_EnableDestinationScatter	24	static
xmc_dma.c:548:6:XMC_DMA_CH_DisableDestinationScatter	16	static
xmc_dma.c:554:6:XMC_DMA_CH_TriggerSourceRequest	16	static
xmc_dma.c:570:6:XMC_DMA_CH_TriggerDestinationRequest	16	static
xmc_dma.c:586:6:XMC_DMA_CH_EnableSourceAddressReload	16	static
xmc_dma.c:592:6:XMC_DMA_CH_DisableSourceAddressReload	16	static
xmc_dma.c:598:6:XMC_DMA_CH_EnableDestinationAddressReload	16	static
xmc_dma.c:604:6:XMC_DMA_CH_DisableDestinationAddressReload	16	static
xmc_dma.c:610:6:XMC_DMA_CH_RequestLastMultiblockTransfer	16	static
xmc_dma.c:616:6:XMC_DMA_CH_SetEventHandler	24	static
xmc_dma.c:632:6:XMC_DMA_CH_ClearSourcePeripheralRequest	24	static
xmc_dma.c:640:6:XMC_DMA_CH_ClearDestinationPeripheralRequest	24	static
xmc_dma.c:649:6:XMC_DMA_IRQHandler	40	static
