core_cm4.h:1455:26:NVIC_GetPriorityGrouping	4	static
core_cm4.h:1467:22:NVIC_EnableIRQ	16	static
core_cm4.h:1480:22:NVIC_DisableIRQ	16	static
core_cm4.h:1520:22:NVIC_ClearPendingIRQ	16	static
core_cm4.h:1550:22:NVIC_SetPriority	16	static
core_cm4.h:1592:26:NVIC_EncodePriority	40	static
usbd.c:176:15:USBD_Init	24	static
usbd.c:248:15:USBD_Connect	8	static
usbd.c:260:15:USBD_Disconnect	8	static
usbd.c:271:10:USBD_IsEnumDone	8	static
usbd.c:283:6:USBD_SetEndpointBuffer	24	static
usbd.c:307:6:USB0_0_IRQHandler	8	static
usbd.c:315:20:USBD_GetAppVersion	16	static
usbd.c:335:13:USB_EnableUSBInterrupt	8	static
usbd.c:348:13:USB_DisableUSBInterrupt	8	static
usbd.c:361:13:USBD_HandleEP0_Stall	8	static
usbd.c:384:13:USBD_Handle_DeviceRequest	40	static
usbd.c:618:13:USBD_HandleEP0_IN	8	static
usbd.c:643:13:USBD_HandleEP0_OUT	8	static
usbd.c:670:13:USBD_HandleEP0_SETUP	16	static
usbd.c:710:13:USBD_SignalDeviceEventHandler	24	static
usbd.c:795:13:USBD_SignalEndpointEvent_Handler	32	static
