core_cm4.h:1467:22:NVIC_EnableIRQ	16	static
core_cm4.h:1480:22:NVIC_DisableIRQ	16	static
usbd_endpoint_xmc4000.h:140:20:Endpoint_SelectEndpoint	16	static
usbd_olb.c:226:1:USBD_VCOM_GetAppVersion	16	static
usbd_olb.c:239:1:USBD_VCOM_Init	24	static
usbd_olb.c:289:1:USBD_VCOM_IsEnumDone	8	static
usbd_olb.c:297:1:USBD_VCOM_SendByte	24	static
usbd_olb.c:316:1:USBD_VCOM_SendData	24	static
usbd_olb.c:340:1:USBD_VCOM_SendString	24	static
usbd_olb.c:364:1:USBD_VCOM_ReceiveByte	24	static
usbd_olb.c:387:1:USBD_VCOM_ReceiveData	24	static
usbd_olb.c:413:1:USBD_VCOM_GetLineEncoding	24	static
usbd_olb.c:434:1:USBD_VCOM_BytesReceived	16	static
usbd_olb.c:451:1:USBD_VCOM_Register_USBEvent_CB	24	static
usbd_olb.c:478:1:USBD_VCOM_Event_ConfigurationChanged	8	static
usbd_olb.c:496:1:USBD_VCOM_Event_ControlRequest	8	static
usbd_olb.c:503:1:USBD_VCOM_Event_Reset	8	static
usbd_olb.c:520:1:USBD_VCOM_CDCClass_Event_LineEncodingChanged	16	static
usbd_olb.c:535:1:USBD_VCOM_CDCClass_Event_ControlLineStateChanged	16	static
usbd_olb.c:547:1:USBD_VCOM_CDCClass_Event_BreakSent	16	static
usbd_olb.c:560:1:USBD_VCOM_Connect	8	static
usbd_olb.c:567:1:USBD_VCOM_Disconnect	8	static
