Archive member included to satisfy reference by file (symbol)

/home/tommi/Bin/gcc-arm-none-eabi-7-2017-q4-major/bin/../lib/gcc/arm-none-eabi/7.2.1/thumb/v7e-m/libgcc.a(_arm_addsubsf3.o)
                              ../XMCLIB/src/xmc_eth_mac.o (__aeabi_ui2f)
/home/tommi/Bin/gcc-arm-none-eabi-7-2017-q4-major/bin/../lib/gcc/arm-none-eabi/7.2.1/thumb/v7e-m/libgcc.a(_arm_muldivsf3.o)
                              ../XMCLIB/src/xmc_eth_mac.o (__aeabi_fmul)
/home/tommi/Bin/gcc-arm-none-eabi-7-2017-q4-major/bin/../lib/gcc/arm-none-eabi/7.2.1/thumb/v7e-m/libgcc.a(_arm_fixunssfsi.o)
                              ../XMCLIB/src/xmc_eth_mac.o (__aeabi_f2uiz)
/home/tommi/Bin/gcc-arm-none-eabi-7-2017-q4-major/bin/../lib/gcc/arm-none-eabi/7.2.1/thumb/v7e-m/libgcc.a(_aeabi_uldivmod.o)
                              ./BSP/cpu_bsp.o (__aeabi_uldivmod)
/home/tommi/Bin/gcc-arm-none-eabi-7-2017-q4-major/bin/../lib/gcc/arm-none-eabi/7.2.1/thumb/v7e-m/libgcc.a(_udivmoddi4.o)
                              /home/tommi/Bin/gcc-arm-none-eabi-7-2017-q4-major/bin/../lib/gcc/arm-none-eabi/7.2.1/thumb/v7e-m/libgcc.a(_aeabi_uldivmod.o) (__udivmoddi4)
/home/tommi/Bin/gcc-arm-none-eabi-7-2017-q4-major/bin/../lib/gcc/arm-none-eabi/7.2.1/thumb/v7e-m/libgcc.a(_dvmd_tls.o)
                              /home/tommi/Bin/gcc-arm-none-eabi-7-2017-q4-major/bin/../lib/gcc/arm-none-eabi/7.2.1/thumb/v7e-m/libgcc.a(_aeabi_uldivmod.o) (__aeabi_ldiv0)
/home/tommi/Bin/gcc-arm-none-eabi-7-2017-q4-major/bin/../lib/gcc/arm-none-eabi/7.2.1/../../../../arm-none-eabi/lib/thumb/v7e-m/libg.a(lib_a-errno.o)
                              app.o (__errno)
/home/tommi/Bin/gcc-arm-none-eabi-7-2017-q4-major/bin/../lib/gcc/arm-none-eabi/7.2.1/../../../../arm-none-eabi/lib/thumb/v7e-m/libg.a(lib_a-impure.o)
                              /home/tommi/Bin/gcc-arm-none-eabi-7-2017-q4-major/bin/../lib/gcc/arm-none-eabi/7.2.1/../../../../arm-none-eabi/lib/thumb/v7e-m/libg.a(lib_a-errno.o) (_impure_ptr)
/home/tommi/Bin/gcc-arm-none-eabi-7-2017-q4-major/bin/../lib/gcc/arm-none-eabi/7.2.1/../../../../arm-none-eabi/lib/thumb/v7e-m/libg.a(lib_a-init.o)
                              ./BSP/startup.o (__libc_init_array)
/home/tommi/Bin/gcc-arm-none-eabi-7-2017-q4-major/bin/../lib/gcc/arm-none-eabi/7.2.1/../../../../arm-none-eabi/lib/thumb/v7e-m/libg.a(lib_a-memcpy.o)
                              app.o (memcpy)
/home/tommi/Bin/gcc-arm-none-eabi-7-2017-q4-major/bin/../lib/gcc/arm-none-eabi/7.2.1/../../../../arm-none-eabi/lib/thumb/v7e-m/libg.a(lib_a-memset.o)
                              app.o (memset)
/home/tommi/Bin/gcc-arm-none-eabi-7-2017-q4-major/bin/../lib/gcc/arm-none-eabi/7.2.1/../../../../arm-none-eabi/lib/thumb/v7e-m/libg.a(lib_a-printf.o)
                              app.o (printf)
/home/tommi/Bin/gcc-arm-none-eabi-7-2017-q4-major/bin/../lib/gcc/arm-none-eabi/7.2.1/../../../../arm-none-eabi/lib/thumb/v7e-m/libg.a(lib_a-puts.o)
                              app.o (puts)
/home/tommi/Bin/gcc-arm-none-eabi-7-2017-q4-major/bin/../lib/gcc/arm-none-eabi/7.2.1/../../../../arm-none-eabi/lib/thumb/v7e-m/libg.a(lib_a-sprintf.o)
                              app.o (sprintf)
/home/tommi/Bin/gcc-arm-none-eabi-7-2017-q4-major/bin/../lib/gcc/arm-none-eabi/7.2.1/../../../../arm-none-eabi/lib/thumb/v7e-m/libg.a(lib_a-strlen.o)
                              ../XMCLIB/src/USB/olb_class_device.o (strlen)
/home/tommi/Bin/gcc-arm-none-eabi-7-2017-q4-major/bin/../lib/gcc/arm-none-eabi/7.2.1/../../../../arm-none-eabi/lib/thumb/v7e-m/libg.a(lib_a-strncmp.o)
                              app.o (strncmp)
/home/tommi/Bin/gcc-arm-none-eabi-7-2017-q4-major/bin/../lib/gcc/arm-none-eabi/7.2.1/../../../../arm-none-eabi/lib/thumb/v7e-m/libg.a(lib_a-strtok.o)
                              app.o (strtok)
/home/tommi/Bin/gcc-arm-none-eabi-7-2017-q4-major/bin/../lib/gcc/arm-none-eabi/7.2.1/../../../../arm-none-eabi/lib/thumb/v7e-m/libg.a(lib_a-strtok_r.o)
                              /home/tommi/Bin/gcc-arm-none-eabi-7-2017-q4-major/bin/../lib/gcc/arm-none-eabi/7.2.1/../../../../arm-none-eabi/lib/thumb/v7e-m/libg.a(lib_a-strtok.o) (__strtok_r)
/home/tommi/Bin/gcc-arm-none-eabi-7-2017-q4-major/bin/../lib/gcc/arm-none-eabi/7.2.1/../../../../arm-none-eabi/lib/thumb/v7e-m/libg.a(lib_a-strtol.o)
                              app.o (strtol)
/home/tommi/Bin/gcc-arm-none-eabi-7-2017-q4-major/bin/../lib/gcc/arm-none-eabi/7.2.1/../../../../arm-none-eabi/lib/thumb/v7e-m/libg.a(lib_a-svfprintf.o)
                              /home/tommi/Bin/gcc-arm-none-eabi-7-2017-q4-major/bin/../lib/gcc/arm-none-eabi/7.2.1/../../../../arm-none-eabi/lib/thumb/v7e-m/libg.a(lib_a-sprintf.o) (_svfprintf_r)
/home/tommi/Bin/gcc-arm-none-eabi-7-2017-q4-major/bin/../lib/gcc/arm-none-eabi/7.2.1/../../../../arm-none-eabi/lib/thumb/v7e-m/libg.a(lib_a-vfprintf.o)
[...]
Memory Configuration

Name             Origin             Length             Attributes
FLASH1_cached    0x0000000008000000 0x0000000000100000 xr
FLASH1_uncached  0x000000000c000000 0x0000000000100000 xr
PSRAM1           0x0000000010000000 0x0000000000010000 xrw
DSRAM1_system    0x0000000020000000 0x0000000000010000 xrw
DSRAM2_comm      0x0000000030000000 0x0000000000008000 xrw
MEMORY_B1        0x0000000060000000 0x0000000000000000 xr
*default*        0x0000000000000000 0xffffffffffffffff

Linker script and memory map

LOAD os_app_hooks.o
LOAD app.o
LOAD ../UCOS3/uC-CPU/cpu_core.o
LOAD ../UCOS3/uC-CPU/ARM-Cortex-M4/GNU/cpu_c.o
LOAD ../UCOS3/uC-LIB/lib_str.o
LOAD ../UCOS3/uC-LIB/lib_math.o
LOAD ../UCOS3/uC-LIB/lib_ascii.o
LOAD ../UCOS3/uC-LIB/lib_mem.o
LOAD ../UCOS3/uCOS-III/Source/os_tmr.o
LOAD ../UCOS3/uCOS-III/Source/os_mem.o
LOAD ../UCOS3/uCOS-III/Source/os_pend_multi.o
LOAD ../UCOS3/uCOS-III/Source/os_var.o
LOAD ../UCOS3/uCOS-III/Source/os_int.o
LOAD ../UCOS3/uCOS-III/Source/os_dbg.o
LOAD ../UCOS3/uCOS-III/Source/os_mutex.o
LOAD ../UCOS3/uCOS-III/Source/os_sem.o
LOAD ../UCOS3/uCOS-III/Source/os_cfg_app.o
LOAD ../UCOS3/uCOS-III/Source/os_tick.o
LOAD ../UCOS3/uCOS-III/Source/os_time.o
LOAD ../UCOS3/uCOS-III/Source/os_prio.o
LOAD ../UCOS3/uCOS-III/Source/os_stat.o
LOAD ../UCOS3/uCOS-III/Source/os_flag.o
LOAD ../UCOS3/uCOS-III/Source/os_core.o
LOAD ../UCOS3/uCOS-III/Source/os_msg.o
LOAD ../UCOS3/uCOS-III/Source/os_task.o
LOAD ../UCOS3/uCOS-III/Source/os_q.o
LOAD ../UCOS3/uCOS-III/Ports/ARM-Cortex-M4/Generic/GNU/os_cpu_c.o
LOAD ./BSP/mcp23s08_drv.o
LOAD ./BSP/cpu_bsp.o
LOAD ./BSP/bsp_sys.o
LOAD ./BSP/bsp_ccu8.o
LOAD ./BSP/bsp_uart.o
LOAD ./BSP/mcp3004_drv.o
LOAD ./BSP/RTT_Syscalls_GCC.o
LOAD ./BSP/xmc4500_spi_lib.o
LOAD ./BSP/bsp.o
LOAD ./BSP/debug_lib.o
LOAD ./BSP/bsp_int.o
LOAD ./BSP/bsp_ccu4.o
LOAD ./BSP/bsp_dac.o
LOAD ./BSP/SEGGER_RTT.o
LOAD ./BSP/SEGGER_RTT_printf.o
LOAD ../CMSIS/CMSIS/Infineon/Lib/System_LibcStubs.o
LOAD ../CMSIS/CMSIS/Infineon/XMC4500_series/Source/System_XMC4500.o
LOAD ../XMCLIB/src/xmc_dac.o
LOAD ../XMCLIB/src/xmc4_rtc.o
LOAD ../XMCLIB/src/xmc_sdmmc.o
LOAD ../XMCLIB/src/xmc_dsd.o
LOAD ../XMCLIB/src/xmc_rtc.o
LOAD ../XMCLIB/src/xmc_acmp.o
LOAD ../XMCLIB/src/xmc_posif.o
LOAD ../XMCLIB/src/xmc_eth_mac.o
LOAD ../XMCLIB/src/xmc_bccu.o
LOAD ../XMCLIB/src/xmc_gpio.o
LOAD ../XMCLIB/src/xmc4_eru.o
LOAD ../XMCLIB/src/xmc_vadc.o
LOAD ../XMCLIB/src/xmc_eru.o
LOAD ../XMCLIB/src/xmc_ccu4.o
LOAD ../XMCLIB/src/xmc_ebu.o
LOAD ../XMCLIB/src/xmc_ledts.o
LOAD ../XMCLIB/src/xmc4_flash.o
LOAD ../XMCLIB/src/xmc_hrpwm.o
LOAD ../XMCLIB/src/xmc_i2c.o
LOAD ../XMCLIB/src/xmc4_gpio.o
LOAD ../XMCLIB/src/xmc_usbd.o
LOAD ../XMCLIB/src/xmc_ccu8.o
LOAD ../XMCLIB/src/xmc_uart.o
LOAD ../XMCLIB/src/xmc_spi.o
LOAD ../XMCLIB/src/xmc_pau.o
LOAD ../XMCLIB/src/xmc_fce.o
LOAD ../XMCLIB/src/xmc_wdt.o
LOAD ../XMCLIB/src/xmc4_scu.o
LOAD ../XMCLIB/src/xmc_prng.o
LOAD ../XMCLIB/src/xmc4_usic.o
LOAD ../XMCLIB/src/xmc_common.o
LOAD ../XMCLIB/src/xmc_can.o
LOAD ../XMCLIB/src/xmc_math.o
LOAD ../XMCLIB/src/xmc_usic.o
LOAD ../XMCLIB/src/xmc_dma.o
LOAD ../XMCLIB/src/USB/usbd_endpoint_xmc4000.o
LOAD ../XMCLIB/src/USB/usbd.o
LOAD ../XMCLIB/src/USB/clock_xmc4.o
LOAD ../XMCLIB/src/USB/usbd_conf.o
LOAD ../XMCLIB/src/USB/clock_xmc4_conf.o
LOAD ../XMCLIB/src/USB/descriptors.o
LOAD ../XMCLIB/src/USB/olb_class_device.o
LOAD ../XMCLIB/src/USB/cpu_ctrl_xmc4_conf.o
LOAD ../XMCLIB/src/USB/usb_task.o
LOAD ../XMCLIB/src/USB/usbd_endpoint_stream_xmc4000.o
LOAD ../XMCLIB/src/USB/usbd_olb.o
LOAD ../XMCLIB/src/USB/usbd_olb_conf.o
LOAD ../XMCLIB/src/USB/cpu_ctrl_xmc4.o
LOAD ./BSP/startup.o
LOAD ../UCOS3/uCOS-III/Ports/ARM-Cortex-M4/Generic/GNU/os_cpu_a.o
LOAD ../UCOS3/uC-CPU/ARM-Cortex-M4/GNU/cpu_a.o
LOAD ../UCOS3/uC-LIB/Ports/ARM-Cortex-M4/GNU/lib_mem_a.o
LOAD ../CMSIS/CMSIS/Infineon/XMC4500_series/Source/GCC/startup_XMC4500.o
LOAD ../CMSIS/CMSIS/Lib/GCC/libarm_cortexM4_mathL_2.a
LOAD ../CMSIS/CMSIS/Infineon/Lib/libxmclibcstubs.a
LOAD /home/tommi/Bin/gcc-arm-none-eabi-7-2017-q4-major/bin/../lib/gcc/arm-none-eabi/7.2.1/../../../../arm-none-eabi/lib/thumb/v7e-m/libm.a
START GROUP
LOAD /home/tommi/Bin/gcc-arm-none-eabi-7-2017-q4-major/bin/../lib/gcc/arm-none-eabi/7.2.1/thumb/v7e-m/libgcc.a
LOAD /home/tommi/Bin/gcc-arm-none-eabi-7-2017-q4-major/bin/../lib/gcc/arm-none-eabi/7.2.1/../../../../arm-none-eabi/lib/thumb/v7e-m/libg.a
LOAD /home/tommi/Bin/gcc-arm-none-eabi-7-2017-q4-major/bin/../lib/gcc/arm-none-eabi/7.2.1/../../../../arm-none-eabi/lib/thumb/v7e-m/libc.a
END GROUP
                0x0000000020010000                _estack = 0x20010000
                0x0000000000000000                _Min_Heap_Size = 0x0
                0x0000000000000200                _Min_Stack_Size = 0x200

.isr_vector     0x0000000008000000      0x200
                0x0000000008000000                . = ALIGN (0x4)
                0x0000000008000000                _isr_vector = .
 *(.isr_vector)
 .isr_vector    0x0000000008000000      0x200 ./BSP/startup.o
                0x0000000008000000                g_pfnVectors
                0x0000000008000200                . = ALIGN (0x4)

.text           0x0000000008000200     0xe1c0
                0x0000000008000200                . = ALIGN (0x4)
 *(.text)
 .text          0x0000000008000200       0xd8 ../UCOS3/uCOS-III/Ports/ARM-Cortex-M4/Generic/GNU/os_cpu_a.o
                0x0000000008000200                OSStartHighRdy
                0x0000000008000270                OSCtxSw
                0x000000000800027a                OSIntCtxSw
                0x0000000008000284                OS_CPU_PendSVHandler
 .text          0x00000000080002d8       0x34 ../UCOS3/uC-CPU/ARM-Cortex-M4/GNU/cpu_a.o
                0x00000000080002d8                CPU_IntDis
                0x00000000080002dc                CPU_IntEn
                0x00000000080002e0                CPU_SR_Save
                0x00000000080002e8                CPU_SR_Restore
                0x00000000080002ee                CPU_WaitForInt
                0x00000000080002f2                CPU_WaitForExcept
                0x00000000080002f6                CPU_CntLeadZeros
                0x00000000080002fc                CPU_CntTrailZeros
                0x0000000008000306                CPU_RevBits
 .text          0x000000000800030c       0x30 /home/tommi/Bin/gcc-arm-none-eabi-7-2017-q4-major/bin/../lib/gcc/arm-none-eabi/7.2.1/thumb/v7e-m/libgcc.a(_aeabi_uldivmod.o)
                0x000000000800030c                __aeabi_uldivmod
 .text          0x000000000800033c      0x2cc /home/tommi/Bin/gcc-arm-none-eabi-7-2017-q4-major/bin/../lib/gcc/arm-none-eabi/7.2.1/thumb/v7e-m/libgcc.a(_udivmoddi4.o)
                0x000000000800033c                __udivmoddi4
 .text          0x0000000008000608        0x4 /home/tommi/Bin/gcc-arm-none-eabi-7-2017-q4-major/bin/../lib/gcc/arm-none-eabi/7.2.1/thumb/v7e-m/libgcc.a(_dvmd_tls.o)
                0x0000000008000608                __aeabi_ldiv0
                0x0000000008000608                __aeabi_idiv0
 .text          0x000000000800060c      0x134 /home/tommi/Bin/gcc-arm-none-eabi-7-2017-q4-major/bin/../lib/gcc/arm-none-eabi/7.2.1/../../../../arm-none-eabi/lib/thumb/v7e-m/libg.a(lib_a-memcpy.o)
                0x000000000800060c                memcpy
 .text          0x0000000008000740       0xdc /home/tommi/Bin/gcc-arm-none-eabi-7-2017-q4-major/bin/../lib/gcc/arm-none-eabi/7.2.1/../../../../arm-none-eabi/lib/thumb/v7e-m/libg.a(lib_a-strlen.o)
                0x0000000008000740                strlen
 *fill*         0x000000000800081c        0x4 
 .text          0x0000000008000820       0xa0 /home/tommi/Bin/gcc-arm-none-eabi-7-2017-q4-major/bin/../lib/gcc/arm-none-eabi/7.2.1/../../../../arm-none-eabi/lib/thumb/v7e-m/libg.a(lib_a-memchr.o)
                0x0000000008000820                memchr
 .text          0x00000000080008c0      0x378 /home/tommi/Bin/gcc-arm-none-eabi-7-2017-q4-major/bin/../lib/gcc/arm-none-eabi/7.2.1/thumb/v7e-m/libgcc.a(_arm_addsubdf3.o)
                0x00000000080008c0                __aeabi_drsub
                0x00000000080008c8                __aeabi_dsub
                0x00000000080008c8                __subdf3
                0x00000000080008cc                __adddf3
                0x00000000080008cc                __aeabi_dadd
                0x0000000008000b44                __aeabi_ui2d
                0x0000000008000b44                __floatunsidf
                0x0000000008000b64                __floatsidf
                0x0000000008000b64                __aeabi_i2d
                0x0000000008000b88                __extendsfdf2
                0x0000000008000b88                __aeabi_f2d
                0x0000000008000bcc                __aeabi_ul2d
                0x0000000008000bcc                __floatundidf
                0x0000000008000bdc                __floatdidf
                0x0000000008000bdc                __aeabi_l2d
 .text          0x0000000008000c38      0x424 /home/tommi/Bin/gcc-arm-none-eabi-7-2017-q4-major/bin/../lib/gcc/arm-none-eabi/7.2.1/thumb/v7e-m/libgcc.a(_arm_muldivdf3.o)
                0x0000000008000c38                __aeabi_dmul
                0x0000000008000c38                __muldf3
                0x0000000008000e8c                __aeabi_ddiv
                0x0000000008000e8c                __divdf3
 .text          0x000000000800105c      0x110 /home/tommi/Bin/gcc-arm-none-eabi-7-2017-q4-major/bin/../lib/gcc/arm-none-eabi/7.2.1/thumb/v7e-m/libgcc.a(_arm_cmpdf2.o)
                0x000000000800105c                __gtdf2
                0x000000000800105c                __gedf2
                0x0000000008001064                __ltdf2
                0x0000000008001064                __ledf2
                0x000000000800106c                __cmpdf2
                0x000000000800106c                __eqdf2
                0x000000000800106c                __nedf2
                0x00000000080010e8                __aeabi_cdrcmple
                0x00000000080010f8                __aeabi_cdcmple
                0x00000000080010f8                __aeabi_cdcmpeq
                0x0000000008001108                __aeabi_dcmpeq
                0x000000000800111c                __aeabi_dcmplt
                0x0000000008001130                __aeabi_dcmple
                0x0000000008001144                __aeabi_dcmpge
                0x0000000008001158                __aeabi_dcmpgt
 .text          0x000000000800116c       0x2c /home/tommi/Bin/gcc-arm-none-eabi-7-2017-q4-major/bin/../lib/gcc/arm-none-eabi/7.2.1/thumb/v7e-m/libgcc.a(_arm_unorddf2.o)
                0x000000000800116c                __aeabi_dcmpun
                0x000000000800116c                __unorddf2
 .text          0x0000000008001198       0x50 /home/tommi/Bin/gcc-arm-none-eabi-7-2017-q4-major/bin/../lib/gcc/arm-none-eabi/7.2.1/thumb/v7e-m/libgcc.a(_arm_fixdfsi.o)
                0x0000000008001198                __fixdfsi
                0x0000000008001198                __aeabi_d2iz
 *(.text*)
 .text.main     0x00000000080011e8       0xa0 app.o
                0x00000000080011e8                main
 .text.AppTaskStart
                0x0000000008001288       0x88 app.o
 .text.AppObjCreate
                0x0000000008001310       0x88 app.o
 .text.AppTaskCreate
                0x0000000008001398       0xb4 app.o
 .text.SendAcknowledge
                0x000000000800144c       0x88 app.o
                0x000000000800144c                SendAcknowledge
 .text.AppTaskPlot
                0x00000000080014d4      0x394 app.o
 .text.AppTaskCom
                0x0000000008001868      0x18c app.o
 .text.CPU_Init
                0x00000000080019f4       0x10 ../UCOS3/uC-CPU/cpu_core.o
                0x00000000080019f4                CPU_Init
 .text.CPU_SW_Exception
                0x0000000008001a04        0x6 ../UCOS3/uC-CPU/cpu_core.o
                0x0000000008001a04                CPU_SW_Exception
 *fill*         0x0000000008001a0a        0x2 
 .text.CPU_NameClr
                0x0000000008001a0c       0x2c ../UCOS3/uC-CPU/cpu_core.o
                0x0000000008001a0c                CPU_NameClr
 .text.CPU_TS_TmrFreqSet
                0x0000000008001a38       0x1c ../UCOS3/uC-CPU/cpu_core.o
                0x0000000008001a38                CPU_TS_TmrFreqSet
 .text.CPU_NameInit
                0x0000000008001a54        0xc ../UCOS3/uC-CPU/cpu_core.o
 .text.CPU_TS_Init
                0x0000000008001a60       0x18 ../UCOS3/uC-CPU/cpu_core.o
 .text.CPU_IntSrcEn
                0x0000000008001a78      0x140 ../UCOS3/uC-CPU/ARM-Cortex-M4/GNU/cpu_c.o
                0x0000000008001a78                CPU_IntSrcEn
 .text.Math_Init
                0x0000000008001bb8        0xe ../UCOS3/uC-LIB/lib_math.o
                0x0000000008001bb8                Math_Init
 *fill*         0x0000000008001bc6        0x2 
 .text.Math_RandSetSeed
                0x0000000008001bc8       0x2c ../UCOS3/uC-LIB/lib_math.o
                0x0000000008001bc8                Math_RandSetSeed
 .text.Mem_Init
                0x0000000008001bf4       0x4c ../UCOS3/uC-LIB/lib_mem.o
                0x0000000008001bf4                Mem_Init
 .text.Mem_Clr  0x0000000008001c40       0x1c ../UCOS3/uC-LIB/lib_mem.o
                0x0000000008001c40                Mem_Clr
 .text.Mem_Set  0x0000000008001c5c       0xb4 ../UCOS3/uC-LIB/lib_mem.o
                0x0000000008001c5c                Mem_Set
 .text.Mem_SegCreate
                0x0000000008001d10       0x3e ../UCOS3/uC-LIB/lib_mem.o
                0x0000000008001d10                Mem_SegCreate
 *fill*         0x0000000008001d4e        0x2 
 .text.Mem_SegCreateCritical
                0x0000000008001d50       0x48 ../UCOS3/uC-LIB/lib_mem.o
 .text.OS_TmrInit
                0x0000000008001d98      0x138 ../UCOS3/uCOS-III/Source/os_tmr.o
                0x0000000008001d98                OS_TmrInit
 .text.OS_TmrResetPeak
                0x0000000008001ed0        0xc ../UCOS3/uCOS-III/Source/os_tmr.o
                0x0000000008001ed0                OS_TmrResetPeak
 .text.OS_TmrUnlink
                0x0000000008001edc       0x7c ../UCOS3/uCOS-III/Source/os_tmr.o
                0x0000000008001edc                OS_TmrUnlink
 .text.OS_TmrTask
                0x0000000008001f58       0xd0 ../UCOS3/uCOS-III/Source/os_tmr.o
                0x0000000008001f58                OS_TmrTask
 .text.OS_TmrLock
                0x0000000008002028       0x24 ../UCOS3/uCOS-III/Source/os_tmr.o
 .text.OS_TmrUnlock
                0x000000000800204c       0x20 ../UCOS3/uCOS-III/Source/os_tmr.o
 .text.OSMemCreate
                0x000000000800206c      0x120 ../UCOS3/uCOS-III/Source/os_mem.o
                0x000000000800206c                OSMemCreate
 .text.OSMemGet
                0x000000000800218c       0x70 ../UCOS3/uCOS-III/Source/os_mem.o
                0x000000000800218c                OSMemGet
 .text.OSMemPut
                0x00000000080021fc       0x7e ../UCOS3/uCOS-III/Source/os_mem.o
                0x00000000080021fc                OSMemPut
 *fill*         0x000000000800227a        0x2 
 .text.OS_MemDbgListAdd
                0x000000000800227c       0x44 ../UCOS3/uCOS-III/Source/os_mem.o
                0x000000000800227c                OS_MemDbgListAdd
 .text.OS_MemInit
                0x00000000080022c0       0x2c ../UCOS3/uCOS-III/Source/os_mem.o
                0x00000000080022c0                OS_MemInit
 .text.OS_Dbg_Init
                0x00000000080022ec      0x238 ../UCOS3/uCOS-III/Source/os_dbg.o
                0x00000000080022ec                OS_Dbg_Init
 .text.OSMutexCreate
                0x0000000008002524       0x98 ../UCOS3/uCOS-III/Source/os_mutex.o
                0x0000000008002524                OSMutexCreate
 .text.OSMutexPend
                0x00000000080025bc      0x210 ../UCOS3/uCOS-III/Source/os_mutex.o
                0x00000000080025bc                OSMutexPend
 .text.OSMutexPost
                0x00000000080027cc      0x1b8 ../UCOS3/uCOS-III/Source/os_mutex.o
                0x00000000080027cc                OSMutexPost
 .text.OS_MutexDbgListAdd
                0x0000000008002984       0x4c ../UCOS3/uCOS-III/Source/os_mutex.o
                0x0000000008002984                OS_MutexDbgListAdd
 .text.OS_MutexInit
                0x00000000080029d0       0x2c ../UCOS3/uCOS-III/Source/os_mutex.o
                0x00000000080029d0                OS_MutexInit
 .text.OS_MutexGrpAdd
                0x00000000080029fc       0x22 ../UCOS3/uCOS-III/Source/os_mutex.o
                0x00000000080029fc                OS_MutexGrpAdd
 .text.OS_MutexGrpRemove
                0x0000000008002a1e       0x38 ../UCOS3/uCOS-III/Source/os_mutex.o
                0x0000000008002a1e                OS_MutexGrpRemove
 .text.OS_MutexGrpPrioFindHighest
                0x0000000008002a56       0x54 ../UCOS3/uCOS-III/Source/os_mutex.o
                0x0000000008002a56                OS_MutexGrpPrioFindHighest
 *fill*         0x0000000008002aaa        0x2 
 .text.OS_SemInit
                0x0000000008002aac       0x2c ../UCOS3/uCOS-III/Source/os_sem.o
                0x0000000008002aac                OS_SemInit
 .text.OSCfg_Init
                0x0000000008002ad8        0xc ../UCOS3/uCOS-III/Source/os_cfg_app.o
                0x0000000008002ad8                OSCfg_Init
 .text.OS_TickTask
                0x0000000008002ae4       0x64 ../UCOS3/uCOS-III/Source/os_tick.o
                0x0000000008002ae4                OS_TickTask
 .text.OS_TickTaskInit
                0x0000000008002b48       0xd8 ../UCOS3/uCOS-III/Source/os_tick.o
                0x0000000008002b48                OS_TickTaskInit
 .text.OS_TickListInsert
                0x0000000008002c20      0x12c ../UCOS3/uCOS-III/Source/os_tick.o
                0x0000000008002c20                OS_TickListInsert
 .text.OS_TickListInsertDly
                0x0000000008002d4c      0x108 ../UCOS3/uCOS-III/Source/os_tick.o
                0x0000000008002d4c                OS_TickListInsertDly
 .text.OS_TickListRemove
                0x0000000008002e54       0xc8 ../UCOS3/uCOS-III/Source/os_tick.o
                0x0000000008002e54                OS_TickListRemove
 .text.OS_TickListResetPeak
                0x0000000008002f1c        0xc ../UCOS3/uCOS-III/Source/os_tick.o
                0x0000000008002f1c                OS_TickListResetPeak
 .text.OS_TickListUpdateDly
                0x0000000008002f28       0xc4 ../UCOS3/uCOS-III/Source/os_tick.o
 .text.OS_TickListUpdateTimeout
                0x0000000008002fec      0x164 ../UCOS3/uCOS-III/Source/os_tick.o
 .text.OSTimeDly
                0x0000000008003150       0xd8 ../UCOS3/uCOS-III/Source/os_time.o
                0x0000000008003150                OSTimeDly
 .text.OSTimeDlyHMSM
                0x0000000008003228      0x1f0 ../UCOS3/uCOS-III/Source/os_time.o
                0x0000000008003228                OSTimeDlyHMSM
 .text.OSTimeTick
                0x0000000008003418       0x54 ../UCOS3/uCOS-III/Source/os_time.o
                0x0000000008003418                OSTimeTick
 .text.OS_PrioInit
                0x000000000800346c       0x30 ../UCOS3/uCOS-III/Source/os_prio.o
                0x000000000800346c                OS_PrioInit
 .text.OS_PrioGetHighest
                0x000000000800349c       0x48 ../UCOS3/uCOS-III/Source/os_prio.o
                0x000000000800349c                OS_PrioGetHighest
 .text.OS_PrioInsert
                0x00000000080034e4       0x4c ../UCOS3/uCOS-III/Source/os_prio.o
                0x00000000080034e4                OS_PrioInsert
 .text.OS_PrioRemove
                0x0000000008003530       0x50 ../UCOS3/uCOS-III/Source/os_prio.o
                0x0000000008003530                OS_PrioRemove
 .text.OSStatReset
                0x0000000008003580      0x130 ../UCOS3/uCOS-III/Source/os_stat.o
                0x0000000008003580                OSStatReset
 .text.OSStatTaskCPUUsageInit
                0x00000000080036b0       0xfc ../UCOS3/uCOS-III/Source/os_stat.o
                0x00000000080036b0                OSStatTaskCPUUsageInit
 .text.OS_StatTask
                0x00000000080037ac      0x314 ../UCOS3/uCOS-III/Source/os_stat.o
                0x00000000080037ac                OS_StatTask
 .text.OS_StatTaskInit
                0x0000000008003ac0       0xd4 ../UCOS3/uCOS-III/Source/os_stat.o
                0x0000000008003ac0                OS_StatTaskInit
 .text.OS_FlagInit
                0x0000000008003b94       0x2c ../UCOS3/uCOS-III/Source/os_flag.o
                0x0000000008003b94                OS_FlagInit
 .text.OSInit   0x0000000008003bc0      0x1e4 ../UCOS3/uCOS-III/Source/os_core.o
                0x0000000008003bc0                OSInit
 .text.OSIntEnter
                0x0000000008003da4       0x38 ../UCOS3/uCOS-III/Source/os_core.o
                0x0000000008003da4                OSIntEnter
 .text.OSIntExit
                0x0000000008003ddc       0xd8 ../UCOS3/uCOS-III/Source/os_core.o
                0x0000000008003ddc                OSIntExit
 .text.OSSched  0x0000000008003eb4       0xa8 ../UCOS3/uCOS-III/Source/os_core.o
                0x0000000008003eb4                OSSched
 .text.OSSchedLock
                0x0000000008003f5c       0x78 ../UCOS3/uCOS-III/Source/os_core.o
                0x0000000008003f5c                OSSchedLock
 .text.OSSchedUnlock
                0x0000000008003fd4       0x94 ../UCOS3/uCOS-III/Source/os_core.o
                0x0000000008003fd4                OSSchedUnlock
 .text.OSStart  0x0000000008004068       0x80 ../UCOS3/uCOS-III/Source/os_core.o
                0x0000000008004068                OSStart
 .text.OS_IdleTask
                0x00000000080040e8       0x3c ../UCOS3/uCOS-III/Source/os_core.o
                0x00000000080040e8                OS_IdleTask
 .text.OS_IdleTaskInit
                0x0000000008004124       0x68 ../UCOS3/uCOS-III/Source/os_core.o
                0x0000000008004124                OS_IdleTaskInit
 .text.OS_Pend  0x000000000800418c       0x84 ../UCOS3/uCOS-III/Source/os_core.o
                0x000000000800418c                OS_Pend
 .text.OS_PendDataInit
                0x0000000008004210       0x6a ../UCOS3/uCOS-III/Source/os_core.o
                0x0000000008004210                OS_PendDataInit
 *fill*         0x000000000800427a        0x2 
 .text.OS_PendDbgNameAdd
                0x000000000800427c       0x7c ../UCOS3/uCOS-III/Source/os_core.o
                0x000000000800427c                OS_PendDbgNameAdd
 .text.OS_PendDbgNameRemove
                0x00000000080042f8       0x48 ../UCOS3/uCOS-III/Source/os_core.o
                0x00000000080042f8                OS_PendDbgNameRemove
 .text.OS_PendListChangePrio
                0x0000000008004340       0x56 ../UCOS3/uCOS-III/Source/os_core.o
                0x0000000008004340                OS_PendListChangePrio
 .text.OS_PendListInit
                0x0000000008004396       0x24 ../UCOS3/uCOS-III/Source/os_core.o
                0x0000000008004396                OS_PendListInit
 .text.OS_PendListInsertPrio
                0x00000000080043ba       0xe6 ../UCOS3/uCOS-III/Source/os_core.o
                0x00000000080043ba                OS_PendListInsertPrio
 .text.OS_PendListRemove
                0x00000000080044a0       0x54 ../UCOS3/uCOS-III/Source/os_core.o
                0x00000000080044a0                OS_PendListRemove
 .text.OS_PendListRemove1
                0x00000000080044f4       0x92 ../UCOS3/uCOS-III/Source/os_core.o
                0x00000000080044f4                OS_PendListRemove1
 *fill*         0x0000000008004586        0x2 
 .text.OS_Post  0x0000000008004588      0x130 ../UCOS3/uCOS-III/Source/os_core.o
                0x0000000008004588                OS_Post
 .text.OS_Post1
                0x00000000080046b8       0x5e ../UCOS3/uCOS-III/Source/os_core.o
                0x00000000080046b8                OS_Post1
 *fill*         0x0000000008004716        0x2 
 .text.OS_RdyListInit
                0x0000000008004718       0x48 ../UCOS3/uCOS-III/Source/os_core.o
                0x0000000008004718                OS_RdyListInit
 .text.OS_RdyListInsert
                0x0000000008004760       0x3c ../UCOS3/uCOS-III/Source/os_core.o
                0x0000000008004760                OS_RdyListInsert
 .text.OS_RdyListInsertHead
                0x000000000800479c       0x80 ../UCOS3/uCOS-III/Source/os_core.o
                0x000000000800479c                OS_RdyListInsertHead
 .text.OS_RdyListInsertTail
                0x000000000800481c       0x80 ../UCOS3/uCOS-III/Source/os_core.o
                0x000000000800481c                OS_RdyListInsertTail
 .text.OS_RdyListRemove
                0x000000000800489c       0xb0 ../UCOS3/uCOS-III/Source/os_core.o
                0x000000000800489c                OS_RdyListRemove
 .text.OS_SchedLockTimeMeasStart
                0x000000000800494c       0x24 ../UCOS3/uCOS-III/Source/os_core.o
                0x000000000800494c                OS_SchedLockTimeMeasStart
 .text.OS_SchedLockTimeMeasStop
                0x0000000008004970       0x54 ../UCOS3/uCOS-III/Source/os_core.o
                0x0000000008004970                OS_SchedLockTimeMeasStop
 .text.OS_TaskBlock
                0x00000000080049c4       0x40 ../UCOS3/uCOS-III/Source/os_core.o
                0x00000000080049c4                OS_TaskBlock
 .text.OS_MsgPoolInit
                0x0000000008004a04       0xcc ../UCOS3/uCOS-III/Source/os_msg.o
                0x0000000008004a04                OS_MsgPoolInit
 .text.OS_MsgQInit
                0x0000000008004ad0       0x34 ../UCOS3/uCOS-III/Source/os_msg.o
                0x0000000008004ad0                OS_MsgQInit
 .text.OS_MsgQGet
                0x0000000008004b04       0xbc ../UCOS3/uCOS-III/Source/os_msg.o
                0x0000000008004b04                OS_MsgQGet
 .text.OS_MsgQPut
                0x0000000008004bc0      0x110 ../UCOS3/uCOS-III/Source/os_msg.o
                0x0000000008004bc0                OS_MsgQPut
 .text.OSTaskCreate
                0x0000000008004cd0      0x1fc ../UCOS3/uCOS-III/Source/os_task.o
                0x0000000008004cd0                OSTaskCreate
 .text.OSTaskResume
                0x0000000008004ecc       0x64 ../UCOS3/uCOS-III/Source/os_task.o
                0x0000000008004ecc                OSTaskResume
 .text.OSTaskSemPend
                0x0000000008004f30      0x1e0 ../UCOS3/uCOS-III/Source/os_task.o
                0x0000000008004f30                OSTaskSemPend
 .text.OSTaskSemPost
                0x0000000008005110       0x46 ../UCOS3/uCOS-III/Source/os_task.o
                0x0000000008005110                OSTaskSemPost
 *fill*         0x0000000008005156        0x2 
 .text.OSTaskStkChk
                0x0000000008005158       0xf0 ../UCOS3/uCOS-III/Source/os_task.o
                0x0000000008005158                OSTaskStkChk
 .text.OSTaskSuspend
                0x0000000008005248       0x44 ../UCOS3/uCOS-III/Source/os_task.o
                0x0000000008005248                OSTaskSuspend
 .text.OS_TaskDbgListAdd
                0x000000000800528c       0x4c ../UCOS3/uCOS-III/Source/os_task.o
                0x000000000800528c                OS_TaskDbgListAdd
 .text.OS_TaskInit
                0x00000000080052d8       0x38 ../UCOS3/uCOS-III/Source/os_task.o
                0x00000000080052d8                OS_TaskInit
 .text.OS_TaskInitTCB
                0x0000000008005310      0x19c ../UCOS3/uCOS-III/Source/os_task.o
                0x0000000008005310                OS_TaskInitTCB
 .text.OS_TaskResume
                0x00000000080054ac      0x124 ../UCOS3/uCOS-III/Source/os_task.o
                0x00000000080054ac                OS_TaskResume
 .text.OS_TaskReturn
                0x00000000080055d0       0x28 ../UCOS3/uCOS-III/Source/os_task.o
                0x00000000080055d0                OS_TaskReturn
 .text.OS_TaskSemPost
                0x00000000080055f8      0x128 ../UCOS3/uCOS-III/Source/os_task.o
                0x00000000080055f8                OS_TaskSemPost
 .text.OS_TaskSuspend
                0x0000000008005720      0x118 ../UCOS3/uCOS-III/Source/os_task.o
                0x0000000008005720                OS_TaskSuspend
 .text.OS_TaskChangePrio
                0x0000000008005838      0x148 ../UCOS3/uCOS-III/Source/os_task.o
                0x0000000008005838                OS_TaskChangePrio
 .text.OSQCreate
                0x0000000008005980       0xa0 ../UCOS3/uCOS-III/Source/os_q.o
                0x0000000008005980                OSQCreate
 .text.OSQPend  0x0000000008005a20      0x1f0 ../UCOS3/uCOS-III/Source/os_q.o
                0x0000000008005a20                OSQPend
 .text.OSQPost  0x0000000008005c10       0xb0 ../UCOS3/uCOS-III/Source/os_q.o
                0x0000000008005c10                OSQPost
 .text.OS_QDbgListAdd
                0x0000000008005cc0       0x4c ../UCOS3/uCOS-III/Source/os_q.o
                0x0000000008005cc0                OS_QDbgListAdd
 .text.OS_QInit
                0x0000000008005d0c       0x2c ../UCOS3/uCOS-III/Source/os_q.o
                0x0000000008005d0c                OS_QInit
 .text.OS_QPost
                0x0000000008005d38       0xce ../UCOS3/uCOS-III/Source/os_q.o
                0x0000000008005d38                OS_QPost
 *fill*         0x0000000008005e06        0x2 
 .text.OSIdleTaskHook
                0x0000000008005e08       0x1c ../UCOS3/uCOS-III/Ports/ARM-Cortex-M4/Generic/GNU/os_cpu_c.o
                0x0000000008005e08                OSIdleTaskHook
 .text.OSInitHook
                0x0000000008005e24       0x38 ../UCOS3/uCOS-III/Ports/ARM-Cortex-M4/Generic/GNU/os_cpu_c.o
                0x0000000008005e24                OSInitHook
 .text.OSStatTaskHook
                0x0000000008005e5c       0x1c ../UCOS3/uCOS-III/Ports/ARM-Cortex-M4/Generic/GNU/os_cpu_c.o
                0x0000000008005e5c                OSStatTaskHook
 .text.OSTaskCreateHook
                0x0000000008005e78       0x24 ../UCOS3/uCOS-III/Ports/ARM-Cortex-M4/Generic/GNU/os_cpu_c.o
                0x0000000008005e78                OSTaskCreateHook
 .text.OSTaskReturnHook
                0x0000000008005e9c       0x24 ../UCOS3/uCOS-III/Ports/ARM-Cortex-M4/Generic/GNU/os_cpu_c.o
                0x0000000008005e9c                OSTaskReturnHook
 .text.OSTaskStkInit
                0x0000000008005ec0      0x108 ../UCOS3/uCOS-III/Ports/ARM-Cortex-M4/Generic/GNU/os_cpu_c.o
                0x0000000008005ec0                OSTaskStkInit
 .text.OSTaskSwHook
                0x0000000008005fc8       0x98 ../UCOS3/uCOS-III/Ports/ARM-Cortex-M4/Generic/GNU/os_cpu_c.o
                0x0000000008005fc8                OSTaskSwHook
 .text.OSTimeTickHook
                0x0000000008006060       0x1c ../UCOS3/uCOS-III/Ports/ARM-Cortex-M4/Generic/GNU/os_cpu_c.o
                0x0000000008006060                OSTimeTickHook
 .text.OS_CPU_SysTickHandler
                0x000000000800607c       0x38 ../UCOS3/uCOS-III/Ports/ARM-Cortex-M4/Generic/GNU/os_cpu_c.o
                0x000000000800607c                OS_CPU_SysTickHandler
 .text.OS_CPU_SysTickInit
                0x00000000080060b4       0x54 ../UCOS3/uCOS-III/Ports/ARM-Cortex-M4/Generic/GNU/os_cpu_c.o
                0x00000000080060b4                OS_CPU_SysTickInit
 .text.XMC_GPIO_SetOutputHigh
                0x0000000008006108       0x20 ./BSP/mcp23s08_drv.o
 .text.XMC_GPIO_SetOutputLow
                0x0000000008006128       0x22 ./BSP/mcp23s08_drv.o
 .text._mcp23s08_reset_ss
                0x000000000800614a       0x20 ./BSP/mcp23s08_drv.o
                0x000000000800614a                _mcp23s08_reset_ss
 .text._mcp23s08_set_ss
                0x000000000800616a       0x20 ./BSP/mcp23s08_drv.o
                0x000000000800616a                _mcp23s08_set_ss
 *fill*         0x000000000800618a        0x2 
 .text._mcp23s08_reset
                0x000000000800618c       0x20 ./BSP/mcp23s08_drv.o
                0x000000000800618c                _mcp23s08_reset
 .text._mcp23s08_reg_xfer
                0x00000000080061ac       0xb0 ./BSP/mcp23s08_drv.o
                0x00000000080061ac                _mcp23s08_reg_xfer
 .text.CPU_TS_TmrInit
                0x000000000800625c       0x3c ./BSP/cpu_bsp.o
                0x000000000800625c                CPU_TS_TmrInit
 .text.CPU_TS_TmrRd
                0x0000000008006298       0x1c ./BSP/cpu_bsp.o
                0x0000000008006298                CPU_TS_TmrRd
 .text.BSP_LowLevelInit
                0x00000000080062b4       0x48 ./BSP/bsp_sys.o
                0x00000000080062b4                BSP_LowLevelInit
 .text.BSP_SysInit
                0x00000000080062fc      0x208 ./BSP/bsp_sys.o
                0x00000000080062fc                BSP_SysInit
 .text.BSP_SysClkFreqGet
                0x0000000008006504       0xb4 ./BSP/bsp_sys.o
                0x0000000008006504                BSP_SysClkFreqGet
 .text.NVIC_EnableIRQ
                0x00000000080065b8       0x30 ./BSP/bsp_ccu8.o
 .text.NVIC_SetPriority
                0x00000000080065e8       0x54 ./BSP/bsp_ccu8.o
 .text.XMC_CCU8_StartPrescaler
                0x000000000800663c       0x1e ./BSP/bsp_ccu8.o
 .text.XMC_CCU8_EnableClock
                0x000000000800665a       0x28 ./BSP/bsp_ccu8.o
 .text.XMC_CCU8_SLICE_StartTimer
                0x0000000008006682       0x18 ./BSP/bsp_ccu8.o
 .text.XMC_CCU8_SLICE_EnableEvent
                0x000000000800669a       0x2c ./BSP/bsp_ccu8.o
 *fill*         0x00000000080066c6        0x2 
 .text.BSP_ConfigCCU8_Timer
                0x00000000080066c8      0x104 ./BSP/bsp_ccu8.o
                0x00000000080066c8                BSP_ConfigCCU8_Timer
 .text.NVIC_EnableIRQ
                0x00000000080067cc       0x30 ./BSP/bsp_uart.o
 .text.XMC_USIC_CH_SetInputSource
                0x00000000080067fc       0x3a ./BSP/bsp_uart.o
 .text.XMC_UART_CH_Start
                0x0000000008006836       0x22 ./BSP/bsp_uart.o
 .text.XMC_UART_CH_SetInterruptNodePointer
                0x0000000008006858       0x20 ./BSP/bsp_uart.o
 .text.XMC_UART_CH_SetInputSource
                0x0000000008006878       0x32 ./BSP/bsp_uart.o
 *fill*         0x00000000080068aa        0x2 
 .text.BSP_UART_Init
                0x00000000080068ac       0x78 ./BSP/bsp_uart.o
                0x00000000080068ac                BSP_UART_Init
 .text.XMC_USIC_CH_SetInputSource
                0x0000000008006924       0x3a ./BSP/xmc4500_spi_lib.o
 .text.XMC_USIC_CH_SetMode
                0x000000000800695e       0x26 ./BSP/xmc4500_spi_lib.o
 .text.XMC_SPI_CH_Start
                0x0000000008006984       0x18 ./BSP/xmc4500_spi_lib.o
 .text.XMC_SPI_CH_GetStatusFlag
                0x000000000800699c       0x16 ./BSP/xmc4500_spi_lib.o
 .text.XMC_SPI_CH_ClearStatusFlag
                0x00000000080069b2       0x20 ./BSP/xmc4500_spi_lib.o
 .text.XMC_SPI_CH_SetInputSource
                0x00000000080069d2       0x32 ./BSP/xmc4500_spi_lib.o
 .text.XMC_GPIO_SetOutputHigh
                0x0000000008006a04       0x20 ./BSP/xmc4500_spi_lib.o
 .text._init_spi
                0x0000000008006a24       0xc4 ./BSP/xmc4500_spi_lib.o
                0x0000000008006a24                _init_spi
 .text._spi_transmit
                0x0000000008006ae8       0x40 ./BSP/xmc4500_spi_lib.o
                0x0000000008006ae8                _spi_transmit
 .text._spi_receive
                0x0000000008006b28       0x1a ./BSP/xmc4500_spi_lib.o
                0x0000000008006b28                _spi_receive
 *fill*         0x0000000008006b42        0x2 
 .text.BSP_Init
                0x0000000008006b44       0x4c ./BSP/bsp.o
                0x0000000008006b44                BSP_Init
 .text.ITM_SendChar
                0x0000000008006b90       0x4a ./BSP/debug_lib.o
 *fill*         0x0000000008006bda        0x2 
 .text.initRetargetSwo
                0x0000000008006bdc       0x88 ./BSP/debug_lib.o
                0x0000000008006bdc                initRetargetSwo
 .text._write   0x0000000008006c64       0x3a ./BSP/debug_lib.o
                0x0000000008006c64                _write
 .text.BSP_IntDisAll
                0x0000000008006c9e        0xc ./BSP/bsp_int.o
                0x0000000008006c9e                BSP_IntDisAll
 .text.BSP_IntEn
                0x0000000008006caa       0x24 ./BSP/bsp_int.o
                0x0000000008006caa                BSP_IntEn
 *fill*         0x0000000008006cce        0x2 
 .text.BSP_IntVectSet
                0x0000000008006cd0       0x38 ./BSP/bsp_int.o
                0x0000000008006cd0                BSP_IntVectSet
 .text.BSP_IntInit
                0x0000000008006d08       0x1c ./BSP/bsp_int.o
                0x0000000008006d08                BSP_IntInit
 .text.BSP_IntHandler_Uart_Recive
                0x0000000008006d24      0x110 ./BSP/bsp_int.o
 .text.BSP_IntHandlerSCU
                0x0000000008006e34        0xe ./BSP/bsp_int.o
                0x0000000008006e34                BSP_IntHandlerSCU
 .text.BSP_IntHandlerERU0_00
                0x0000000008006e42        0xe ./BSP/bsp_int.o
                0x0000000008006e42                BSP_IntHandlerERU0_00
 .text.BSP_IntHandlerERU0_01
                0x0000000008006e50        0xe ./BSP/bsp_int.o
                0x0000000008006e50                BSP_IntHandlerERU0_01
 .text.BSP_IntHandlerERU0_02
                0x0000000008006e5e        0xe ./BSP/bsp_int.o
                0x0000000008006e5e                BSP_IntHandlerERU0_02
 .text.BSP_IntHandlerERU0_03
                0x0000000008006e6c        0xe ./BSP/bsp_int.o
                0x0000000008006e6c                BSP_IntHandlerERU0_03
 .text.BSP_IntHandlerERU1_00
                0x0000000008006e7a        0xe ./BSP/bsp_int.o
                0x0000000008006e7a                BSP_IntHandlerERU1_00
 .text.BSP_IntHandlerERU1_01
                0x0000000008006e88        0xe ./BSP/bsp_int.o
                0x0000000008006e88                BSP_IntHandlerERU1_01
 .text.BSP_IntHandlerERU1_02
                0x0000000008006e96        0xe ./BSP/bsp_int.o
                0x0000000008006e96                BSP_IntHandlerERU1_02
 .text.BSP_IntHandlerERU1_03
                0x0000000008006ea4        0xe ./BSP/bsp_int.o
                0x0000000008006ea4                BSP_IntHandlerERU1_03
 .text.BSP_IntHandlerPMU0_00
                0x0000000008006eb2        0xe ./BSP/bsp_int.o
                0x0000000008006eb2                BSP_IntHandlerPMU0_00
 .text.BSP_IntHandlerVADC0_C0_00
                0x0000000008006ec0        0xe ./BSP/bsp_int.o
                0x0000000008006ec0                BSP_IntHandlerVADC0_C0_00
 .text.BSP_IntHandlerVADC0_C0_01
                0x0000000008006ece        0xe ./BSP/bsp_int.o
                0x0000000008006ece                BSP_IntHandlerVADC0_C0_01
 .text.BSP_IntHandlerVADC0_C0_02
                0x0000000008006edc        0xe ./BSP/bsp_int.o
                0x0000000008006edc                BSP_IntHandlerVADC0_C0_02
 .text.BSP_IntHandlerVADC0_C0_03
                0x0000000008006eea        0xe ./BSP/bsp_int.o
                0x0000000008006eea                BSP_IntHandlerVADC0_C0_03
 .text.BSP_IntHandlerVADC0_G0_00
                0x0000000008006ef8        0xe ./BSP/bsp_int.o
                0x0000000008006ef8                BSP_IntHandlerVADC0_G0_00
 .text.BSP_IntHandlerVADC0_G0_01
                0x0000000008006f06        0xe ./BSP/bsp_int.o
                0x0000000008006f06                BSP_IntHandlerVADC0_G0_01
 .text.BSP_IntHandlerVADC0_G0_02
                0x0000000008006f14        0xe ./BSP/bsp_int.o
                0x0000000008006f14                BSP_IntHandlerVADC0_G0_02
 .text.BSP_IntHandlerVADC0_G0_03
                0x0000000008006f22        0xe ./BSP/bsp_int.o
                0x0000000008006f22                BSP_IntHandlerVADC0_G0_03
 .text.BSP_IntHandlerVADC0_G1_00
                0x0000000008006f30        0xe ./BSP/bsp_int.o
                0x0000000008006f30                BSP_IntHandlerVADC0_G1_00
 .text.BSP_IntHandlerVADC0_G1_01
                0x0000000008006f3e        0xe ./BSP/bsp_int.o
                0x0000000008006f3e                BSP_IntHandlerVADC0_G1_01
 .text.BSP_IntHandlerVADC0_G1_02
                0x0000000008006f4c        0xe ./BSP/bsp_int.o
                0x0000000008006f4c                BSP_IntHandlerVADC0_G1_02
 .text.BSP_IntHandlerVADC0_G1_03
                0x0000000008006f5a        0xe ./BSP/bsp_int.o
                0x0000000008006f5a                BSP_IntHandlerVADC0_G1_03
 .text.BSP_IntHandlerVADC0_G2_00
                0x0000000008006f68        0xe ./BSP/bsp_int.o
                0x0000000008006f68                BSP_IntHandlerVADC0_G2_00
 .text.BSP_IntHandlerVADC0_G2_01
                0x0000000008006f76        0xe ./BSP/bsp_int.o
                0x0000000008006f76                BSP_IntHandlerVADC0_G2_01
 .text.BSP_IntHandlerVADC0_G2_02
                0x0000000008006f84        0xe ./BSP/bsp_int.o
                0x0000000008006f84                BSP_IntHandlerVADC0_G2_02
 .text.BSP_IntHandlerVADC0_G2_03
                0x0000000008006f92        0xe ./BSP/bsp_int.o
                0x0000000008006f92                BSP_IntHandlerVADC0_G2_03
 .text.BSP_IntHandlerVADC0_G3_00
                0x0000000008006fa0        0xe ./BSP/bsp_int.o
                0x0000000008006fa0                BSP_IntHandlerVADC0_G3_00
 .text.BSP_IntHandlerVADC0_G3_01
                0x0000000008006fae        0xe ./BSP/bsp_int.o
                0x0000000008006fae                BSP_IntHandlerVADC0_G3_01
 .text.BSP_IntHandlerVADC0_G3_02
                0x0000000008006fbc        0xe ./BSP/bsp_int.o
                0x0000000008006fbc                BSP_IntHandlerVADC0_G3_02
 .text.BSP_IntHandlerVADC0_G3_03
                0x0000000008006fca        0xe ./BSP/bsp_int.o
                0x0000000008006fca                BSP_IntHandlerVADC0_G3_03
 .text.BSP_IntHandlerDSD0_00
                0x0000000008006fd8        0xe ./BSP/bsp_int.o
                0x0000000008006fd8                BSP_IntHandlerDSD0_00
 .text.BSP_IntHandlerDSD0_01
                0x0000000008006fe6        0xe ./BSP/bsp_int.o
                0x0000000008006fe6                BSP_IntHandlerDSD0_01
 .text.BSP_IntHandlerDSD0_02
                0x0000000008006ff4        0xe ./BSP/bsp_int.o
                0x0000000008006ff4                BSP_IntHandlerDSD0_02
 .text.BSP_IntHandlerDSD0_03
                0x0000000008007002        0xe ./BSP/bsp_int.o
                0x0000000008007002                BSP_IntHandlerDSD0_03
 .text.BSP_IntHandlerDSD0_04
                0x0000000008007010        0xe ./BSP/bsp_int.o
                0x0000000008007010                BSP_IntHandlerDSD0_04
 .text.BSP_IntHandlerDSD0_05
                0x000000000800701e        0xe ./BSP/bsp_int.o
                0x000000000800701e                BSP_IntHandlerDSD0_05
 .text.BSP_IntHandlerDSD0_06
                0x000000000800702c        0xe ./BSP/bsp_int.o
                0x000000000800702c                BSP_IntHandlerDSD0_06
 .text.BSP_IntHandlerDSD0_07
                0x000000000800703a        0xe ./BSP/bsp_int.o
                0x000000000800703a                BSP_IntHandlerDSD0_07
 .text.BSP_IntHandlerDAC0_00
                0x0000000008007048        0xe ./BSP/bsp_int.o
                0x0000000008007048                BSP_IntHandlerDAC0_00
 .text.BSP_IntHandlerDAC0_01
                0x0000000008007056        0xe ./BSP/bsp_int.o
                0x0000000008007056                BSP_IntHandlerDAC0_01
 .text.BSP_IntHandlerCCU40_00
                0x0000000008007064        0xe ./BSP/bsp_int.o
                0x0000000008007064                BSP_IntHandlerCCU40_00
 .text.BSP_IntHandlerCCU40_01
                0x0000000008007072        0xe ./BSP/bsp_int.o
                0x0000000008007072                BSP_IntHandlerCCU40_01
 .text.BSP_IntHandlerCCU40_02
                0x0000000008007080        0xe ./BSP/bsp_int.o
                0x0000000008007080                BSP_IntHandlerCCU40_02
 .text.BSP_IntHandlerCCU40_03
                0x000000000800708e        0xe ./BSP/bsp_int.o
                0x000000000800708e                BSP_IntHandlerCCU40_03
 .text.BSP_IntHandlerCCU41_00
                0x000000000800709c        0xe ./BSP/bsp_int.o
                0x000000000800709c                BSP_IntHandlerCCU41_00
 .text.BSP_IntHandlerCCU41_01
                0x00000000080070aa        0xe ./BSP/bsp_int.o
                0x00000000080070aa                BSP_IntHandlerCCU41_01
 .text.BSP_IntHandlerCCU41_02
                0x00000000080070b8        0xe ./BSP/bsp_int.o
                0x00000000080070b8                BSP_IntHandlerCCU41_02
 .text.BSP_IntHandlerCCU41_03
                0x00000000080070c6        0xe ./BSP/bsp_int.o
                0x00000000080070c6                BSP_IntHandlerCCU41_03
 .text.BSP_IntHandlerCCU42_00
                0x00000000080070d4        0xe ./BSP/bsp_int.o
                0x00000000080070d4                BSP_IntHandlerCCU42_00
 .text.BSP_IntHandlerCCU42_01
                0x00000000080070e2        0xe ./BSP/bsp_int.o
                0x00000000080070e2                BSP_IntHandlerCCU42_01
 .text.BSP_IntHandlerCCU42_02
                0x00000000080070f0        0xe ./BSP/bsp_int.o
                0x00000000080070f0                BSP_IntHandlerCCU42_02
 .text.BSP_IntHandlerCCU42_03
                0x00000000080070fe        0xe ./BSP/bsp_int.o
                0x00000000080070fe                BSP_IntHandlerCCU42_03
 .text.BSP_IntHandlerCCU43_00
                0x000000000800710c        0xe ./BSP/bsp_int.o
                0x000000000800710c                BSP_IntHandlerCCU43_00
 .text.BSP_IntHandlerCCU43_01
                0x000000000800711a        0xe ./BSP/bsp_int.o
                0x000000000800711a                BSP_IntHandlerCCU43_01
 .text.BSP_IntHandlerCCU43_02
                0x0000000008007128        0xe ./BSP/bsp_int.o
                0x0000000008007128                BSP_IntHandlerCCU43_02
 .text.BSP_IntHandlerCCU43_03
                0x0000000008007136        0xe ./BSP/bsp_int.o
                0x0000000008007136                BSP_IntHandlerCCU43_03
 .text.BSP_IntHandlerCCU80_00
                0x0000000008007144        0xe ./BSP/bsp_int.o
                0x0000000008007144                BSP_IntHandlerCCU80_00
 .text.BSP_IntHandlerCCU80_01
                0x0000000008007152        0xe ./BSP/bsp_int.o
                0x0000000008007152                BSP_IntHandlerCCU80_01
 .text.BSP_IntHandlerCCU80_02
                0x0000000008007160        0xe ./BSP/bsp_int.o
                0x0000000008007160                BSP_IntHandlerCCU80_02
 .text.BSP_IntHandlerCCU80_03
                0x000000000800716e        0xe ./BSP/bsp_int.o
                0x000000000800716e                BSP_IntHandlerCCU80_03
 .text.BSP_IntHandlerCCU81_00
                0x000000000800717c        0xe ./BSP/bsp_int.o
                0x000000000800717c                BSP_IntHandlerCCU81_00
 .text.BSP_IntHandlerCCU81_01
                0x000000000800718a        0xe ./BSP/bsp_int.o
                0x000000000800718a                BSP_IntHandlerCCU81_01
 .text.BSP_IntHandlerCCU81_02
                0x0000000008007198        0xe ./BSP/bsp_int.o
                0x0000000008007198                BSP_IntHandlerCCU81_02
 .text.BSP_IntHandlerCCU81_03
                0x00000000080071a6        0xe ./BSP/bsp_int.o
                0x00000000080071a6                BSP_IntHandlerCCU81_03
 .text.BSP_IntHandlerPOSIF0_00
                0x00000000080071b4        0xe ./BSP/bsp_int.o
                0x00000000080071b4                BSP_IntHandlerPOSIF0_00
 .text.BSP_IntHandlerPOSIF0_01
                0x00000000080071c2        0xe ./BSP/bsp_int.o
                0x00000000080071c2                BSP_IntHandlerPOSIF0_01
 .text.BSP_IntHandlerPOSIF1_00
                0x00000000080071d0        0xe ./BSP/bsp_int.o
                0x00000000080071d0                BSP_IntHandlerPOSIF1_00
 .text.BSP_IntHandlerPOSIF1_01
                0x00000000080071de        0xe ./BSP/bsp_int.o
                0x00000000080071de                BSP_IntHandlerPOSIF1_01
 .text.BSP_IntHandlerCAN0_00
                0x00000000080071ec        0xe ./BSP/bsp_int.o
                0x00000000080071ec                BSP_IntHandlerCAN0_00
 .text.BSP_IntHandlerCAN0_01
                0x00000000080071fa        0xe ./BSP/bsp_int.o
                0x00000000080071fa                BSP_IntHandlerCAN0_01
 .text.BSP_IntHandlerCAN0_02
                0x0000000008007208        0xe ./BSP/bsp_int.o
                0x0000000008007208                BSP_IntHandlerCAN0_02
 .text.BSP_IntHandlerCAN0_03
                0x0000000008007216        0xe ./BSP/bsp_int.o
                0x0000000008007216                BSP_IntHandlerCAN0_03
 .text.BSP_IntHandlerCAN0_04
                0x0000000008007224        0xe ./BSP/bsp_int.o
                0x0000000008007224                BSP_IntHandlerCAN0_04
 .text.BSP_IntHandlerCAN0_05
                0x0000000008007232        0xe ./BSP/bsp_int.o
                0x0000000008007232                BSP_IntHandlerCAN0_05
 .text.BSP_IntHandlerCAN0_06
                0x0000000008007240        0xe ./BSP/bsp_int.o
                0x0000000008007240                BSP_IntHandlerCAN0_06
 .text.BSP_IntHandlerCAN0_07
                0x000000000800724e        0xe ./BSP/bsp_int.o
                0x000000000800724e                BSP_IntHandlerCAN0_07
 .text.BSP_IntHandlerUSIC0_00
                0x000000000800725c        0xe ./BSP/bsp_int.o
                0x000000000800725c                BSP_IntHandlerUSIC0_00
 .text.BSP_IntHandlerUSIC0_01
                0x000000000800726a        0xe ./BSP/bsp_int.o
                0x000000000800726a                BSP_IntHandlerUSIC0_01
 .text.BSP_IntHandlerUSIC0_02
                0x0000000008007278        0xe ./BSP/bsp_int.o
                0x0000000008007278                BSP_IntHandlerUSIC0_02
 .text.BSP_IntHandlerUSIC0_03
                0x0000000008007286        0xe ./BSP/bsp_int.o
                0x0000000008007286                BSP_IntHandlerUSIC0_03
 .text.BSP_IntHandlerUSIC0_04
                0x0000000008007294        0xe ./BSP/bsp_int.o
                0x0000000008007294                BSP_IntHandlerUSIC0_04
 .text.BSP_IntHandlerUSIC0_05
                0x00000000080072a2        0xe ./BSP/bsp_int.o
                0x00000000080072a2                BSP_IntHandlerUSIC0_05
 .text.BSP_IntHandlerUSIC1_00
                0x00000000080072b0        0xe ./BSP/bsp_int.o
                0x00000000080072b0                BSP_IntHandlerUSIC1_00
 .text.BSP_IntHandlerUSIC1_01
                0x00000000080072be        0xe ./BSP/bsp_int.o
                0x00000000080072be                BSP_IntHandlerUSIC1_01
 .text.BSP_IntHandlerUSIC1_02
                0x00000000080072cc        0xe ./BSP/bsp_int.o
                0x00000000080072cc                BSP_IntHandlerUSIC1_02
 .text.BSP_IntHandlerUSIC1_03
                0x00000000080072da        0xe ./BSP/bsp_int.o
                0x00000000080072da                BSP_IntHandlerUSIC1_03
 .text.BSP_IntHandlerUSIC1_04
                0x00000000080072e8        0xe ./BSP/bsp_int.o
                0x00000000080072e8                BSP_IntHandlerUSIC1_04
 .text.BSP_IntHandlerUSIC1_05
                0x00000000080072f6        0xe ./BSP/bsp_int.o
                0x00000000080072f6                BSP_IntHandlerUSIC1_05
 .text.BSP_IntHandlerUSIC2_00
                0x0000000008007304        0xe ./BSP/bsp_int.o
                0x0000000008007304                BSP_IntHandlerUSIC2_00
 .text.BSP_IntHandlerUSIC2_01
                0x0000000008007312        0xe ./BSP/bsp_int.o
                0x0000000008007312                BSP_IntHandlerUSIC2_01
 .text.BSP_IntHandlerUSIC2_02
                0x0000000008007320        0xe ./BSP/bsp_int.o
                0x0000000008007320                BSP_IntHandlerUSIC2_02
 .text.BSP_IntHandlerUSIC2_03
                0x000000000800732e        0xe ./BSP/bsp_int.o
                0x000000000800732e                BSP_IntHandlerUSIC2_03
 .text.BSP_IntHandlerUSIC2_04
                0x000000000800733c        0xe ./BSP/bsp_int.o
                0x000000000800733c                BSP_IntHandlerUSIC2_04
 .text.BSP_IntHandlerUSIC2_05
                0x000000000800734a        0xe ./BSP/bsp_int.o
                0x000000000800734a                BSP_IntHandlerUSIC2_05
 .text.BSP_IntHandlerLEDTS0_00
                0x0000000008007358        0xe ./BSP/bsp_int.o
                0x0000000008007358                BSP_IntHandlerLEDTS0_00
 .text.BSP_IntHandlerFCE0_00
                0x0000000008007366        0xe ./BSP/bsp_int.o
                0x0000000008007366                BSP_IntHandlerFCE0_00
 .text.BSP_IntHandlerGPDMA0_00
                0x0000000008007374        0xe ./BSP/bsp_int.o
                0x0000000008007374                BSP_IntHandlerGPDMA0_00
 .text.BSP_IntHandlerSDMMC0_00
                0x0000000008007382        0xe ./BSP/bsp_int.o
                0x0000000008007382                BSP_IntHandlerSDMMC0_00
 .text.BSP_IntHandlerUSB0_00
                0x0000000008007390        0xe ./BSP/bsp_int.o
                0x0000000008007390                BSP_IntHandlerUSB0_00
 .text.BSP_IntHandlerETH0_00
                0x000000000800739e        0xe ./BSP/bsp_int.o
                0x000000000800739e                BSP_IntHandlerETH0_00
 .text.BSP_IntHandlerGPDMA1_00
                0x00000000080073ac        0xe ./BSP/bsp_int.o
                0x00000000080073ac                BSP_IntHandlerGPDMA1_00
 *fill*         0x00000000080073ba        0x2 
 .text.BSP_IntHandler
                0x00000000080073bc       0x48 ./BSP/bsp_int.o
 .text.NVIC_EnableIRQ
                0x0000000008007404       0x30 ./BSP/bsp_ccu4.o
 .text.NVIC_SetPriority
                0x0000000008007434       0x54 ./BSP/bsp_ccu4.o
 .text.XMC_CCU4_StartPrescaler
                0x0000000008007488       0x1e ./BSP/bsp_ccu4.o
 .text.XMC_CCU4_EnableClock
                0x00000000080074a6       0x28 ./BSP/bsp_ccu4.o
 .text.XMC_CCU4_SLICE_StartTimer
                0x00000000080074ce       0x18 ./BSP/bsp_ccu4.o
 .text.XMC_CCU4_SLICE_StopTimer
                0x00000000080074e6       0x1e ./BSP/bsp_ccu4.o
 .text.XMC_CCU4_SLICE_SetTimerPeriodMatch
                0x0000000008007504       0x1c ./BSP/bsp_ccu4.o
 .text.XMC_CCU4_SLICE_SetTimerCompareMatch
                0x0000000008007520       0x1c ./BSP/bsp_ccu4.o
 .text.XMC_CCU4_SLICE_EnableEvent
                0x000000000800753c       0x2c ./BSP/bsp_ccu4.o
 .text.BSP_ConfigCCU4_Timer
                0x0000000008007568       0x94 ./BSP/bsp_ccu4.o
                0x0000000008007568                BSP_ConfigCCU4_Timer
 .text.BSP_PWM_SetPen
                0x00000000080075fc       0x74 ./BSP/bsp_ccu4.o
                0x00000000080075fc                BSP_PWM_SetPen
 .text.BSP_DAC0_1_Init
                0x0000000008007670       0x24 ./BSP/bsp_dac.o
                0x0000000008007670                BSP_DAC0_1_Init
 .text._lseek   0x0000000008007694       0x1a ../CMSIS/CMSIS/Infineon/Lib/System_LibcStubs.o
                0x0000000008007694                _lseek
 .text._read    0x00000000080076ae       0x18 ../CMSIS/CMSIS/Infineon/Lib/System_LibcStubs.o
                0x00000000080076ae                _read
 .text._close   0x00000000080076c6       0x10 ../CMSIS/CMSIS/Infineon/Lib/System_LibcStubs.o
                0x00000000080076c6                _close
 .text._fstat   0x00000000080076d6       0x24 ../CMSIS/CMSIS/Infineon/Lib/System_LibcStubs.o
                0x00000000080076d6                _fstat
 *fill*         0x00000000080076fa        0x2 
 .text._sbrk    0x00000000080076fc       0x70 ../CMSIS/CMSIS/Infineon/Lib/System_LibcStubs.o
                0x00000000080076fc                _sbrk
 .text._init    0x000000000800776c        0xc ../CMSIS/CMSIS/Infineon/Lib/System_LibcStubs.o
                0x000000000800776c                _init
 .text._isatty  0x0000000008007778       0x16 ../CMSIS/CMSIS/Infineon/Lib/System_LibcStubs.o
                0x0000000008007778                _isatty
 .text.XMC_DAC_CH_EnableOutput
                0x000000000800778e       0x2e ../XMCLIB/src/xmc_dac.o
 .text.XMC_DAC_CH_SetMode
                0x00000000080077bc       0x34 ../XMCLIB/src/xmc_dac.o
 .text.XMC_DAC_Enable
                0x00000000080077f0       0x1c ../XMCLIB/src/xmc_dac.o
                0x00000000080077f0                XMC_DAC_Enable
 .text.XMC_DAC_CH_Init
                0x000000000800780c       0x48 ../XMCLIB/src/xmc_dac.o
                0x000000000800780c                XMC_DAC_CH_Init
 .text.XMC_DAC_CH_StartSingleValueMode
                0x0000000008007854       0x24 ../XMCLIB/src/xmc_dac.o
                0x0000000008007854                XMC_DAC_CH_StartSingleValueMode
 .text.XMC_GPIO_SetMode
                0x0000000008007878       0x80 ../XMCLIB/src/xmc_gpio.o
                0x0000000008007878                XMC_GPIO_SetMode
 .text.XMC_CCU4_EnableModule
                0x00000000080078f8       0x1c ../XMCLIB/src/xmc_ccu4.o
                0x00000000080078f8                XMC_CCU4_EnableModule
 .text.XMC_CCU4_Init
                0x0000000008007914       0x38 ../XMCLIB/src/xmc_ccu4.o
                0x0000000008007914                XMC_CCU4_Init
 .text.XMC_CCU4_SetModuleClock
                0x000000000800794c       0x34 ../XMCLIB/src/xmc_ccu4.o
                0x000000000800794c                XMC_CCU4_SetModuleClock
 .text.XMC_CCU4_SLICE_CompareInit
                0x0000000008007980       0x6c ../XMCLIB/src/xmc_ccu4.o
                0x0000000008007980                XMC_CCU4_SLICE_CompareInit
 .text.XMC_CCU4_SLICE_StartConfig
                0x00000000080079ec       0x5a ../XMCLIB/src/xmc_ccu4.o
                0x00000000080079ec                XMC_CCU4_SLICE_StartConfig
 .text.XMC_CCU4_EnableShadowTransfer
                0x0000000008007a46       0x20 ../XMCLIB/src/xmc_ccu4.o
                0x0000000008007a46                XMC_CCU4_EnableShadowTransfer
 *fill*         0x0000000008007a66        0x2 
 .text.XMC_CCU4_SLICE_SetInterruptNode
                0x0000000008007a68       0xb0 ../XMCLIB/src/xmc_ccu4.o
                0x0000000008007a68                XMC_CCU4_SLICE_SetInterruptNode
 .text.XMC_CCU4_lDeassertReset
                0x0000000008007b18       0x58 ../XMCLIB/src/xmc_ccu4.o
                0x0000000008007b18                XMC_CCU4_lDeassertReset
 .text.XMC_GPIO_Init
                0x0000000008007b70      0x140 ../XMCLIB/src/xmc4_gpio.o
                0x0000000008007b70                XMC_GPIO_Init
 .text.XMC_CCU8_SLICE_StopTimer
                0x0000000008007cb0       0x1e ../XMCLIB/src/xmc_ccu8.o
 .text.XMC_CCU8_EnableModule
                0x0000000008007cce       0x1c ../XMCLIB/src/xmc_ccu8.o
                0x0000000008007cce                XMC_CCU8_EnableModule
 .text.XMC_CCU8_Init
                0x0000000008007cea       0x38 ../XMCLIB/src/xmc_ccu8.o
                0x0000000008007cea                XMC_CCU8_Init
 .text.XMC_CCU8_SetModuleClock
                0x0000000008007d22       0x34 ../XMCLIB/src/xmc_ccu8.o
                0x0000000008007d22                XMC_CCU8_SetModuleClock
 .text.XMC_CCU8_SLICE_CompareInit
                0x0000000008007d56       0x74 ../XMCLIB/src/xmc_ccu8.o
                0x0000000008007d56                XMC_CCU8_SLICE_CompareInit
 .text.XMC_CCU8_SLICE_SetTimerPeriodMatch
                0x0000000008007dca       0x1c ../XMCLIB/src/xmc_ccu8.o
                0x0000000008007dca                XMC_CCU8_SLICE_SetTimerPeriodMatch
 .text.XMC_CCU8_SLICE_SetTimerCompareMatch
                0x0000000008007de6       0x2e ../XMCLIB/src/xmc_ccu8.o
                0x0000000008007de6                XMC_CCU8_SLICE_SetTimerCompareMatch
 .text.XMC_CCU8_EnableShadowTransfer
                0x0000000008007e14       0x20 ../XMCLIB/src/xmc_ccu8.o
                0x0000000008007e14                XMC_CCU8_EnableShadowTransfer
 .text.XMC_CCU8_SLICE_SetInterruptNode
                0x0000000008007e34       0xb8 ../XMCLIB/src/xmc_ccu8.o
                0x0000000008007e34                XMC_CCU8_SLICE_SetInterruptNode
 .text.XMC_CCU8_lDeassertReset
                0x0000000008007eec       0x2c ../XMCLIB/src/xmc_ccu8.o
                0x0000000008007eec                XMC_CCU8_lDeassertReset
 .text.XMC_USIC_CH_GetTransmitBufferStatus
                0x0000000008007f18       0x1e ../XMCLIB/src/xmc_uart.o
 .text.XMC_UART_CH_ClearStatusFlag
                0x0000000008007f36       0x1a ../XMCLIB/src/xmc_uart.o
 .text.XMC_UART_CH_Init
                0x0000000008007f50       0xaa ../XMCLIB/src/xmc_uart.o
                0x0000000008007f50                XMC_UART_CH_Init
 .text.XMC_UART_CH_Transmit
                0x0000000008007ffa       0x4c ../XMCLIB/src/xmc_uart.o
                0x0000000008007ffa                XMC_UART_CH_Transmit
 .text.XMC_UART_CH_GetReceivedData
                0x0000000008008046       0x32 ../XMCLIB/src/xmc_uart.o
                0x0000000008008046                XMC_UART_CH_GetReceivedData
 .text.XMC_UART_CH_EnableEvent
                0x0000000008008078       0x38 ../XMCLIB/src/xmc_uart.o
                0x0000000008008078                XMC_UART_CH_EnableEvent
 .text.XMC_USIC_CH_GetTransmitBufferStatus
                0x00000000080080b0       0x1e ../XMCLIB/src/xmc_spi.o
 .text.XMC_USIC_CH_GetReceiveBufferStatus
                0x00000000080080ce       0x1a ../XMCLIB/src/xmc_spi.o
 .text.XMC_SPI_CH_ClearStatusFlag
                0x00000000080080e8       0x20 ../XMCLIB/src/xmc_spi.o
 .text.XMC_SPI_CH_Init
                0x0000000008008108       0x6c ../XMCLIB/src/xmc_spi.o
                0x0000000008008108                XMC_SPI_CH_Init
 .text.XMC_SPI_CH_Transmit
                0x0000000008008174       0x6e ../XMCLIB/src/xmc_spi.o
                0x0000000008008174                XMC_SPI_CH_Transmit
 .text.XMC_SPI_CH_GetReceivedData
                0x00000000080081e2       0x4e ../XMCLIB/src/xmc_spi.o
                0x00000000080081e2                XMC_SPI_CH_GetReceivedData
 .text.XMC_SPI_CH_EnableEvent
                0x0000000008008230       0x38 ../XMCLIB/src/xmc_spi.o
                0x0000000008008230                XMC_SPI_CH_EnableEvent
 .text.XMC_SCU_CLOCK_GetCpuClockFrequency
                0x0000000008008268       0x14 ../XMCLIB/src/xmc4_scu.o
 .text.XMC_SCU_RESET_DeassertPeripheralReset
                0x000000000800827c       0x3c ../XMCLIB/src/xmc4_scu.o
                0x000000000800827c                XMC_SCU_RESET_DeassertPeripheralReset
 .text.XMC_SCU_CLOCK_GetPeripheralClockFrequency
                0x00000000080082b8       0x20 ../XMCLIB/src/xmc4_scu.o
                0x00000000080082b8                XMC_SCU_CLOCK_GetPeripheralClockFrequency
 .text.XMC_SCU_CLOCK_EnableClock
                0x00000000080082d8       0x20 ../XMCLIB/src/xmc4_scu.o
                0x00000000080082d8                XMC_SCU_CLOCK_EnableClock
 .text.XMC_USIC_Enable
                0x00000000080082f8       0x54 ../XMCLIB/src/xmc4_usic.o
                0x00000000080082f8                XMC_USIC_Enable
 .text.XMC_USIC_CH_Enable
                0x000000000800834c       0x9c ../XMCLIB/src/xmc_usic.o
                0x000000000800834c                XMC_USIC_CH_Enable
 .text.XMC_USIC_CH_SetBaudrate
                0x00000000080083e8       0xe4 ../XMCLIB/src/xmc_usic.o
                0x00000000080083e8                XMC_USIC_CH_SetBaudrate
 .text.XMC_USIC_CH_SetInterruptNodePointer
                0x00000000080084cc       0x36 ../XMCLIB/src/xmc_usic.o
                0x00000000080084cc                XMC_USIC_CH_SetInterruptNodePointer
 *fill*         0x0000000008008502        0x2 
 .text.Reset_Handler
                0x0000000008008504       0x88 ./BSP/startup.o
                0x0000000008008504                Reset_Handler
 .text.App_NMI_ISR
                0x000000000800858c        0x2 ./BSP/startup.o
 .text.App_Fault_ISR
                0x000000000800858e        0x2 ./BSP/startup.o
 .text.App_MemFault_ISR
                0x0000000008008590        0x2 ./BSP/startup.o
 .text.App_BusFault_ISR
                0x0000000008008592        0x2 ./BSP/startup.o
 .text.App_UsageFault_ISR
                0x0000000008008594        0x2 ./BSP/startup.o
 .text.App_Spurious_ISR
                0x0000000008008596        0x2 ./BSP/startup.o
 .text.__errno  0x0000000008008598        0xc /home/tommi/Bin/gcc-arm-none-eabi-7-2017-q4-major/bin/../lib/gcc/arm-none-eabi/7.2.1/../../../../arm-none-eabi/lib/thumb/v7e-m/libg.a(lib_a-errno.o)
                0x0000000008008598                __errno
 .text.__libc_init_array
                0x00000000080085a4       0x48 /home/tommi/Bin/gcc-arm-none-eabi-7-2017-q4-major/bin/../lib/gcc/arm-none-eabi/7.2.1/../../../../arm-none-eabi/lib/thumb/v7e-m/libg.a(lib_a-init.o)
                0x00000000080085a4                __libc_init_array
 .text.memset   0x00000000080085ec       0x94 /home/tommi/Bin/gcc-arm-none-eabi-7-2017-q4-major/bin/../lib/gcc/arm-none-eabi/7.2.1/../../../../arm-none-eabi/lib/thumb/v7e-m/libg.a(lib_a-memset.o)
                0x00000000080085ec                memset
 .text.printf   0x0000000008008680       0x28 /home/tommi/Bin/gcc-arm-none-eabi-7-2017-q4-major/bin/../lib/gcc/arm-none-eabi/7.2.1/../../../../arm-none-eabi/lib/thumb/v7e-m/libg.a(lib_a-printf.o)
                0x0000000008008680                printf
 .text._puts_r  0x00000000080086a8       0x9c /home/tommi/Bin/gcc-arm-none-eabi-7-2017-q4-major/bin/../lib/gcc/arm-none-eabi/7.2.1/../../../../arm-none-eabi/lib/thumb/v7e-m/libg.a(lib_a-puts.o)
                0x00000000080086a8                _puts_r
 .text.puts     0x0000000008008744       0x10 /home/tommi/Bin/gcc-arm-none-eabi-7-2017-q4-major/bin/../lib/gcc/arm-none-eabi/7.2.1/../../../../arm-none-eabi/lib/thumb/v7e-m/libg.a(lib_a-puts.o)
                0x0000000008008744                puts
 .text.sprintf  0x0000000008008754       0x44 /home/tommi/Bin/gcc-arm-none-eabi-7-2017-q4-major/bin/../lib/gcc/arm-none-eabi/7.2.1/../../../../arm-none-eabi/lib/thumb/v7e-m/libg.a(lib_a-sprintf.o)
                0x0000000008008754                sprintf
 .text.strncmp  0x0000000008008798       0x98 /home/tommi/Bin/gcc-arm-none-eabi-7-2017-q4-major/bin/../lib/gcc/arm-none-eabi/7.2.1/../../../../arm-none-eabi/lib/thumb/v7e-m/libg.a(lib_a-strncmp.o)
                0x0000000008008798                strncmp
 .text.strtok   0x0000000008008830       0x10 /home/tommi/Bin/gcc-arm-none-eabi-7-2017-q4-major/bin/../lib/gcc/arm-none-eabi/7.2.1/../../../../arm-none-eabi/lib/thumb/v7e-m/libg.a(lib_a-strtok.o)
                0x0000000008008830                strtok
 .text.__strtok_r
                0x0000000008008840       0x64 /home/tommi/Bin/gcc-arm-none-eabi-7-2017-q4-major/bin/../lib/gcc/arm-none-eabi/7.2.1/../../../../arm-none-eabi/lib/thumb/v7e-m/libg.a(lib_a-strtok_r.o)
                0x0000000008008840                __strtok_r
 .text._strtol_l.isra.0
                0x00000000080088a4      0x124 /home/tommi/Bin/gcc-arm-none-eabi-7-2017-q4-major/bin/../lib/gcc/arm-none-eabi/7.2.1/../../../../arm-none-eabi/lib/thumb/v7e-m/libg.a(lib_a-strtol.o)
 .text.strtol   0x00000000080089c8       0x2c /home/tommi/Bin/gcc-arm-none-eabi-7-2017-q4-major/bin/../lib/gcc/arm-none-eabi/7.2.1/../../../../arm-none-eabi/lib/thumb/v7e-m/libg.a(lib_a-strtol.o)
                0x00000000080089c8                strtol
 .text._svfprintf_r
                0x00000000080089f4     0x14a0 /home/tommi/Bin/gcc-arm-none-eabi-7-2017-q4-major/bin/../lib/gcc/arm-none-eabi/7.2.1/../../../../arm-none-eabi/lib/thumb/v7e-m/libg.a(lib_a-svfprintf.o)
                0x00000000080089f4                _svfprintf_r
 .text._vfprintf_r
                0x0000000008009e94     0x1504 /home/tommi/Bin/gcc-arm-none-eabi-7-2017-q4-major/bin/../lib/gcc/arm-none-eabi/7.2.1/../../../../arm-none-eabi/lib/thumb/v7e-m/libg.a(lib_a-vfprintf.o)
                0x0000000008009e94                _vfprintf_r
 .text.__sbprintf
                0x000000000800b398       0x84 /home/tommi/Bin/gcc-arm-none-eabi-7-2017-q4-major/bin/../lib/gcc/arm-none-eabi/7.2.1/../../../../arm-none-eabi/lib/thumb/v7e-m/libg.a(lib_a-vfprintf.o)
 .text.__swsetup_r
                0x000000000800b41c       0xcc /home/tommi/Bin/gcc-arm-none-eabi-7-2017-q4-major/bin/../lib/gcc/arm-none-eabi/7.2.1/../../../../arm-none-eabi/lib/thumb/v7e-m/libg.a(lib_a-wsetup.o)
                0x000000000800b41c                __swsetup_r
 .text.quorem   0x000000000800b4e8      0x124 /home/tommi/Bin/gcc-arm-none-eabi-7-2017-q4-major/bin/../lib/gcc/arm-none-eabi/7.2.1/../../../../arm-none-eabi/lib/thumb/v7e-m/libg.a(lib_a-dtoa.o)
 *fill*         0x000000000800b60c        0x4 
 .text._dtoa_r  0x000000000800b610      0xdf4 /home/tommi/Bin/gcc-arm-none-eabi-7-2017-q4-major/bin/../lib/gcc/arm-none-eabi/7.2.1/../../../../arm-none-eabi/lib/thumb/v7e-m/libg.a(lib_a-dtoa.o)
                0x000000000800b610                _dtoa_r
 .text.__sflush_r
                0x000000000800c404      0x154 /home/tommi/Bin/gcc-arm-none-eabi-7-2017-q4-major/bin/../lib/gcc/arm-none-eabi/7.2.1/../../../../arm-none-eabi/lib/thumb/v7e-m/libg.a(lib_a-fflush.o)
                0x000000000800c404                __sflush_r
 .text._fflush_r
                0x000000000800c558       0x5c /home/tommi/Bin/gcc-arm-none-eabi-7-2017-q4-major/bin/../lib/gcc/arm-none-eabi/7.2.1/../../../../arm-none-eabi/lib/thumb/v7e-m/libg.a(lib_a-fflush.o)
                0x000000000800c558                _fflush_r
 .text.std      0x000000000800c5b4       0x50 /home/tommi/Bin/gcc-arm-none-eabi-7-2017-q4-major/bin/../lib/gcc/arm-none-eabi/7.2.1/../../../../arm-none-eabi/lib/thumb/v7e-m/libg.a(lib_a-findfp.o)
 .text._cleanup_r
                0x000000000800c604        0xc /home/tommi/Bin/gcc-arm-none-eabi-7-2017-q4-major/bin/../lib/gcc/arm-none-eabi/7.2.1/../../../../arm-none-eabi/lib/thumb/v7e-m/libg.a(lib_a-findfp.o)
                0x000000000800c604                _cleanup_r
 .text.__sinit  0x000000000800c610       0x58 /home/tommi/Bin/gcc-arm-none-eabi-7-2017-q4-major/bin/../lib/gcc/arm-none-eabi/7.2.1/../../../../arm-none-eabi/lib/thumb/v7e-m/libg.a(lib_a-findfp.o)
                0x000000000800c610                __sinit
 .text.__sfp_lock_acquire
                0x000000000800c668        0xc /home/tommi/Bin/gcc-arm-none-eabi-7-2017-q4-major/bin/../lib/gcc/arm-none-eabi/7.2.1/../../../../arm-none-eabi/lib/thumb/v7e-m/libg.a(lib_a-findfp.o)
                0x000000000800c668                __sfp_lock_acquire
 .text.__sfp_lock_release
                0x000000000800c674        0xc /home/tommi/Bin/gcc-arm-none-eabi-7-2017-q4-major/bin/../lib/gcc/arm-none-eabi/7.2.1/../../../../arm-none-eabi/lib/thumb/v7e-m/libg.a(lib_a-findfp.o)
                0x000000000800c674                __sfp_lock_release
 .text._malloc_trim_r
                0x000000000800c680       0xa0 /home/tommi/Bin/gcc-arm-none-eabi-7-2017-q4-major/bin/../lib/gcc/arm-none-eabi/7.2.1/../../../../arm-none-eabi/lib/thumb/v7e-m/libg.a(lib_a-freer.o)
                0x000000000800c680                _malloc_trim_r
 .text._free_r  0x000000000800c720      0x1e8 /home/tommi/Bin/gcc-arm-none-eabi-7-2017-q4-major/bin/../lib/gcc/arm-none-eabi/7.2.1/../../../../arm-none-eabi/lib/thumb/v7e-m/libg.a(lib_a-freer.o)
                0x000000000800c720                _free_r
 .text.__sfvwrite_r
                0x000000000800c908      0x2fc /home/tommi/Bin/gcc-arm-none-eabi-7-2017-q4-major/bin/../lib/gcc/arm-none-eabi/7.2.1/../../../../arm-none-eabi/lib/thumb/v7e-m/libg.a(lib_a-fvwrite.o)
                0x000000000800c908                __sfvwrite_r
 .text._fwalk_reent
                0x000000000800cc04       0x54 /home/tommi/Bin/gcc-arm-none-eabi-7-2017-q4-major/bin/../lib/gcc/arm-none-eabi/7.2.1/../../../../arm-none-eabi/lib/thumb/v7e-m/libg.a(lib_a-fwalk.o)
                0x000000000800cc04                _fwalk_reent
 .text.__locale_mb_cur_max
                0x000000000800cc58       0x1c /home/tommi/Bin/gcc-arm-none-eabi-7-2017-q4-major/bin/../lib/gcc/arm-none-eabi/7.2.1/../../../../arm-none-eabi/lib/thumb/v7e-m/libg.a(lib_a-locale.o)
                0x000000000800cc58                __locale_mb_cur_max
 .text.__locale_ctype_ptr_l
                0x000000000800cc74        0x8 /home/tommi/Bin/gcc-arm-none-eabi-7-2017-q4-major/bin/../lib/gcc/arm-none-eabi/7.2.1/../../../../arm-none-eabi/lib/thumb/v7e-m/libg.a(lib_a-locale.o)
                0x000000000800cc74                __locale_ctype_ptr_l
 .text._localeconv_r
                0x000000000800cc7c       0x1c /home/tommi/Bin/gcc-arm-none-eabi-7-2017-q4-major/bin/../lib/gcc/arm-none-eabi/7.2.1/../../../../arm-none-eabi/lib/thumb/v7e-m/libg.a(lib_a-localeconv.o)
                0x000000000800cc7c                _localeconv_r
 .text.__retarget_lock_init_recursive
                0x000000000800cc98        0x4 /home/tommi/Bin/gcc-arm-none-eabi-7-2017-q4-major/bin/../lib/gcc/arm-none-eabi/7.2.1/../../../../arm-none-eabi/lib/thumb/v7e-m/libg.a(lib_a-lock.o)
                0x000000000800cc98                __retarget_lock_init_recursive
 .text.__retarget_lock_close_recursive
                0x000000000800cc9c        0x4 /home/tommi/Bin/gcc-arm-none-eabi-7-2017-q4-major/bin/../lib/gcc/arm-none-eabi/7.2.1/../../../../arm-none-eabi/lib/thumb/v7e-m/libg.a(lib_a-lock.o)
                0x000000000800cc9c                __retarget_lock_close_recursive
 .text.__retarget_lock_acquire_recursive
                0x000000000800cca0        0x4 /home/tommi/Bin/gcc-arm-none-eabi-7-2017-q4-major/bin/../lib/gcc/arm-none-eabi/7.2.1/../../../../arm-none-eabi/lib/thumb/v7e-m/libg.a(lib_a-lock.o)
                0x000000000800cca0                __retarget_lock_acquire_recursive
 .text.__retarget_lock_release_recursive
                0x000000000800cca4        0x4 /home/tommi/Bin/gcc-arm-none-eabi-7-2017-q4-major/bin/../lib/gcc/arm-none-eabi/7.2.1/../../../../arm-none-eabi/lib/thumb/v7e-m/libg.a(lib_a-lock.o)
                0x000000000800cca4                __retarget_lock_release_recursive
 .text.__swhatbuf_r
                0x000000000800cca8       0x5c /home/tommi/Bin/gcc-arm-none-eabi-7-2017-q4-major/bin/../lib/gcc/arm-none-eabi/7.2.1/../../../../arm-none-eabi/lib/thumb/v7e-m/libg.a(lib_a-makebuf.o)
                0x000000000800cca8                __swhatbuf_r
 .text.__smakebuf_r
                0x000000000800cd04       0x94 /home/tommi/Bin/gcc-arm-none-eabi-7-2017-q4-major/bin/../lib/gcc/arm-none-eabi/7.2.1/../../../../arm-none-eabi/lib/thumb/v7e-m/libg.a(lib_a-makebuf.o)
                0x000000000800cd04                __smakebuf_r
 .text._malloc_r
                0x000000000800cd98      0x548 /home/tommi/Bin/gcc-arm-none-eabi-7-2017-q4-major/bin/../lib/gcc/arm-none-eabi/7.2.1/../../../../arm-none-eabi/lib/thumb/v7e-m/libg.a(lib_a-mallocr.o)
                0x000000000800cd98                _malloc_r
 .text.__ascii_mbtowc
                0x000000000800d2e0       0x2c /home/tommi/Bin/gcc-arm-none-eabi-7-2017-q4-major/bin/../lib/gcc/arm-none-eabi/7.2.1/../../../../arm-none-eabi/lib/thumb/v7e-m/libg.a(lib_a-mbtowc_r.o)
                0x000000000800d2e0                __ascii_mbtowc
 .text.memmove  0x000000000800d30c       0xc8 /home/tommi/Bin/gcc-arm-none-eabi-7-2017-q4-major/bin/../lib/gcc/arm-none-eabi/7.2.1/../../../../arm-none-eabi/lib/thumb/v7e-m/libg.a(lib_a-memmove.o)
                0x000000000800d30c                memmove
 .text.__malloc_lock
                0x000000000800d3d4        0xc /home/tommi/Bin/gcc-arm-none-eabi-7-2017-q4-major/bin/../lib/gcc/arm-none-eabi/7.2.1/../../../../arm-none-eabi/lib/thumb/v7e-m/libg.a(lib_a-mlock.o)
                0x000000000800d3d4                __malloc_lock
 .text.__malloc_unlock
                0x000000000800d3e0        0xc /home/tommi/Bin/gcc-arm-none-eabi-7-2017-q4-major/bin/../lib/gcc/arm-none-eabi/7.2.1/../../../../arm-none-eabi/lib/thumb/v7e-m/libg.a(lib_a-mlock.o)
                0x000000000800d3e0                __malloc_unlock
 .text._Balloc  0x000000000800d3ec       0x4c /home/tommi/Bin/gcc-arm-none-eabi-7-2017-q4-major/bin/../lib/gcc/arm-none-eabi/7.2.1/../../../../arm-none-eabi/lib/thumb/v7e-m/libg.a(lib_a-mprec.o)
                0x000000000800d3ec                _Balloc
 .text._Bfree   0x000000000800d438       0x14 /home/tommi/Bin/gcc-arm-none-eabi-7-2017-q4-major/bin/../lib/gcc/arm-none-eabi/7.2.1/../../../../arm-none-eabi/lib/thumb/v7e-m/libg.a(lib_a-mprec.o)
                0x000000000800d438                _Bfree
 .text.__multadd
                0x000000000800d44c       0x80 /home/tommi/Bin/gcc-arm-none-eabi-7-2017-q4-major/bin/../lib/gcc/arm-none-eabi/7.2.1/../../../../arm-none-eabi/lib/thumb/v7e-m/libg.a(lib_a-mprec.o)
                0x000000000800d44c                __multadd
 .text.__hi0bits
                0x000000000800d4cc       0x40 /home/tommi/Bin/gcc-arm-none-eabi-7-2017-q4-major/bin/../lib/gcc/arm-none-eabi/7.2.1/../../../../arm-none-eabi/lib/thumb/v7e-m/libg.a(lib_a-mprec.o)
                0x000000000800d4cc                __hi0bits
 .text.__lo0bits
                0x000000000800d50c       0x60 /home/tommi/Bin/gcc-arm-none-eabi-7-2017-q4-major/bin/../lib/gcc/arm-none-eabi/7.2.1/../../../../arm-none-eabi/lib/thumb/v7e-m/libg.a(lib_a-mprec.o)
                0x000000000800d50c                __lo0bits
 .text.__i2b    0x000000000800d56c       0x14 /home/tommi/Bin/gcc-arm-none-eabi-7-2017-q4-major/bin/../lib/gcc/arm-none-eabi/7.2.1/../../../../arm-none-eabi/lib/thumb/v7e-m/libg.a(lib_a-mprec.o)
                0x000000000800d56c                __i2b
 .text.__multiply
                0x000000000800d580      0x14c /home/tommi/Bin/gcc-arm-none-eabi-7-2017-q4-major/bin/../lib/gcc/arm-none-eabi/7.2.1/../../../../arm-none-eabi/lib/thumb/v7e-m/libg.a(lib_a-mprec.o)
                0x000000000800d580                __multiply
 .text.__pow5mult
                0x000000000800d6cc       0xa0 /home/tommi/Bin/gcc-arm-none-eabi-7-2017-q4-major/bin/../lib/gcc/arm-none-eabi/7.2.1/../../../../arm-none-eabi/lib/thumb/v7e-m/libg.a(lib_a-mprec.o)
                0x000000000800d6cc                __pow5mult
 .text.__lshift
                0x000000000800d76c       0xac /home/tommi/Bin/gcc-arm-none-eabi-7-2017-q4-major/bin/../lib/gcc/arm-none-eabi/7.2.1/../../../../arm-none-eabi/lib/thumb/v7e-m/libg.a(lib_a-mprec.o)
                0x000000000800d76c                __lshift
 .text.__mcmp   0x000000000800d818       0x38 /home/tommi/Bin/gcc-arm-none-eabi-7-2017-q4-major/bin/../lib/gcc/arm-none-eabi/7.2.1/../../../../arm-none-eabi/lib/thumb/v7e-m/libg.a(lib_a-mprec.o)
                0x000000000800d818                __mcmp
 .text.__mdiff  0x000000000800d850       0xec /home/tommi/Bin/gcc-arm-none-eabi-7-2017-q4-major/bin/../lib/gcc/arm-none-eabi/7.2.1/../../../../arm-none-eabi/lib/thumb/v7e-m/libg.a(lib_a-mprec.o)
                0x000000000800d850                __mdiff
 .text.__d2b    0x000000000800d93c       0xb0 /home/tommi/Bin/gcc-arm-none-eabi-7-2017-q4-major/bin/../lib/gcc/arm-none-eabi/7.2.1/../../../../arm-none-eabi/lib/thumb/v7e-m/libg.a(lib_a-mprec.o)
                0x000000000800d93c                __d2b
 .text._realloc_r
                0x000000000800d9ec      0x35c /home/tommi/Bin/gcc-arm-none-eabi-7-2017-q4-major/bin/../lib/gcc/arm-none-eabi/7.2.1/../../../../arm-none-eabi/lib/thumb/v7e-m/libg.a(lib_a-reallocr.o)
                0x000000000800d9ec                _realloc_r
 .text._sbrk_r  0x000000000800dd48       0x24 /home/tommi/Bin/gcc-arm-none-eabi-7-2017-q4-major/bin/../lib/gcc/arm-none-eabi/7.2.1/../../../../arm-none-eabi/lib/thumb/v7e-m/libg.a(lib_a-sbrkr.o)
                0x000000000800dd48                _sbrk_r
 .text.__sread  0x000000000800dd6c       0x24 /home/tommi/Bin/gcc-arm-none-eabi-7-2017-q4-major/bin/../lib/gcc/arm-none-eabi/7.2.1/../../../../arm-none-eabi/lib/thumb/v7e-m/libg.a(lib_a-stdio.o)
                0x000000000800dd6c                __sread
 .text.__swrite
                0x000000000800dd90       0x3c /home/tommi/Bin/gcc-arm-none-eabi-7-2017-q4-major/bin/../lib/gcc/arm-none-eabi/7.2.1/../../../../arm-none-eabi/lib/thumb/v7e-m/libg.a(lib_a-stdio.o)
                0x000000000800dd90                __swrite
 .text.__sseek  0x000000000800ddcc       0x20 /home/tommi/Bin/gcc-arm-none-eabi-7-2017-q4-major/bin/../lib/gcc/arm-none-eabi/7.2.1/../../../../arm-none-eabi/lib/thumb/v7e-m/libg.a(lib_a-stdio.o)
                0x000000000800ddcc                __sseek
 .text.__sclose
                0x000000000800ddec        0x8 /home/tommi/Bin/gcc-arm-none-eabi-7-2017-q4-major/bin/../lib/gcc/arm-none-eabi/7.2.1/../../../../arm-none-eabi/lib/thumb/v7e-m/libg.a(lib_a-stdio.o)
                0x000000000800ddec                __sclose
 .text.__ssprint_r
                0x000000000800ddf4       0xf4 /home/tommi/Bin/gcc-arm-none-eabi-7-2017-q4-major/bin/../lib/gcc/arm-none-eabi/7.2.1/../../../../arm-none-eabi/lib/thumb/v7e-m/libg.a(lib_a-svfiprintf.o)
                0x000000000800ddf4                __ssprint_r
 .text.__sprint_r.part.0
                0x000000000800dee8       0x78 /home/tommi/Bin/gcc-arm-none-eabi-7-2017-q4-major/bin/../lib/gcc/arm-none-eabi/7.2.1/../../../../arm-none-eabi/lib/thumb/v7e-m/libg.a(lib_a-vfiprintf.o)
 .text.__sprint_r
                0x000000000800df60       0x14 /home/tommi/Bin/gcc-arm-none-eabi-7-2017-q4-major/bin/../lib/gcc/arm-none-eabi/7.2.1/../../../../arm-none-eabi/lib/thumb/v7e-m/libg.a(lib_a-vfiprintf.o)
                0x000000000800df60                __sprint_r
 .text.__ascii_wctomb
                0x000000000800df74       0x1c /home/tommi/Bin/gcc-arm-none-eabi-7-2017-q4-major/bin/../lib/gcc/arm-none-eabi/7.2.1/../../../../arm-none-eabi/lib/thumb/v7e-m/libg.a(lib_a-wctomb_r.o)
                0x000000000800df74                __ascii_wctomb
 .text._write_r
                0x000000000800df90       0x2c /home/tommi/Bin/gcc-arm-none-eabi-7-2017-q4-major/bin/../lib/gcc/arm-none-eabi/7.2.1/../../../../arm-none-eabi/lib/thumb/v7e-m/libg.a(lib_a-writer.o)
                0x000000000800df90                _write_r
 .text._calloc_r
                0x000000000800dfbc       0x68 /home/tommi/Bin/gcc-arm-none-eabi-7-2017-q4-major/bin/../lib/gcc/arm-none-eabi/7.2.1/../../../../arm-none-eabi/lib/thumb/v7e-m/libg.a(lib_a-callocr.o)
                0x000000000800dfbc                _calloc_r
 .text._close_r
                0x000000000800e024       0x24 /home/tommi/Bin/gcc-arm-none-eabi-7-2017-q4-major/bin/../lib/gcc/arm-none-eabi/7.2.1/../../../../arm-none-eabi/lib/thumb/v7e-m/libg.a(lib_a-closer.o)
                0x000000000800e024                _close_r
 .text._fclose_r
                0x000000000800e048       0xd0 /home/tommi/Bin/gcc-arm-none-eabi-7-2017-q4-major/bin/../lib/gcc/arm-none-eabi/7.2.1/../../../../arm-none-eabi/lib/thumb/v7e-m/libg.a(lib_a-fclose.o)
                0x000000000800e048                _fclose_r
 .text.__fputwc
                0x000000000800e118       0xa0 /home/tommi/Bin/gcc-arm-none-eabi-7-2017-q4-major/bin/../lib/gcc/arm-none-eabi/7.2.1/../../../../arm-none-eabi/lib/thumb/v7e-m/libg.a(lib_a-fputwc.o)
                0x000000000800e118                __fputwc
 .text._fputwc_r
                0x000000000800e1b8       0x64 /home/tommi/Bin/gcc-arm-none-eabi-7-2017-q4-major/bin/../lib/gcc/arm-none-eabi/7.2.1/../../../../arm-none-eabi/lib/thumb/v7e-m/libg.a(lib_a-fputwc.o)
                0x000000000800e1b8                _fputwc_r
 .text._fstat_r
                0x000000000800e21c       0x28 /home/tommi/Bin/gcc-arm-none-eabi-7-2017-q4-major/bin/../lib/gcc/arm-none-eabi/7.2.1/../../../../arm-none-eabi/lib/thumb/v7e-m/libg.a(lib_a-fstatr.o)
                0x000000000800e21c                _fstat_r
 .text._isatty_r
                0x000000000800e244       0x24 /home/tommi/Bin/gcc-arm-none-eabi-7-2017-q4-major/bin/../lib/gcc/arm-none-eabi/7.2.1/../../../../arm-none-eabi/lib/thumb/v7e-m/libg.a(lib_a-isattyr.o)
                0x000000000800e244                _isatty_r
 .text._lseek_r
                0x000000000800e268       0x2c /home/tommi/Bin/gcc-arm-none-eabi-7-2017-q4-major/bin/../lib/gcc/arm-none-eabi/7.2.1/../../../../arm-none-eabi/lib/thumb/v7e-m/libg.a(lib_a-lseekr.o)
                0x000000000800e268                _lseek_r
 .text._read_r  0x000000000800e294       0x2c /home/tommi/Bin/gcc-arm-none-eabi-7-2017-q4-major/bin/../lib/gcc/arm-none-eabi/7.2.1/../../../../arm-none-eabi/lib/thumb/v7e-m/libg.a(lib_a-readr.o)
                0x000000000800e294                _read_r
 .text.__swbuf_r
                0x000000000800e2c0       0xb0 /home/tommi/Bin/gcc-arm-none-eabi-7-2017-q4-major/bin/../lib/gcc/arm-none-eabi/7.2.1/../../../../arm-none-eabi/lib/thumb/v7e-m/libg.a(lib_a-wbuf.o)
                0x000000000800e2c0                __swbuf_r
 .text._wcrtomb_r
                0x000000000800e370       0x50 /home/tommi/Bin/gcc-arm-none-eabi-7-2017-q4-major/bin/../lib/gcc/arm-none-eabi/7.2.1/../../../../arm-none-eabi/lib/thumb/v7e-m/libg.a(lib_a-wcrtomb.o)
                0x000000000800e370                _wcrtomb_r
 *(.glue_7)
 .glue_7        0x000000000800e3c0        0x0 linker stubs
 *(.glue_7t)
 .glue_7t       0x000000000800e3c0        0x0 linker stubs
 *(.eh_frame)
 *(.init)
 *(.fini)
                0x000000000800e3c0                . = ALIGN (0x4)
                0x000000000800e3c0                _etext = .

.vfp11_veneer   0x000000000800e3c0        0x0
 .vfp11_veneer  0x000000000800e3c0        0x0 linker stubs

.v4_bx          0x000000000800e3c0        0x0
 .v4_bx         0x000000000800e3c0        0x0 linker stubs

.iplt           0x000000000800e3c0        0x0
 .iplt          0x000000000800e3c0        0x0 app.o

.rodata         0x000000000800e3c0      0x938
                0x000000000800e3c0                . = ALIGN (0x4)
 *(.rodata)
 .rodata        0x000000000800e3c0      0x362 app.o
 *fill*         0x000000000800e722        0x2 
 .rodata        0x000000000800e724       0x3d ../UCOS3/uC-LIB/lib_mem.o
 *fill*         0x000000000800e761        0x3 
 .rodata        0x000000000800e764       0x2d ../UCOS3/uCOS-III/Source/os_tmr.o
 *fill*         0x000000000800e791        0x3 
 .rodata        0x000000000800e794        0xa ../UCOS3/uCOS-III/Source/os_mutex.o
 *fill*         0x000000000800e79e        0x2 
 .rodata        0x000000000800e7a0       0x14 ../UCOS3/uCOS-III/Source/os_tick.o
 .rodata        0x000000000800e7b4       0x14 ../UCOS3/uCOS-III/Source/os_stat.o
 .rodata        0x000000000800e7c8       0x2a ../UCOS3/uCOS-III/Source/os_core.o
 *fill*         0x000000000800e7f2        0x2 
 .rodata        0x000000000800e7f4        0xa ../UCOS3/uCOS-III/Source/os_task.o
 *fill*         0x000000000800e7fe        0x2 
 .rodata        0x000000000800e800        0x6 ../UCOS3/uCOS-III/Source/os_q.o
 *fill*         0x000000000800e806        0x2 
 .rodata        0x000000000800e808       0x56 ./BSP/bsp_int.o
 *(.rodata*)
 .rodata.OSDbg_DbgEn
                0x000000000800e85e        0x1 ../UCOS3/uCOS-III/Source/os_dbg.o
                0x000000000800e85e                OSDbg_DbgEn
 .rodata.OSDbg_ArgChkEn
                0x000000000800e85f        0x1 ../UCOS3/uCOS-III/Source/os_dbg.o
                0x000000000800e85f                OSDbg_ArgChkEn
 .rodata.OSDbg_AppHooksEn
                0x000000000800e860        0x1 ../UCOS3/uCOS-III/Source/os_dbg.o
                0x000000000800e860                OSDbg_AppHooksEn
 *fill*         0x000000000800e861        0x3 
 .rodata.OSDbg_EndiannessTest
                0x000000000800e864        0x4 ../UCOS3/uCOS-III/Source/os_dbg.o
                0x000000000800e864                OSDbg_EndiannessTest
 .rodata.OSDbg_CalledFromISRChkEn
                0x000000000800e868        0x1 ../UCOS3/uCOS-III/Source/os_dbg.o
                0x000000000800e868                OSDbg_CalledFromISRChkEn
 .rodata.OSDbg_FlagEn
                0x000000000800e869        0x1 ../UCOS3/uCOS-III/Source/os_dbg.o
                0x000000000800e869                OSDbg_FlagEn
 *fill*         0x000000000800e86a        0x2 
 .rodata.OSDbg_FlagGrp
                0x000000000800e86c       0x28 ../UCOS3/uCOS-III/Source/os_dbg.o
                0x000000000800e86c                OSDbg_FlagGrp
 .rodata.OSDbg_FlagDelEn
                0x000000000800e894        0x1 ../UCOS3/uCOS-III/Source/os_dbg.o
                0x000000000800e894                OSDbg_FlagDelEn
 .rodata.OSDbg_FlagModeClrEn
                0x000000000800e895        0x1 ../UCOS3/uCOS-III/Source/os_dbg.o
                0x000000000800e895                OSDbg_FlagModeClrEn
 .rodata.OSDbg_FlagPendAbortEn
                0x000000000800e896        0x1 ../UCOS3/uCOS-III/Source/os_dbg.o
                0x000000000800e896                OSDbg_FlagPendAbortEn
 *fill*         0x000000000800e897        0x1 
 .rodata.OSDbg_FlagGrpSize
                0x000000000800e898        0x2 ../UCOS3/uCOS-III/Source/os_dbg.o
                0x000000000800e898                OSDbg_FlagGrpSize
 .rodata.OSDbg_FlagWidth
                0x000000000800e89a        0x2 ../UCOS3/uCOS-III/Source/os_dbg.o
                0x000000000800e89a                OSDbg_FlagWidth
 .rodata.OSDbg_ISRPostDeferredEn
                0x000000000800e89c        0x1 ../UCOS3/uCOS-III/Source/os_dbg.o
                0x000000000800e89c                OSDbg_ISRPostDeferredEn
 *fill*         0x000000000800e89d        0x3 
 .rodata.OSDbg_Mem
                0x000000000800e8a0       0x20 ../UCOS3/uCOS-III/Source/os_dbg.o
                0x000000000800e8a0                OSDbg_Mem
 .rodata.OSDbg_MemEn
                0x000000000800e8c0        0x1 ../UCOS3/uCOS-III/Source/os_dbg.o
                0x000000000800e8c0                OSDbg_MemEn
 *fill*         0x000000000800e8c1        0x1 
 .rodata.OSDbg_MemSize
                0x000000000800e8c2        0x2 ../UCOS3/uCOS-III/Source/os_dbg.o
                0x000000000800e8c2                OSDbg_MemSize
 .rodata.OSDbg_MsgEn
                0x000000000800e8c4        0x1 ../UCOS3/uCOS-III/Source/os_dbg.o
                0x000000000800e8c4                OSDbg_MsgEn
 *fill*         0x000000000800e8c5        0x1 
 .rodata.OSDbg_MsgSize
                0x000000000800e8c6        0x2 ../UCOS3/uCOS-III/Source/os_dbg.o
                0x000000000800e8c6                OSDbg_MsgSize
 .rodata.OSDbg_MsgPoolSize
                0x000000000800e8c8        0x2 ../UCOS3/uCOS-III/Source/os_dbg.o
                0x000000000800e8c8                OSDbg_MsgPoolSize
 .rodata.OSDbg_MsgQSize
                0x000000000800e8ca        0x2 ../UCOS3/uCOS-III/Source/os_dbg.o
                0x000000000800e8ca                OSDbg_MsgQSize
 .rodata.OSDbg_Mutex
                0x000000000800e8cc       0x30 ../UCOS3/uCOS-III/Source/os_dbg.o
                0x000000000800e8cc                OSDbg_Mutex
 .rodata.OSDbg_MutexEn
                0x000000000800e8fc        0x1 ../UCOS3/uCOS-III/Source/os_dbg.o
                0x000000000800e8fc                OSDbg_MutexEn
 .rodata.OSDbg_MutexDelEn
                0x000000000800e8fd        0x1 ../UCOS3/uCOS-III/Source/os_dbg.o
                0x000000000800e8fd                OSDbg_MutexDelEn
 .rodata.OSDbg_MutexPendAbortEn
                0x000000000800e8fe        0x1 ../UCOS3/uCOS-III/Source/os_dbg.o
                0x000000000800e8fe                OSDbg_MutexPendAbortEn
 *fill*         0x000000000800e8ff        0x1 
 .rodata.OSDbg_MutexSize
                0x000000000800e900        0x2 ../UCOS3/uCOS-III/Source/os_dbg.o
                0x000000000800e900                OSDbg_MutexSize
 .rodata.OSDbg_ObjTypeChkEn
                0x000000000800e902        0x1 ../UCOS3/uCOS-III/Source/os_dbg.o
                0x000000000800e902                OSDbg_ObjTypeChkEn
 .rodata.OSDbg_PendMultiEn
                0x000000000800e903        0x1 ../UCOS3/uCOS-III/Source/os_dbg.o
                0x000000000800e903                OSDbg_PendMultiEn
 .rodata.OSDbg_PendDataSize
                0x000000000800e904        0x2 ../UCOS3/uCOS-III/Source/os_dbg.o
                0x000000000800e904                OSDbg_PendDataSize
 .rodata.OSDbg_PendListSize
                0x000000000800e906        0x2 ../UCOS3/uCOS-III/Source/os_dbg.o
                0x000000000800e906                OSDbg_PendListSize
 .rodata.OSDbg_PendObjSize
                0x000000000800e908        0x2 ../UCOS3/uCOS-III/Source/os_dbg.o
                0x000000000800e908                OSDbg_PendObjSize
 .rodata.OSDbg_PrioMax
                0x000000000800e90a        0x2 ../UCOS3/uCOS-III/Source/os_dbg.o
                0x000000000800e90a                OSDbg_PrioMax
 .rodata.OSDbg_PrioTblSize
                0x000000000800e90c        0x2 ../UCOS3/uCOS-III/Source/os_dbg.o
                0x000000000800e90c                OSDbg_PrioTblSize
 .rodata.OSDbg_PtrSize
                0x000000000800e90e        0x2 ../UCOS3/uCOS-III/Source/os_dbg.o
                0x000000000800e90e                OSDbg_PtrSize
 .rodata.OSDbg_Q
                0x000000000800e910       0x30 ../UCOS3/uCOS-III/Source/os_dbg.o
                0x000000000800e910                OSDbg_Q
 .rodata.OSDbg_QEn
                0x000000000800e940        0x1 ../UCOS3/uCOS-III/Source/os_dbg.o
                0x000000000800e940                OSDbg_QEn
 .rodata.OSDbg_QDelEn
                0x000000000800e941        0x1 ../UCOS3/uCOS-III/Source/os_dbg.o
                0x000000000800e941                OSDbg_QDelEn
 .rodata.OSDbg_QFlushEn
                0x000000000800e942        0x1 ../UCOS3/uCOS-III/Source/os_dbg.o
                0x000000000800e942                OSDbg_QFlushEn
 .rodata.OSDbg_QPendAbortEn
                0x000000000800e943        0x1 ../UCOS3/uCOS-III/Source/os_dbg.o
                0x000000000800e943                OSDbg_QPendAbortEn
 .rodata.OSDbg_QSize
                0x000000000800e944        0x2 ../UCOS3/uCOS-III/Source/os_dbg.o
                0x000000000800e944                OSDbg_QSize
 .rodata.OSDbg_SchedRoundRobinEn
                0x000000000800e946        0x1 ../UCOS3/uCOS-III/Source/os_dbg.o
                0x000000000800e946                OSDbg_SchedRoundRobinEn
 *fill*         0x000000000800e947        0x1 
 .rodata.OSDbg_Sem
                0x000000000800e948       0x28 ../UCOS3/uCOS-III/Source/os_dbg.o
                0x000000000800e948                OSDbg_Sem
 .rodata.OSDbg_SemEn
                0x000000000800e970        0x1 ../UCOS3/uCOS-III/Source/os_dbg.o
                0x000000000800e970                OSDbg_SemEn
 .rodata.OSDbg_SemDelEn
                0x000000000800e971        0x1 ../UCOS3/uCOS-III/Source/os_dbg.o
                0x000000000800e971                OSDbg_SemDelEn
 .rodata.OSDbg_SemPendAbortEn
                0x000000000800e972        0x1 ../UCOS3/uCOS-III/Source/os_dbg.o
                0x000000000800e972                OSDbg_SemPendAbortEn
 .rodata.OSDbg_SemSetEn
                0x000000000800e973        0x1 ../UCOS3/uCOS-III/Source/os_dbg.o
                0x000000000800e973                OSDbg_SemSetEn
 .rodata.OSDbg_SemSize