Archive member included to satisfy reference by file (symbol)

/home/tommi/Bin/gcc-arm-none-eabi-7-2017-q4-major/bin/../lib/gcc/arm-none-eabi/7.2.1/../../../../arm-none-eabi/lib/thumb/v7e-m/libm.a(lib_a-s_floor.o)
                              app.o (floor)
/home/tommi/Bin/gcc-arm-none-eabi-7-2017-q4-major/bin/../lib/gcc/arm-none-eabi/7.2.1/thumb/v7e-m/libgcc.a(_arm_addsubdf3.o)
                              /home/tommi/Bin/gcc-arm-none-eabi-7-2017-q4-major/bin/../lib/gcc/arm-none-eabi/7.2.1/../../../../arm-none-eabi/lib/thumb/v7e-m/libm.a(lib_a-s_floor.o) (__aeabi_dadd)
/home/tommi/Bin/gcc-arm-none-eabi-7-2017-q4-major/bin/../lib/gcc/arm-none-eabi/7.2.1/thumb/v7e-m/libgcc.a(_arm_cmpdf2.o)
                              /home/tommi/Bin/gcc-arm-none-eabi-7-2017-q4-major/bin/../lib/gcc/arm-none-eabi/7.2.1/../../../../arm-none-eabi/lib/thumb/v7e-m/libm.a(lib_a-s_floor.o) (__aeabi_dcmpgt)
/home/tommi/Bin/gcc-arm-none-eabi-7-2017-q4-major/bin/../lib/gcc/arm-none-eabi/7.2.1/thumb/v7e-m/libgcc.a(_arm_fixunsdfsi.o)
                              app.o (__aeabi_d2uiz)
/home/tommi/Bin/gcc-arm-none-eabi-7-2017-q4-major/bin/../lib/gcc/arm-none-eabi/7.2.1/thumb/v7e-m/libgcc.a(_arm_addsubsf3.o)
                              ../XMCLIB/src/xmc_eth_mac.o (__aeabi_ui2f)
/home/tommi/Bin/gcc-arm-none-eabi-7-2017-q4-major/bin/../lib/gcc/arm-none-eabi/7.2.1/thumb/v7e-m/libgcc.a(_arm_muldivsf3.o)
                              ../XMCLIB/src/xmc_eth_mac.o (__aeabi_fmul)
/home/tommi/Bin/gcc-arm-none-eabi-7-2017-q4-major/bin/../lib/gcc/arm-none-eabi/7.2.1/thumb/v7e-m/libgcc.a(_arm_fixunssfsi.o)
                              ../XMCLIB/src/xmc_eth_mac.o (__aeabi_f2uiz)
/home/tommi/Bin/gcc-arm-none-eabi-7-2017-q4-major/bin/../lib/gcc/arm-none-eabi/7.2.1/thumb/v7e-m/libgcc.a(_aeabi_uldivmod.o)
                              ./BSP/cpu_bsp.o (__aeabi_uldivmod)
/home/tommi/Bin/gcc-arm-none-eabi-7-2017-q4-major/bin/../lib/gcc/arm-none-eabi/7.2.1/thumb/v7e-m/libgcc.a(_udivmoddi4.o)
                              /home/tommi/Bin/gcc-arm-none-eabi-7-2017-q4-major/bin/../lib/gcc/arm-none-eabi/7.2.1/thumb/v7e-m/libgcc.a(_aeabi_uldivmod.o) (__udivmoddi4)
/home/tommi/Bin/gcc-arm-none-eabi-7-2017-q4-major/bin/../lib/gcc/arm-none-eabi/7.2.1/thumb/v7e-m/libgcc.a(_dvmd_tls.o)
                              /home/tommi/Bin/gcc-arm-none-eabi-7-2017-q4-major/bin/../lib/gcc/arm-none-eabi/7.2.1/thumb/v7e-m/libgcc.a(_aeabi_uldivmod.o) (__aeabi_ldiv0)
/home/tommi/Bin/gcc-arm-none-eabi-7-2017-q4-major/bin/../lib/gcc/arm-none-eabi/7.2.1/../../../../arm-none-eabi/lib/thumb/v7e-m/libg.a(lib_a-errno.o)
                              app.o (__errno)
/home/tommi/Bin/gcc-arm-none-eabi-7-2017-q4-major/bin/../lib/gcc/arm-none-eabi/7.2.1/../../../../arm-none-eabi/lib/thumb/v7e-m/libg.a(lib_a-impure.o)
                              /home/tommi/Bin/gcc-arm-none-eabi-7-2017-q4-major/bin/../lib/gcc/arm-none-eabi/7.2.1/../../../../arm-none-eabi/lib/thumb/v7e-m/libg.a(lib_a-errno.o) (_impure_ptr)
/home/tommi/Bin/gcc-arm-none-eabi-7-2017-q4-major/bin/../lib/gcc/arm-none-eabi/7.2.1/../../../../arm-none-eabi/lib/thumb/v7e-m/libg.a(lib_a-init.o)
                              ./BSP/startup.o (__libc_init_array)
/home/tommi/Bin/gcc-arm-none-eabi-7-2017-q4-major/bin/../lib/gcc/arm-none-eabi/7.2.1/../../../../arm-none-eabi/lib/thumb/v7e-m/libg.a(lib_a-memcpy.o)
                              app.o (memcpy)
/home/tommi/Bin/gcc-arm-none-eabi-7-2017-q4-major/bin/../lib/gcc/arm-none-eabi/7.2.1/../../../../arm-none-eabi/lib/thumb/v7e-m/libg.a(lib_a-memset.o)
                              app.o (memset)
/home/tommi/Bin/gcc-arm-none-eabi-7-2017-q4-major/bin/../lib/gcc/arm-none-eabi/7.2.1/../../../../arm-none-eabi/lib/thumb/v7e-m/libg.a(lib_a-printf.o)
                              app.o (printf)
/home/tommi/Bin/gcc-arm-none-eabi-7-2017-q4-major/bin/../lib/gcc/arm-none-eabi/7.2.1/../../../../arm-none-eabi/lib/thumb/v7e-m/libg.a(lib_a-puts.o)
                              app.o (puts)
/home/tommi/Bin/gcc-arm-none-eabi-7-2017-q4-major/bin/../lib/gcc/arm-none-eabi/7.2.1/../../../../arm-none-eabi/lib/thumb/v7e-m/libg.a(lib_a-sprintf.o)
                              app.o (sprintf)
/home/tommi/Bin/gcc-arm-none-eabi-7-2017-q4-major/bin/../lib/gcc/arm-none-eabi/7.2.1/../../../../arm-none-eabi/lib/thumb/v7e-m/libg.a(lib_a-strlen.o)
                              ../XMCLIB/src/USB/olb_class_device.o (strlen)
/home/tommi/Bin/gcc-arm-none-eabi-7-2017-q4-major/bin/../lib/gcc/arm-none-eabi/7.2.1/../../../../arm-none-eabi/lib/thumb/v7e-m/libg.a(lib_a-strncmp.o)
                              app.o (strncmp)
/home/tommi/Bin/gcc-arm-none-eabi-7-2017-q4-major/bin/../lib/gcc/arm-none-eabi/7.2.1/../../../../arm-none-eabi/lib/thumb/v7e-m/libg.a(lib_a-strtok.o)
                              app.o (strtok)
/home/tommi/Bin/gcc-arm-none-eabi-7-2017-q4-major/bin/../lib/gcc/arm-none-eabi/7.2.1/../../../../arm-none-eabi/lib/thumb/v7e-m/libg.a(lib_a-strtok_r.o)
[...]
Memory Configuration

Name             Origin             Length             Attributes
FLASH1_cached    0x0000000008000000 0x0000000000100000 xr
FLASH1_uncached  0x000000000c000000 0x0000000000100000 xr
PSRAM1           0x0000000010000000 0x0000000000010000 xrw
DSRAM1_system    0x0000000020000000 0x0000000000010000 xrw
DSRAM2_comm      0x0000000030000000 0x0000000000008000 xrw
MEMORY_B1        0x0000000060000000 0x0000000000000000 xr
*default*        0x0000000000000000 0xffffffffffffffff

Linker script and memory map

LOAD os_app_hooks.o
LOAD app.o
LOAD ../UCOS3/uC-CPU/cpu_core.o
LOAD ../UCOS3/uC-CPU/ARM-Cortex-M4/GNU/cpu_c.o
LOAD ../UCOS3/uC-LIB/lib_str.o
LOAD ../UCOS3/uC-LIB/lib_math.o
LOAD ../UCOS3/uC-LIB/lib_ascii.o
LOAD ../UCOS3/uC-LIB/lib_mem.o
LOAD ../UCOS3/uCOS-III/Source/os_tmr.o
LOAD ../UCOS3/uCOS-III/Source/os_mem.o
LOAD ../UCOS3/uCOS-III/Source/os_pend_multi.o
LOAD ../UCOS3/uCOS-III/Source/os_var.o
LOAD ../UCOS3/uCOS-III/Source/os_int.o
LOAD ../UCOS3/uCOS-III/Source/os_dbg.o
LOAD ../UCOS3/uCOS-III/Source/os_mutex.o
LOAD ../UCOS3/uCOS-III/Source/os_sem.o
LOAD ../UCOS3/uCOS-III/Source/os_cfg_app.o
LOAD ../UCOS3/uCOS-III/Source/os_tick.o
LOAD ../UCOS3/uCOS-III/Source/os_time.o
LOAD ../UCOS3/uCOS-III/Source/os_prio.o
LOAD ../UCOS3/uCOS-III/Source/os_stat.o
LOAD ../UCOS3/uCOS-III/Source/os_flag.o
LOAD ../UCOS3/uCOS-III/Source/os_core.o
LOAD ../UCOS3/uCOS-III/Source/os_msg.o
LOAD ../UCOS3/uCOS-III/Source/os_task.o
LOAD ../UCOS3/uCOS-III/Source/os_q.o
LOAD ../UCOS3/uCOS-III/Ports/ARM-Cortex-M4/Generic/GNU/os_cpu_c.o
LOAD ./BSP/mcp23s08_drv.o
LOAD ./BSP/cpu_bsp.o
LOAD ./BSP/bsp_sys.o
LOAD ./BSP/bsp_ccu8.o
LOAD ./BSP/bsp_uart.o
LOAD ./BSP/mcp3004_drv.o
LOAD ./BSP/RTT_Syscalls_GCC.o
LOAD ./BSP/xmc4500_spi_lib.o
LOAD ./BSP/bsp.o
LOAD ./BSP/debug_lib.o
LOAD ./BSP/bsp_int.o
LOAD ./BSP/bsp_ccu4.o
LOAD ./BSP/bsp_dac.o
LOAD ./BSP/SEGGER_RTT.o
LOAD ./BSP/SEGGER_RTT_printf.o
LOAD ../CMSIS/CMSIS/Infineon/Lib/System_LibcStubs.o
LOAD ../CMSIS/CMSIS/Infineon/XMC4500_series/Source/System_XMC4500.o
LOAD ../XMCLIB/src/xmc_dac.o
LOAD ../XMCLIB/src/xmc4_rtc.o
LOAD ../XMCLIB/src/xmc_sdmmc.o
LOAD ../XMCLIB/src/xmc_dsd.o
LOAD ../XMCLIB/src/xmc_rtc.o
LOAD ../XMCLIB/src/xmc_acmp.o
LOAD ../XMCLIB/src/xmc_posif.o
LOAD ../XMCLIB/src/xmc_eth_mac.o
LOAD ../XMCLIB/src/xmc_bccu.o
LOAD ../XMCLIB/src/xmc_gpio.o
LOAD ../XMCLIB/src/xmc4_eru.o
LOAD ../XMCLIB/src/xmc_vadc.o
LOAD ../XMCLIB/src/xmc_eru.o
LOAD ../XMCLIB/src/xmc_ccu4.o
LOAD ../XMCLIB/src/xmc_ebu.o
LOAD ../XMCLIB/src/xmc_ledts.o
LOAD ../XMCLIB/src/xmc4_flash.o
LOAD ../XMCLIB/src/xmc_hrpwm.o
LOAD ../XMCLIB/src/xmc_i2c.o
LOAD ../XMCLIB/src/xmc4_gpio.o
LOAD ../XMCLIB/src/xmc_usbd.o
LOAD ../XMCLIB/src/xmc_ccu8.o
LOAD ../XMCLIB/src/xmc_uart.o
LOAD ../XMCLIB/src/xmc_spi.o
LOAD ../XMCLIB/src/xmc_pau.o
LOAD ../XMCLIB/src/xmc_fce.o
LOAD ../XMCLIB/src/xmc_wdt.o
LOAD ../XMCLIB/src/xmc4_scu.o
LOAD ../XMCLIB/src/xmc_prng.o
LOAD ../XMCLIB/src/xmc4_usic.o
LOAD ../XMCLIB/src/xmc_common.o
LOAD ../XMCLIB/src/xmc_can.o
LOAD ../XMCLIB/src/xmc_math.o
LOAD ../XMCLIB/src/xmc_usic.o
LOAD ../XMCLIB/src/xmc_dma.o
LOAD ../XMCLIB/src/USB/usbd_endpoint_xmc4000.o
LOAD ../XMCLIB/src/USB/usbd.o
LOAD ../XMCLIB/src/USB/clock_xmc4.o
LOAD ../XMCLIB/src/USB/usbd_conf.o
LOAD ../XMCLIB/src/USB/clock_xmc4_conf.o
LOAD ../XMCLIB/src/USB/descriptors.o
LOAD ../XMCLIB/src/USB/olb_class_device.o
LOAD ../XMCLIB/src/USB/cpu_ctrl_xmc4_conf.o
LOAD ../XMCLIB/src/USB/usb_task.o
LOAD ../XMCLIB/src/USB/usbd_endpoint_stream_xmc4000.o
LOAD ../XMCLIB/src/USB/usbd_olb.o
LOAD ../XMCLIB/src/USB/usbd_olb_conf.o
LOAD ../XMCLIB/src/USB/cpu_ctrl_xmc4.o
LOAD ./BSP/startup.o
LOAD ../UCOS3/uCOS-III/Ports/ARM-Cortex-M4/Generic/GNU/os_cpu_a.o
LOAD ../UCOS3/uC-CPU/ARM-Cortex-M4/GNU/cpu_a.o
LOAD ../UCOS3/uC-LIB/Ports/ARM-Cortex-M4/GNU/lib_mem_a.o
LOAD ../CMSIS/CMSIS/Infineon/XMC4500_series/Source/GCC/startup_XMC4500.o
LOAD ../CMSIS/CMSIS/Lib/GCC/libarm_cortexM4_mathL_2.a
LOAD ../CMSIS/CMSIS/Infineon/Lib/libxmclibcstubs.a
LOAD /home/tommi/Bin/gcc-arm-none-eabi-7-2017-q4-major/bin/../lib/gcc/arm-none-eabi/7.2.1/../../../../arm-none-eabi/lib/thumb/v7e-m/libm.a
START GROUP
LOAD /home/tommi/Bin/gcc-arm-none-eabi-7-2017-q4-major/bin/../lib/gcc/arm-none-eabi/7.2.1/thumb/v7e-m/libgcc.a
LOAD /home/tommi/Bin/gcc-arm-none-eabi-7-2017-q4-major/bin/../lib/gcc/arm-none-eabi/7.2.1/../../../../arm-none-eabi/lib/thumb/v7e-m/libg.a
LOAD /home/tommi/Bin/gcc-arm-none-eabi-7-2017-q4-major/bin/../lib/gcc/arm-none-eabi/7.2.1/../../../../arm-none-eabi/lib/thumb/v7e-m/libc.a
END GROUP
                0x0000000020010000                _estack = 0x20010000
                0x0000000000000000                _Min_Heap_Size = 0x0
                0x0000000000000200                _Min_Stack_Size = 0x200

.isr_vector     0x0000000008000000      0x200
                0x0000000008000000                . = ALIGN (0x4)
                0x0000000008000000                _isr_vector = .
 *(.isr_vector)
 .isr_vector    0x0000000008000000      0x200 ./BSP/startup.o
                0x0000000008000000                g_pfnVectors
                0x0000000008000200                . = ALIGN (0x4)

.text           0x0000000008000200     0xedf8
                0x0000000008000200                . = ALIGN (0x4)
 *(.text)
 .text          0x0000000008000200       0xd8 ../UCOS3/uCOS-III/Ports/ARM-Cortex-M4/Generic/GNU/os_cpu_a.o
                0x0000000008000200                OSStartHighRdy
                0x0000000008000270                OSCtxSw
                0x000000000800027a                OSIntCtxSw
                0x0000000008000284                OS_CPU_PendSVHandler
 .text          0x00000000080002d8       0x34 ../UCOS3/uC-CPU/ARM-Cortex-M4/GNU/cpu_a.o
                0x00000000080002d8                CPU_IntDis
                0x00000000080002dc                CPU_IntEn
                0x00000000080002e0                CPU_SR_Save
                0x00000000080002e8                CPU_SR_Restore
                0x00000000080002ee                CPU_WaitForInt
                0x00000000080002f2                CPU_WaitForExcept
                0x00000000080002f6                CPU_CntLeadZeros
                0x00000000080002fc                CPU_CntTrailZeros
                0x0000000008000306                CPU_RevBits
 .text          0x000000000800030c      0x378 /home/tommi/Bin/gcc-arm-none-eabi-7-2017-q4-major/bin/../lib/gcc/arm-none-eabi/7.2.1/thumb/v7e-m/libgcc.a(_arm_addsubdf3.o)
                0x000000000800030c                __aeabi_drsub
                0x0000000008000314                __aeabi_dsub
                0x0000000008000314                __subdf3
                0x0000000008000318                __adddf3
                0x0000000008000318                __aeabi_dadd
                0x0000000008000590                __aeabi_ui2d
                0x0000000008000590                __floatunsidf
                0x00000000080005b0                __floatsidf
                0x00000000080005b0                __aeabi_i2d
                0x00000000080005d4                __extendsfdf2
                0x00000000080005d4                __aeabi_f2d
                0x0000000008000618                __aeabi_ul2d
                0x0000000008000618                __floatundidf
                0x0000000008000628                __floatdidf
                0x0000000008000628                __aeabi_l2d
 .text          0x0000000008000684      0x110 /home/tommi/Bin/gcc-arm-none-eabi-7-2017-q4-major/bin/../lib/gcc/arm-none-eabi/7.2.1/thumb/v7e-m/libgcc.a(_arm_cmpdf2.o)
                0x0000000008000684                __gtdf2
                0x0000000008000684                __gedf2
                0x000000000800068c                __ltdf2
                0x000000000800068c                __ledf2
                0x0000000008000694                __cmpdf2
                0x0000000008000694                __eqdf2
                0x0000000008000694                __nedf2
                0x0000000008000710                __aeabi_cdrcmple
                0x0000000008000720                __aeabi_cdcmple
                0x0000000008000720                __aeabi_cdcmpeq
                0x0000000008000730                __aeabi_dcmpeq
                0x0000000008000744                __aeabi_dcmplt
                0x0000000008000758                __aeabi_dcmple
                0x000000000800076c                __aeabi_dcmpge
                0x0000000008000780                __aeabi_dcmpgt
 .text          0x0000000008000794       0x40 /home/tommi/Bin/gcc-arm-none-eabi-7-2017-q4-major/bin/../lib/gcc/arm-none-eabi/7.2.1/thumb/v7e-m/libgcc.a(_arm_fixunsdfsi.o)
                0x0000000008000794                __fixunsdfsi
                0x0000000008000794                __aeabi_d2uiz
 .text          0x00000000080007d4      0x21c /home/tommi/Bin/gcc-arm-none-eabi-7-2017-q4-major/bin/../lib/gcc/arm-none-eabi/7.2.1/thumb/v7e-m/libgcc.a(_arm_addsubsf3.o)
                0x00000000080007d4                __aeabi_frsub
                0x00000000080007dc                __subsf3
                0x00000000080007dc                __aeabi_fsub
                0x00000000080007e0                __aeabi_fadd
                0x00000000080007e0                __addsf3
                0x0000000008000940                __aeabi_ui2f
                0x0000000008000940                __floatunsisf
                0x0000000008000948                __aeabi_i2f
                0x0000000008000948                __floatsisf
                0x0000000008000964                __floatundisf
                0x0000000008000964                __aeabi_ul2f
                0x0000000008000974                __floatdisf
                0x0000000008000974                __aeabi_l2f
 .text          0x00000000080009f0      0x2a0 /home/tommi/Bin/gcc-arm-none-eabi-7-2017-q4-major/bin/../lib/gcc/arm-none-eabi/7.2.1/thumb/v7e-m/libgcc.a(_arm_muldivsf3.o)
                0x00000000080009f0                __mulsf3
                0x00000000080009f0                __aeabi_fmul
                0x0000000008000b58                __divsf3
                0x0000000008000b58                __aeabi_fdiv
 .text          0x0000000008000c90       0x30 /home/tommi/Bin/gcc-arm-none-eabi-7-2017-q4-major/bin/../lib/gcc/arm-none-eabi/7.2.1/thumb/v7e-m/libgcc.a(_aeabi_uldivmod.o)
                0x0000000008000c90                __aeabi_uldivmod
 .text          0x0000000008000cc0      0x2cc /home/tommi/Bin/gcc-arm-none-eabi-7-2017-q4-major/bin/../lib/gcc/arm-none-eabi/7.2.1/thumb/v7e-m/libgcc.a(_udivmoddi4.o)
                0x0000000008000cc0                __udivmoddi4
 .text          0x0000000008000f8c        0x4 /home/tommi/Bin/gcc-arm-none-eabi-7-2017-q4-major/bin/../lib/gcc/arm-none-eabi/7.2.1/thumb/v7e-m/libgcc.a(_dvmd_tls.o)
                0x0000000008000f8c                __aeabi_ldiv0
                0x0000000008000f8c                __aeabi_idiv0
 .text          0x0000000008000f90      0x134 /home/tommi/Bin/gcc-arm-none-eabi-7-2017-q4-major/bin/../lib/gcc/arm-none-eabi/7.2.1/../../../../arm-none-eabi/lib/thumb/v7e-m/libg.a(lib_a-memcpy.o)
                0x0000000008000f90                memcpy
 *fill*         0x00000000080010c4       0x3c 
 .text          0x0000000008001100       0xdc /home/tommi/Bin/gcc-arm-none-eabi-7-2017-q4-major/bin/../lib/gcc/arm-none-eabi/7.2.1/../../../../arm-none-eabi/lib/thumb/v7e-m/libg.a(lib_a-strlen.o)
                0x0000000008001100                strlen
 *fill*         0x00000000080011dc        0x4 
 .text          0x00000000080011e0       0xa0 /home/tommi/Bin/gcc-arm-none-eabi-7-2017-q4-major/bin/../lib/gcc/arm-none-eabi/7.2.1/../../../../arm-none-eabi/lib/thumb/v7e-m/libg.a(lib_a-memchr.o)
                0x00000000080011e0                memchr
 .text          0x0000000008001280      0x424 /home/tommi/Bin/gcc-arm-none-eabi-7-2017-q4-major/bin/../lib/gcc/arm-none-eabi/7.2.1/thumb/v7e-m/libgcc.a(_arm_muldivdf3.o)
                0x0000000008001280                __aeabi_dmul
                0x0000000008001280                __muldf3
                0x00000000080014d4                __aeabi_ddiv
                0x00000000080014d4                __divdf3
 .text          0x00000000080016a4       0x2c /home/tommi/Bin/gcc-arm-none-eabi-7-2017-q4-major/bin/../lib/gcc/arm-none-eabi/7.2.1/thumb/v7e-m/libgcc.a(_arm_unorddf2.o)
                0x00000000080016a4                __aeabi_dcmpun
                0x00000000080016a4                __unorddf2
 .text          0x00000000080016d0       0x50 /home/tommi/Bin/gcc-arm-none-eabi-7-2017-q4-major/bin/../lib/gcc/arm-none-eabi/7.2.1/thumb/v7e-m/libgcc.a(_arm_fixdfsi.o)
                0x00000000080016d0                __fixdfsi
                0x00000000080016d0                __aeabi_d2iz
 *(.text*)
 .text.XMC_GPIO_GetInput
                0x0000000008001720       0x24 app.o
 .text.main     0x0000000008001744       0xa0 app.o
                0x0000000008001744                main
 .text.AppTaskStart
                0x00000000080017e4       0x88 app.o
 .text.AppObjCreate
                0x000000000800186c       0x88 app.o
 .text.AppTaskCreate
                0x00000000080018f4       0xb4 app.o
 .text.SendAcknowledge
                0x00000000080019a8       0x90 app.o
                0x00000000080019a8                SendAcknowledge
 .text.AppTaskPlot
                0x0000000008001a38      0x948 app.o
 .text.AppTaskCom
                0x0000000008002380      0x1a4 app.o
 .text.CPU_Init
                0x0000000008002524       0x10 ../UCOS3/uC-CPU/cpu_core.o
                0x0000000008002524                CPU_Init
 .text.CPU_SW_Exception
                0x0000000008002534        0x6 ../UCOS3/uC-CPU/cpu_core.o
                0x0000000008002534                CPU_SW_Exception
 *fill*         0x000000000800253a        0x2 
 .text.CPU_NameClr
                0x000000000800253c       0x2c ../UCOS3/uC-CPU/cpu_core.o
                0x000000000800253c                CPU_NameClr
 .text.CPU_TS_TmrFreqSet
                0x0000000008002568       0x1c ../UCOS3/uC-CPU/cpu_core.o
                0x0000000008002568                CPU_TS_TmrFreqSet
 .text.CPU_NameInit
                0x0000000008002584        0xc ../UCOS3/uC-CPU/cpu_core.o
 .text.CPU_TS_Init
                0x0000000008002590       0x18 ../UCOS3/uC-CPU/cpu_core.o
 .text.CPU_IntSrcEn
                0x00000000080025a8      0x140 ../UCOS3/uC-CPU/ARM-Cortex-M4/GNU/cpu_c.o
                0x00000000080025a8                CPU_IntSrcEn
 .text.Math_Init
                0x00000000080026e8        0xe ../UCOS3/uC-LIB/lib_math.o
                0x00000000080026e8                Math_Init
 *fill*         0x00000000080026f6        0x2 
 .text.Math_RandSetSeed
                0x00000000080026f8       0x2c ../UCOS3/uC-LIB/lib_math.o
                0x00000000080026f8                Math_RandSetSeed
 .text.Mem_Init
                0x0000000008002724       0x4c ../UCOS3/uC-LIB/lib_mem.o
                0x0000000008002724                Mem_Init
 .text.Mem_Clr  0x0000000008002770       0x1c ../UCOS3/uC-LIB/lib_mem.o
                0x0000000008002770                Mem_Clr
 .text.Mem_Set  0x000000000800278c       0xb4 ../UCOS3/uC-LIB/lib_mem.o
                0x000000000800278c                Mem_Set
 .text.Mem_SegCreate
                0x0000000008002840       0x3e ../UCOS3/uC-LIB/lib_mem.o
                0x0000000008002840                Mem_SegCreate
 *fill*         0x000000000800287e        0x2 
 .text.Mem_SegCreateCritical
                0x0000000008002880       0x48 ../UCOS3/uC-LIB/lib_mem.o
 .text.OS_TmrInit
                0x00000000080028c8      0x138 ../UCOS3/uCOS-III/Source/os_tmr.o
                0x00000000080028c8                OS_TmrInit
 .text.OS_TmrResetPeak
                0x0000000008002a00        0xc ../UCOS3/uCOS-III/Source/os_tmr.o
                0x0000000008002a00                OS_TmrResetPeak
 .text.OS_TmrUnlink
                0x0000000008002a0c       0x7c ../UCOS3/uCOS-III/Source/os_tmr.o
                0x0000000008002a0c                OS_TmrUnlink
 .text.OS_TmrTask
                0x0000000008002a88       0xd0 ../UCOS3/uCOS-III/Source/os_tmr.o
                0x0000000008002a88                OS_TmrTask
 .text.OS_TmrLock
                0x0000000008002b58       0x24 ../UCOS3/uCOS-III/Source/os_tmr.o
 .text.OS_TmrUnlock
                0x0000000008002b7c       0x20 ../UCOS3/uCOS-III/Source/os_tmr.o
 .text.OSMemCreate
                0x0000000008002b9c      0x120 ../UCOS3/uCOS-III/Source/os_mem.o
                0x0000000008002b9c                OSMemCreate
 .text.OSMemGet
                0x0000000008002cbc       0x70 ../UCOS3/uCOS-III/Source/os_mem.o
                0x0000000008002cbc                OSMemGet
 .text.OSMemPut
                0x0000000008002d2c       0x7e ../UCOS3/uCOS-III/Source/os_mem.o
                0x0000000008002d2c                OSMemPut
 *fill*         0x0000000008002daa        0x2 
 .text.OS_MemDbgListAdd
                0x0000000008002dac       0x44 ../UCOS3/uCOS-III/Source/os_mem.o
                0x0000000008002dac                OS_MemDbgListAdd
 .text.OS_MemInit
                0x0000000008002df0       0x2c ../UCOS3/uCOS-III/Source/os_mem.o
                0x0000000008002df0                OS_MemInit
 .text.OS_Dbg_Init
                0x0000000008002e1c      0x238 ../UCOS3/uCOS-III/Source/os_dbg.o
                0x0000000008002e1c                OS_Dbg_Init
 .text.OSMutexCreate
                0x0000000008003054       0x98 ../UCOS3/uCOS-III/Source/os_mutex.o
                0x0000000008003054                OSMutexCreate
 .text.OSMutexPend
                0x00000000080030ec      0x210 ../UCOS3/uCOS-III/Source/os_mutex.o
                0x00000000080030ec                OSMutexPend
 .text.OSMutexPost
                0x00000000080032fc      0x1b8 ../UCOS3/uCOS-III/Source/os_mutex.o
                0x00000000080032fc                OSMutexPost
 .text.OS_MutexDbgListAdd
                0x00000000080034b4       0x4c ../UCOS3/uCOS-III/Source/os_mutex.o
                0x00000000080034b4                OS_MutexDbgListAdd
 .text.OS_MutexInit
                0x0000000008003500       0x2c ../UCOS3/uCOS-III/Source/os_mutex.o
                0x0000000008003500                OS_MutexInit
 .text.OS_MutexGrpAdd
                0x000000000800352c       0x22 ../UCOS3/uCOS-III/Source/os_mutex.o
                0x000000000800352c                OS_MutexGrpAdd
 .text.OS_MutexGrpRemove
                0x000000000800354e       0x38 ../UCOS3/uCOS-III/Source/os_mutex.o
                0x000000000800354e                OS_MutexGrpRemove
 .text.OS_MutexGrpPrioFindHighest
                0x0000000008003586       0x54 ../UCOS3/uCOS-III/Source/os_mutex.o
                0x0000000008003586                OS_MutexGrpPrioFindHighest
 *fill*         0x00000000080035da        0x2 
 .text.OS_SemInit
                0x00000000080035dc       0x2c ../UCOS3/uCOS-III/Source/os_sem.o
                0x00000000080035dc                OS_SemInit
 .text.OSCfg_Init
                0x0000000008003608        0xc ../UCOS3/uCOS-III/Source/os_cfg_app.o
                0x0000000008003608                OSCfg_Init
 .text.OS_TickTask
                0x0000000008003614       0x64 ../UCOS3/uCOS-III/Source/os_tick.o
                0x0000000008003614                OS_TickTask
 .text.OS_TickTaskInit
                0x0000000008003678       0xd8 ../UCOS3/uCOS-III/Source/os_tick.o
                0x0000000008003678                OS_TickTaskInit
 .text.OS_TickListInsert
                0x0000000008003750      0x12c ../UCOS3/uCOS-III/Source/os_tick.o
                0x0000000008003750                OS_TickListInsert
 .text.OS_TickListInsertDly
                0x000000000800387c      0x108 ../UCOS3/uCOS-III/Source/os_tick.o
                0x000000000800387c                OS_TickListInsertDly
 .text.OS_TickListRemove
                0x0000000008003984       0xc8 ../UCOS3/uCOS-III/Source/os_tick.o
                0x0000000008003984                OS_TickListRemove
 .text.OS_TickListResetPeak
                0x0000000008003a4c        0xc ../UCOS3/uCOS-III/Source/os_tick.o
                0x0000000008003a4c                OS_TickListResetPeak
 .text.OS_TickListUpdateDly
                0x0000000008003a58       0xc4 ../UCOS3/uCOS-III/Source/os_tick.o
 .text.OS_TickListUpdateTimeout
                0x0000000008003b1c      0x164 ../UCOS3/uCOS-III/Source/os_tick.o
 .text.OSTimeDly
                0x0000000008003c80       0xd8 ../UCOS3/uCOS-III/Source/os_time.o
                0x0000000008003c80                OSTimeDly
 .text.OSTimeDlyHMSM
                0x0000000008003d58      0x1f0 ../UCOS3/uCOS-III/Source/os_time.o
                0x0000000008003d58                OSTimeDlyHMSM
 .text.OSTimeTick
                0x0000000008003f48       0x54 ../UCOS3/uCOS-III/Source/os_time.o
                0x0000000008003f48                OSTimeTick
 .text.OS_PrioInit
                0x0000000008003f9c       0x30 ../UCOS3/uCOS-III/Source/os_prio.o
                0x0000000008003f9c                OS_PrioInit
 .text.OS_PrioGetHighest
                0x0000000008003fcc       0x48 ../UCOS3/uCOS-III/Source/os_prio.o
                0x0000000008003fcc                OS_PrioGetHighest
 .text.OS_PrioInsert
                0x0000000008004014       0x4c ../UCOS3/uCOS-III/Source/os_prio.o
                0x0000000008004014                OS_PrioInsert
 .text.OS_PrioRemove
                0x0000000008004060       0x50 ../UCOS3/uCOS-III/Source/os_prio.o
                0x0000000008004060                OS_PrioRemove
 .text.OSStatReset
                0x00000000080040b0      0x130 ../UCOS3/uCOS-III/Source/os_stat.o
                0x00000000080040b0                OSStatReset
 .text.OSStatTaskCPUUsageInit
                0x00000000080041e0       0xfc ../UCOS3/uCOS-III/Source/os_stat.o
                0x00000000080041e0                OSStatTaskCPUUsageInit
 .text.OS_StatTask
                0x00000000080042dc      0x314 ../UCOS3/uCOS-III/Source/os_stat.o
                0x00000000080042dc                OS_StatTask
 .text.OS_StatTaskInit
                0x00000000080045f0       0xd4 ../UCOS3/uCOS-III/Source/os_stat.o
                0x00000000080045f0                OS_StatTaskInit
 .text.OS_FlagInit
                0x00000000080046c4       0x2c ../UCOS3/uCOS-III/Source/os_flag.o
                0x00000000080046c4                OS_FlagInit
 .text.OSInit   0x00000000080046f0      0x1e4 ../UCOS3/uCOS-III/Source/os_core.o
                0x00000000080046f0                OSInit
 .text.OSIntEnter
                0x00000000080048d4       0x38 ../UCOS3/uCOS-III/Source/os_core.o
                0x00000000080048d4                OSIntEnter
 .text.OSIntExit
                0x000000000800490c       0xd8 ../UCOS3/uCOS-III/Source/os_core.o
                0x000000000800490c                OSIntExit
 .text.OSSched  0x00000000080049e4       0xa8 ../UCOS3/uCOS-III/Source/os_core.o
                0x00000000080049e4                OSSched
 .text.OSSchedLock
                0x0000000008004a8c       0x78 ../UCOS3/uCOS-III/Source/os_core.o
                0x0000000008004a8c                OSSchedLock
 .text.OSSchedUnlock
                0x0000000008004b04       0x94 ../UCOS3/uCOS-III/Source/os_core.o
                0x0000000008004b04                OSSchedUnlock
 .text.OSStart  0x0000000008004b98       0x80 ../UCOS3/uCOS-III/Source/os_core.o
                0x0000000008004b98                OSStart
 .text.OS_IdleTask
                0x0000000008004c18       0x3c ../UCOS3/uCOS-III/Source/os_core.o
                0x0000000008004c18                OS_IdleTask
 .text.OS_IdleTaskInit
                0x0000000008004c54       0x68 ../UCOS3/uCOS-III/Source/os_core.o
                0x0000000008004c54                OS_IdleTaskInit
 .text.OS_Pend  0x0000000008004cbc       0x84 ../UCOS3/uCOS-III/Source/os_core.o
                0x0000000008004cbc                OS_Pend
 .text.OS_PendDataInit
                0x0000000008004d40       0x6a ../UCOS3/uCOS-III/Source/os_core.o
                0x0000000008004d40                OS_PendDataInit
 *fill*         0x0000000008004daa        0x2 
 .text.OS_PendDbgNameAdd
                0x0000000008004dac       0x7c ../UCOS3/uCOS-III/Source/os_core.o
                0x0000000008004dac                OS_PendDbgNameAdd
 .text.OS_PendDbgNameRemove
                0x0000000008004e28       0x48 ../UCOS3/uCOS-III/Source/os_core.o
                0x0000000008004e28                OS_PendDbgNameRemove
 .text.OS_PendListChangePrio
                0x0000000008004e70       0x56 ../UCOS3/uCOS-III/Source/os_core.o
                0x0000000008004e70                OS_PendListChangePrio
 .text.OS_PendListInit
                0x0000000008004ec6       0x24 ../UCOS3/uCOS-III/Source/os_core.o
                0x0000000008004ec6                OS_PendListInit
 .text.OS_PendListInsertPrio
                0x0000000008004eea       0xe6 ../UCOS3/uCOS-III/Source/os_core.o
                0x0000000008004eea                OS_PendListInsertPrio
 .text.OS_PendListRemove
                0x0000000008004fd0       0x54 ../UCOS3/uCOS-III/Source/os_core.o
                0x0000000008004fd0                OS_PendListRemove
 .text.OS_PendListRemove1
                0x0000000008005024       0x92 ../UCOS3/uCOS-III/Source/os_core.o
                0x0000000008005024                OS_PendListRemove1
 *fill*         0x00000000080050b6        0x2 
 .text.OS_Post  0x00000000080050b8      0x130 ../UCOS3/uCOS-III/Source/os_core.o
                0x00000000080050b8                OS_Post
 .text.OS_Post1
                0x00000000080051e8       0x5e ../UCOS3/uCOS-III/Source/os_core.o
                0x00000000080051e8                OS_Post1
 *fill*         0x0000000008005246        0x2 
 .text.OS_RdyListInit
                0x0000000008005248       0x48 ../UCOS3/uCOS-III/Source/os_core.o
                0x0000000008005248                OS_RdyListInit
 .text.OS_RdyListInsert
                0x0000000008005290       0x3c ../UCOS3/uCOS-III/Source/os_core.o
                0x0000000008005290                OS_RdyListInsert
 .text.OS_RdyListInsertHead
                0x00000000080052cc       0x80 ../UCOS3/uCOS-III/Source/os_core.o
                0x00000000080052cc                OS_RdyListInsertHead
 .text.OS_RdyListInsertTail
                0x000000000800534c       0x80 ../UCOS3/uCOS-III/Source/os_core.o
                0x000000000800534c                OS_RdyListInsertTail
 .text.OS_RdyListRemove
                0x00000000080053cc       0xb0 ../UCOS3/uCOS-III/Source/os_core.o
                0x00000000080053cc                OS_RdyListRemove
 .text.OS_SchedLockTimeMeasStart
                0x000000000800547c       0x24 ../UCOS3/uCOS-III/Source/os_core.o
                0x000000000800547c                OS_SchedLockTimeMeasStart
 .text.OS_SchedLockTimeMeasStop
                0x00000000080054a0       0x54 ../UCOS3/uCOS-III/Source/os_core.o
                0x00000000080054a0                OS_SchedLockTimeMeasStop
 .text.OS_TaskBlock
                0x00000000080054f4       0x40 ../UCOS3/uCOS-III/Source/os_core.o
                0x00000000080054f4                OS_TaskBlock
 .text.OS_MsgPoolInit
                0x0000000008005534       0xcc ../UCOS3/uCOS-III/Source/os_msg.o
                0x0000000008005534                OS_MsgPoolInit
 .text.OS_MsgQInit
                0x0000000008005600       0x34 ../UCOS3/uCOS-III/Source/os_msg.o
                0x0000000008005600                OS_MsgQInit
 .text.OS_MsgQGet
                0x0000000008005634       0xbc ../UCOS3/uCOS-III/Source/os_msg.o
                0x0000000008005634                OS_MsgQGet
 .text.OS_MsgQPut
                0x00000000080056f0      0x110 ../UCOS3/uCOS-III/Source/os_msg.o
                0x00000000080056f0                OS_MsgQPut
 .text.OSTaskCreate
                0x0000000008005800      0x1fc ../UCOS3/uCOS-III/Source/os_task.o
                0x0000000008005800                OSTaskCreate
 .text.OSTaskResume
                0x00000000080059fc       0x64 ../UCOS3/uCOS-III/Source/os_task.o
                0x00000000080059fc                OSTaskResume
 .text.OSTaskSemPend
                0x0000000008005a60      0x1e0 ../UCOS3/uCOS-III/Source/os_task.o
                0x0000000008005a60                OSTaskSemPend
 .text.OSTaskSemPost
                0x0000000008005c40       0x46 ../UCOS3/uCOS-III/Source/os_task.o
                0x0000000008005c40                OSTaskSemPost
 *fill*         0x0000000008005c86        0x2 
 .text.OSTaskStkChk
                0x0000000008005c88       0xf0 ../UCOS3/uCOS-III/Source/os_task.o
                0x0000000008005c88                OSTaskStkChk
 .text.OSTaskSuspend
                0x0000000008005d78       0x44 ../UCOS3/uCOS-III/Source/os_task.o
                0x0000000008005d78                OSTaskSuspend
 .text.OS_TaskDbgListAdd
                0x0000000008005dbc       0x4c ../UCOS3/uCOS-III/Source/os_task.o
                0x0000000008005dbc                OS_TaskDbgListAdd
 .text.OS_TaskInit
                0x0000000008005e08       0x38 ../UCOS3/uCOS-III/Source/os_task.o
                0x0000000008005e08                OS_TaskInit
 .text.OS_TaskInitTCB
                0x0000000008005e40      0x19c ../UCOS3/uCOS-III/Source/os_task.o
                0x0000000008005e40                OS_TaskInitTCB
 .text.OS_TaskResume
                0x0000000008005fdc      0x124 ../UCOS3/uCOS-III/Source/os_task.o
                0x0000000008005fdc                OS_TaskResume
 .text.OS_TaskReturn
                0x0000000008006100       0x28 ../UCOS3/uCOS-III/Source/os_task.o
                0x0000000008006100                OS_TaskReturn
 .text.OS_TaskSemPost
                0x0000000008006128      0x128 ../UCOS3/uCOS-III/Source/os_task.o
                0x0000000008006128                OS_TaskSemPost
 .text.OS_TaskSuspend
                0x0000000008006250      0x118 ../UCOS3/uCOS-III/Source/os_task.o
                0x0000000008006250                OS_TaskSuspend
 .text.OS_TaskChangePrio
                0x0000000008006368      0x148 ../UCOS3/uCOS-III/Source/os_task.o
                0x0000000008006368                OS_TaskChangePrio
 .text.OSQCreate
                0x00000000080064b0       0xa0 ../UCOS3/uCOS-III/Source/os_q.o
                0x00000000080064b0                OSQCreate
 .text.OSQPend  0x0000000008006550      0x1f0 ../UCOS3/uCOS-III/Source/os_q.o
                0x0000000008006550                OSQPend
 .text.OSQPost  0x0000000008006740       0xb0 ../UCOS3/uCOS-III/Source/os_q.o
                0x0000000008006740                OSQPost
 .text.OS_QDbgListAdd
                0x00000000080067f0       0x4c ../UCOS3/uCOS-III/Source/os_q.o
                0x00000000080067f0                OS_QDbgListAdd
 .text.OS_QInit
                0x000000000800683c       0x2c ../UCOS3/uCOS-III/Source/os_q.o
                0x000000000800683c                OS_QInit
 .text.OS_QPost
                0x0000000008006868       0xce ../UCOS3/uCOS-III/Source/os_q.o
                0x0000000008006868                OS_QPost
 *fill*         0x0000000008006936        0x2 
 .text.OSIdleTaskHook
                0x0000000008006938       0x1c ../UCOS3/uCOS-III/Ports/ARM-Cortex-M4/Generic/GNU/os_cpu_c.o
                0x0000000008006938                OSIdleTaskHook
 .text.OSInitHook
                0x0000000008006954       0x38 ../UCOS3/uCOS-III/Ports/ARM-Cortex-M4/Generic/GNU/os_cpu_c.o
                0x0000000008006954                OSInitHook
 .text.OSStatTaskHook
                0x000000000800698c       0x1c ../UCOS3/uCOS-III/Ports/ARM-Cortex-M4/Generic/GNU/os_cpu_c.o
                0x000000000800698c                OSStatTaskHook
 .text.OSTaskCreateHook
                0x00000000080069a8       0x24 ../UCOS3/uCOS-III/Ports/ARM-Cortex-M4/Generic/GNU/os_cpu_c.o
                0x00000000080069a8                OSTaskCreateHook
 .text.OSTaskReturnHook
                0x00000000080069cc       0x24 ../UCOS3/uCOS-III/Ports/ARM-Cortex-M4/Generic/GNU/os_cpu_c.o
                0x00000000080069cc                OSTaskReturnHook
 .text.OSTaskStkInit
                0x00000000080069f0      0x108 ../UCOS3/uCOS-III/Ports/ARM-Cortex-M4/Generic/GNU/os_cpu_c.o
                0x00000000080069f0                OSTaskStkInit
 .text.OSTaskSwHook
                0x0000000008006af8       0x98 ../UCOS3/uCOS-III/Ports/ARM-Cortex-M4/Generic/GNU/os_cpu_c.o
                0x0000000008006af8                OSTaskSwHook
 .text.OSTimeTickHook
                0x0000000008006b90       0x1c ../UCOS3/uCOS-III/Ports/ARM-Cortex-M4/Generic/GNU/os_cpu_c.o
                0x0000000008006b90                OSTimeTickHook
 .text.OS_CPU_SysTickHandler
                0x0000000008006bac       0x38 ../UCOS3/uCOS-III/Ports/ARM-Cortex-M4/Generic/GNU/os_cpu_c.o
                0x0000000008006bac                OS_CPU_SysTickHandler
 .text.OS_CPU_SysTickInit
                0x0000000008006be4       0x54 ../UCOS3/uCOS-III/Ports/ARM-Cortex-M4/Generic/GNU/os_cpu_c.o
                0x0000000008006be4                OS_CPU_SysTickInit
 .text.XMC_GPIO_SetOutputHigh
                0x0000000008006c38       0x20 ./BSP/mcp23s08_drv.o
 .text.XMC_GPIO_SetOutputLow
                0x0000000008006c58       0x22 ./BSP/mcp23s08_drv.o
 .text._mcp23s08_reset_ss
                0x0000000008006c7a       0x20 ./BSP/mcp23s08_drv.o
                0x0000000008006c7a                _mcp23s08_reset_ss
 .text._mcp23s08_set_ss
                0x0000000008006c9a       0x20 ./BSP/mcp23s08_drv.o
                0x0000000008006c9a                _mcp23s08_set_ss
 *fill*         0x0000000008006cba        0x2 
 .text._mcp23s08_reset
                0x0000000008006cbc       0x20 ./BSP/mcp23s08_drv.o
                0x0000000008006cbc                _mcp23s08_reset
 .text._mcp23s08_reg_xfer
                0x0000000008006cdc       0xb0 ./BSP/mcp23s08_drv.o
                0x0000000008006cdc                _mcp23s08_reg_xfer
 .text.CPU_TS_TmrInit
                0x0000000008006d8c       0x3c ./BSP/cpu_bsp.o
                0x0000000008006d8c                CPU_TS_TmrInit
 .text.CPU_TS_TmrRd
                0x0000000008006dc8       0x1c ./BSP/cpu_bsp.o
                0x0000000008006dc8                CPU_TS_TmrRd
 .text.BSP_LowLevelInit
                0x0000000008006de4       0x48 ./BSP/bsp_sys.o
                0x0000000008006de4                BSP_LowLevelInit
 .text.BSP_SysInit
                0x0000000008006e2c      0x208 ./BSP/bsp_sys.o
                0x0000000008006e2c                BSP_SysInit
 .text.BSP_SysClkFreqGet
                0x0000000008007034       0xb4 ./BSP/bsp_sys.o
                0x0000000008007034                BSP_SysClkFreqGet
 .text.NVIC_EnableIRQ
                0x00000000080070e8       0x30 ./BSP/bsp_ccu8.o
 .text.NVIC_SetPriority
                0x0000000008007118       0x54 ./BSP/bsp_ccu8.o
 .text.XMC_CCU8_StartPrescaler
                0x000000000800716c       0x1e ./BSP/bsp_ccu8.o
 .text.XMC_CCU8_EnableClock
                0x000000000800718a       0x28 ./BSP/bsp_ccu8.o
 .text.XMC_CCU8_SLICE_StartTimer
                0x00000000080071b2       0x18 ./BSP/bsp_ccu8.o
 .text.XMC_CCU8_SLICE_EnableEvent
                0x00000000080071ca       0x2c ./BSP/bsp_ccu8.o
 *fill*         0x00000000080071f6        0x2 
 .text.BSP_ConfigCCU8_Timer
                0x00000000080071f8      0x104 ./BSP/bsp_ccu8.o
                0x00000000080071f8                BSP_ConfigCCU8_Timer
 .text.NVIC_EnableIRQ
                0x00000000080072fc       0x30 ./BSP/bsp_uart.o
 .text.XMC_USIC_CH_SetInputSource
                0x000000000800732c       0x3a ./BSP/bsp_uart.o
 .text.XMC_UART_CH_Start
                0x0000000008007366       0x22 ./BSP/bsp_uart.o
 .text.XMC_UART_CH_SetInterruptNodePointer
                0x0000000008007388       0x20 ./BSP/bsp_uart.o
 .text.XMC_UART_CH_SetInputSource
                0x00000000080073a8       0x32 ./BSP/bsp_uart.o
 *fill*         0x00000000080073da        0x2 
 .text.BSP_UART_Init
                0x00000000080073dc       0x78 ./BSP/bsp_uart.o
                0x00000000080073dc                BSP_UART_Init
 .text.XMC_USIC_CH_SetInputSource
                0x0000000008007454       0x3a ./BSP/xmc4500_spi_lib.o
 .text.XMC_USIC_CH_SetMode
                0x000000000800748e       0x26 ./BSP/xmc4500_spi_lib.o
 .text.XMC_SPI_CH_Start
                0x00000000080074b4       0x18 ./BSP/xmc4500_spi_lib.o
 .text.XMC_SPI_CH_GetStatusFlag
                0x00000000080074cc       0x16 ./BSP/xmc4500_spi_lib.o
 .text.XMC_SPI_CH_ClearStatusFlag
                0x00000000080074e2       0x20 ./BSP/xmc4500_spi_lib.o
 .text.XMC_SPI_CH_SetInputSource
                0x0000000008007502       0x32 ./BSP/xmc4500_spi_lib.o
 .text.XMC_GPIO_SetOutputHigh
                0x0000000008007534       0x20 ./BSP/xmc4500_spi_lib.o
 .text._init_spi
                0x0000000008007554       0xc4 ./BSP/xmc4500_spi_lib.o
                0x0000000008007554                _init_spi
 .text._spi_transmit
                0x0000000008007618       0x40 ./BSP/xmc4500_spi_lib.o
                0x0000000008007618                _spi_transmit
 .text._spi_receive
                0x0000000008007658       0x1a ./BSP/xmc4500_spi_lib.o
                0x0000000008007658                _spi_receive
 *fill*         0x0000000008007672        0x2 
 .text.BSP_Init
                0x0000000008007674       0x4c ./BSP/bsp.o
                0x0000000008007674                BSP_Init
 .text.ITM_SendChar
                0x00000000080076c0       0x4a ./BSP/debug_lib.o
 *fill*         0x000000000800770a        0x2 
 .text.initRetargetSwo
                0x000000000800770c       0x88 ./BSP/debug_lib.o
                0x000000000800770c                initRetargetSwo
 .text._write   0x0000000008007794       0x3a ./BSP/debug_lib.o
                0x0000000008007794                _write
 .text.BSP_IntDisAll
                0x00000000080077ce        0xc ./BSP/bsp_int.o
                0x00000000080077ce                BSP_IntDisAll
 .text.BSP_IntEn
                0x00000000080077da       0x24 ./BSP/bsp_int.o
                0x00000000080077da                BSP_IntEn
 *fill*         0x00000000080077fe        0x2 
 .text.BSP_IntVectSet
                0x0000000008007800       0x38 ./BSP/bsp_int.o
                0x0000000008007800                BSP_IntVectSet
 .text.BSP_IntInit
                0x0000000008007838       0x1c ./BSP/bsp_int.o
                0x0000000008007838                BSP_IntInit
 .text.BSP_IntHandler_Uart_Recive
                0x0000000008007854      0x110 ./BSP/bsp_int.o
 .text.BSP_IntHandlerSCU
                0x0000000008007964        0xe ./BSP/bsp_int.o
                0x0000000008007964                BSP_IntHandlerSCU
 .text.BSP_IntHandlerERU0_00
                0x0000000008007972        0xe ./BSP/bsp_int.o
                0x0000000008007972                BSP_IntHandlerERU0_00
 .text.BSP_IntHandlerERU0_01
                0x0000000008007980        0xe ./BSP/bsp_int.o
                0x0000000008007980                BSP_IntHandlerERU0_01
 .text.BSP_IntHandlerERU0_02
                0x000000000800798e        0xe ./BSP/bsp_int.o
                0x000000000800798e                BSP_IntHandlerERU0_02
 .text.BSP_IntHandlerERU0_03
                0x000000000800799c        0xe ./BSP/bsp_int.o
                0x000000000800799c                BSP_IntHandlerERU0_03
 .text.BSP_IntHandlerERU1_00
                0x00000000080079aa        0xe ./BSP/bsp_int.o
                0x00000000080079aa                BSP_IntHandlerERU1_00
 .text.BSP_IntHandlerERU1_01
                0x00000000080079b8        0xe ./BSP/bsp_int.o
                0x00000000080079b8                BSP_IntHandlerERU1_01
 .text.BSP_IntHandlerERU1_02
                0x00000000080079c6        0xe ./BSP/bsp_int.o
                0x00000000080079c6                BSP_IntHandlerERU1_02
 .text.BSP_IntHandlerERU1_03
                0x00000000080079d4        0xe ./BSP/bsp_int.o
                0x00000000080079d4                BSP_IntHandlerERU1_03
 .text.BSP_IntHandlerPMU0_00
                0x00000000080079e2        0xe ./BSP/bsp_int.o
                0x00000000080079e2                BSP_IntHandlerPMU0_00
 .text.BSP_IntHandlerVADC0_C0_00
                0x00000000080079f0        0xe ./BSP/bsp_int.o
                0x00000000080079f0                BSP_IntHandlerVADC0_C0_00
 .text.BSP_IntHandlerVADC0_C0_01
                0x00000000080079fe        0xe ./BSP/bsp_int.o
                0x00000000080079fe                BSP_IntHandlerVADC0_C0_01
 .text.BSP_IntHandlerVADC0_C0_02
                0x0000000008007a0c        0xe ./BSP/bsp_int.o
                0x0000000008007a0c                BSP_IntHandlerVADC0_C0_02
 .text.BSP_IntHandlerVADC0_C0_03
                0x0000000008007a1a        0xe ./BSP/bsp_int.o
                0x0000000008007a1a                BSP_IntHandlerVADC0_C0_03
 .text.BSP_IntHandlerVADC0_G0_00
                0x0000000008007a28        0xe ./BSP/bsp_int.o
                0x0000000008007a28                BSP_IntHandlerVADC0_G0_00
 .text.BSP_IntHandlerVADC0_G0_01
                0x0000000008007a36        0xe ./BSP/bsp_int.o
                0x0000000008007a36                BSP_IntHandlerVADC0_G0_01
 .text.BSP_IntHandlerVADC0_G0_02
                0x0000000008007a44        0xe ./BSP/bsp_int.o
                0x0000000008007a44                BSP_IntHandlerVADC0_G0_02
 .text.BSP_IntHandlerVADC0_G0_03
                0x0000000008007a52        0xe ./BSP/bsp_int.o
                0x0000000008007a52                BSP_IntHandlerVADC0_G0_03
 .text.BSP_IntHandlerVADC0_G1_00
                0x0000000008007a60        0xe ./BSP/bsp_int.o
                0x0000000008007a60                BSP_IntHandlerVADC0_G1_00
 .text.BSP_IntHandlerVADC0_G1_01
                0x0000000008007a6e        0xe ./BSP/bsp_int.o
                0x0000000008007a6e                BSP_IntHandlerVADC0_G1_01
 .text.BSP_IntHandlerVADC0_G1_02
                0x0000000008007a7c        0xe ./BSP/bsp_int.o
                0x0000000008007a7c                BSP_IntHandlerVADC0_G1_02
 .text.BSP_IntHandlerVADC0_G1_03
                0x0000000008007a8a        0xe ./BSP/bsp_int.o
                0x0000000008007a8a                BSP_IntHandlerVADC0_G1_03
 .text.BSP_IntHandlerVADC0_G2_00
                0x0000000008007a98        0xe ./BSP/bsp_int.o
                0x0000000008007a98                BSP_IntHandlerVADC0_G2_00
 .text.BSP_IntHandlerVADC0_G2_01
                0x0000000008007aa6        0xe ./BSP/bsp_int.o
                0x0000000008007aa6                BSP_IntHandlerVADC0_G2_01
 .text.BSP_IntHandlerVADC0_G2_02
                0x0000000008007ab4        0xe ./BSP/bsp_int.o
                0x0000000008007ab4                BSP_IntHandlerVADC0_G2_02
 .text.BSP_IntHandlerVADC0_G2_03
                0x0000000008007ac2        0xe ./BSP/bsp_int.o
                0x0000000008007ac2                BSP_IntHandlerVADC0_G2_03
 .text.BSP_IntHandlerVADC0_G3_00
                0x0000000008007ad0        0xe ./BSP/bsp_int.o
                0x0000000008007ad0                BSP_IntHandlerVADC0_G3_00
 .text.BSP_IntHandlerVADC0_G3_01
                0x0000000008007ade        0xe ./BSP/bsp_int.o
                0x0000000008007ade                BSP_IntHandlerVADC0_G3_01
 .text.BSP_IntHandlerVADC0_G3_02
                0x0000000008007aec        0xe ./BSP/bsp_int.o
                0x0000000008007aec                BSP_IntHandlerVADC0_G3_02
 .text.BSP_IntHandlerVADC0_G3_03
                0x0000000008007afa        0xe ./BSP/bsp_int.o
                0x0000000008007afa                BSP_IntHandlerVADC0_G3_03
 .text.BSP_IntHandlerDSD0_00
                0x0000000008007b08        0xe ./BSP/bsp_int.o
                0x0000000008007b08                BSP_IntHandlerDSD0_00
 .text.BSP_IntHandlerDSD0_01
                0x0000000008007b16        0xe ./BSP/bsp_int.o
                0x0000000008007b16                BSP_IntHandlerDSD0_01
 .text.BSP_IntHandlerDSD0_02
                0x0000000008007b24        0xe ./BSP/bsp_int.o
                0x0000000008007b24                BSP_IntHandlerDSD0_02
 .text.BSP_IntHandlerDSD0_03
                0x0000000008007b32        0xe ./BSP/bsp_int.o
                0x0000000008007b32                BSP_IntHandlerDSD0_03
 .text.BSP_IntHandlerDSD0_04
                0x0000000008007b40        0xe ./BSP/bsp_int.o
                0x0000000008007b40                BSP_IntHandlerDSD0_04
 .text.BSP_IntHandlerDSD0_05
                0x0000000008007b4e        0xe ./BSP/bsp_int.o
                0x0000000008007b4e                BSP_IntHandlerDSD0_05
 .text.BSP_IntHandlerDSD0_06
                0x0000000008007b5c        0xe ./BSP/bsp_int.o
                0x0000000008007b5c                BSP_IntHandlerDSD0_06
 .text.BSP_IntHandlerDSD0_07
                0x0000000008007b6a        0xe ./BSP/bsp_int.o
                0x0000000008007b6a                BSP_IntHandlerDSD0_07
 .text.BSP_IntHandlerDAC0_00
                0x0000000008007b78        0xe ./BSP/bsp_int.o
                0x0000000008007b78                BSP_IntHandlerDAC0_00
 .text.BSP_IntHandlerDAC0_01
                0x0000000008007b86        0xe ./BSP/bsp_int.o
                0x0000000008007b86                BSP_IntHandlerDAC0_01
 .text.BSP_IntHandlerCCU40_00
                0x0000000008007b94        0xe ./BSP/bsp_int.o
                0x0000000008007b94                BSP_IntHandlerCCU40_00
 .text.BSP_IntHandlerCCU40_01
                0x0000000008007ba2        0xe ./BSP/bsp_int.o
                0x0000000008007ba2                BSP_IntHandlerCCU40_01
 .text.BSP_IntHandlerCCU40_02
                0x0000000008007bb0        0xe ./BSP/bsp_int.o
                0x0000000008007bb0                BSP_IntHandlerCCU40_02
 .text.BSP_IntHandlerCCU40_03
                0x0000000008007bbe        0xe ./BSP/bsp_int.o
                0x0000000008007bbe                BSP_IntHandlerCCU40_03
 .text.BSP_IntHandlerCCU41_00
                0x0000000008007bcc        0xe ./BSP/bsp_int.o
                0x0000000008007bcc                BSP_IntHandlerCCU41_00
 .text.BSP_IntHandlerCCU41_01
                0x0000000008007bda        0xe ./BSP/bsp_int.o
                0x0000000008007bda                BSP_IntHandlerCCU41_01
 .text.BSP_IntHandlerCCU41_02
                0x0000000008007be8        0xe ./BSP/bsp_int.o
                0x0000000008007be8                BSP_IntHandlerCCU41_02
 .text.BSP_IntHandlerCCU41_03
                0x0000000008007bf6        0xe ./BSP/bsp_int.o
                0x0000000008007bf6                BSP_IntHandlerCCU41_03
 .text.BSP_IntHandlerCCU42_00
                0x0000000008007c04        0xe ./BSP/bsp_int.o
                0x0000000008007c04                BSP_IntHandlerCCU42_00
 .text.BSP_IntHandlerCCU42_01
                0x0000000008007c12        0xe ./BSP/bsp_int.o
                0x0000000008007c12                BSP_IntHandlerCCU42_01
 .text.BSP_IntHandlerCCU42_02
                0x0000000008007c20        0xe ./BSP/bsp_int.o
                0x0000000008007c20                BSP_IntHandlerCCU42_02
 .text.BSP_IntHandlerCCU42_03
                0x0000000008007c2e        0xe ./BSP/bsp_int.o
                0x0000000008007c2e                BSP_IntHandlerCCU42_03
 .text.BSP_IntHandlerCCU43_00
                0x0000000008007c3c        0xe ./BSP/bsp_int.o
                0x0000000008007c3c                BSP_IntHandlerCCU43_00
 .text.BSP_IntHandlerCCU43_01
                0x0000000008007c4a        0xe ./BSP/bsp_int.o
                0x0000000008007c4a                BSP_IntHandlerCCU43_01
 .text.BSP_IntHandlerCCU43_02
                0x0000000008007c58        0xe ./BSP/bsp_int.o
                0x0000000008007c58                BSP_IntHandlerCCU43_02
 .text.BSP_IntHandlerCCU43_03
                0x0000000008007c66        0xe ./BSP/bsp_int.o
                0x0000000008007c66                BSP_IntHandlerCCU43_03
 .text.BSP_IntHandlerCCU80_00
                0x0000000008007c74        0xe ./BSP/bsp_int.o
                0x0000000008007c74                BSP_IntHandlerCCU80_00
 .text.BSP_IntHandlerCCU80_01
                0x0000000008007c82        0xe ./BSP/bsp_int.o
                0x0000000008007c82                BSP_IntHandlerCCU80_01
 .text.BSP_IntHandlerCCU80_02
                0x0000000008007c90        0xe ./BSP/bsp_int.o
                0x0000000008007c90                BSP_IntHandlerCCU80_02
 .text.BSP_IntHandlerCCU80_03
                0x0000000008007c9e        0xe ./BSP/bsp_int.o
                0x0000000008007c9e                BSP_IntHandlerCCU80_03
 .text.BSP_IntHandlerCCU81_00
                0x0000000008007cac        0xe ./BSP/bsp_int.o
                0x0000000008007cac                BSP_IntHandlerCCU81_00
 .text.BSP_IntHandlerCCU81_01
                0x0000000008007cba        0xe ./BSP/bsp_int.o
                0x0000000008007cba                BSP_IntHandlerCCU81_01
 .text.BSP_IntHandlerCCU81_02
                0x0000000008007cc8        0xe ./BSP/bsp_int.o
                0x0000000008007cc8                BSP_IntHandlerCCU81_02
 .text.BSP_IntHandlerCCU81_03
                0x0000000008007cd6        0xe ./BSP/bsp_int.o
                0x0000000008007cd6                BSP_IntHandlerCCU81_03
 .text.BSP_IntHandlerPOSIF0_00
                0x0000000008007ce4        0xe ./BSP/bsp_int.o
                0x0000000008007ce4                BSP_IntHandlerPOSIF0_00
 .text.BSP_IntHandlerPOSIF0_01
                0x0000000008007cf2        0xe ./BSP/bsp_int.o
                0x0000000008007cf2                BSP_IntHandlerPOSIF0_01
 .text.BSP_IntHandlerPOSIF1_00
                0x0000000008007d00        0xe ./BSP/bsp_int.o
                0x0000000008007d00                BSP_IntHandlerPOSIF1_00
 .text.BSP_IntHandlerPOSIF1_01
                0x0000000008007d0e        0xe ./BSP/bsp_int.o
                0x0000000008007d0e                BSP_IntHandlerPOSIF1_01
 .text.BSP_IntHandlerCAN0_00
                0x0000000008007d1c        0xe ./BSP/bsp_int.o
                0x0000000008007d1c                BSP_IntHandlerCAN0_00
 .text.BSP_IntHandlerCAN0_01
                0x0000000008007d2a        0xe ./BSP/bsp_int.o
                0x0000000008007d2a                BSP_IntHandlerCAN0_01
 .text.BSP_IntHandlerCAN0_02
                0x0000000008007d38        0xe ./BSP/bsp_int.o
                0x0000000008007d38                BSP_IntHandlerCAN0_02
 .text.BSP_IntHandlerCAN0_03
                0x0000000008007d46        0xe ./BSP/bsp_int.o
                0x0000000008007d46                BSP_IntHandlerCAN0_03
 .text.BSP_IntHandlerCAN0_04
                0x0000000008007d54        0xe ./BSP/bsp_int.o
                0x0000000008007d54                BSP_IntHandlerCAN0_04
 .text.BSP_IntHandlerCAN0_05
                0x0000000008007d62        0xe ./BSP/bsp_int.o
                0x0000000008007d62                BSP_IntHandlerCAN0_05
 .text.BSP_IntHandlerCAN0_06
                0x0000000008007d70        0xe ./BSP/bsp_int.o
                0x0000000008007d70                BSP_IntHandlerCAN0_06
 .text.BSP_IntHandlerCAN0_07
                0x0000000008007d7e        0xe ./BSP/bsp_int.o
                0x0000000008007d7e                BSP_IntHandlerCAN0_07
 .text.BSP_IntHandlerUSIC0_00
                0x0000000008007d8c        0xe ./BSP/bsp_int.o
                0x0000000008007d8c                BSP_IntHandlerUSIC0_00
 .text.BSP_IntHandlerUSIC0_01
                0x0000000008007d9a        0xe ./BSP/bsp_int.o
                0x0000000008007d9a                BSP_IntHandlerUSIC0_01
 .text.BSP_IntHandlerUSIC0_02
                0x0000000008007da8        0xe ./BSP/bsp_int.o
                0x0000000008007da8                BSP_IntHandlerUSIC0_02
 .text.BSP_IntHandlerUSIC0_03
                0x0000000008007db6        0xe ./BSP/bsp_int.o
                0x0000000008007db6                BSP_IntHandlerUSIC0_03
 .text.BSP_IntHandlerUSIC0_04
                0x0000000008007dc4        0xe ./BSP/bsp_int.o
                0x0000000008007dc4                BSP_IntHandlerUSIC0_04
 .text.BSP_IntHandlerUSIC0_05
                0x0000000008007dd2        0xe ./BSP/bsp_int.o
                0x0000000008007dd2                BSP_IntHandlerUSIC0_05
 .text.BSP_IntHandlerUSIC1_00
                0x0000000008007de0        0xe ./BSP/bsp_int.o
                0x0000000008007de0                BSP_IntHandlerUSIC1_00
 .text.BSP_IntHandlerUSIC1_01
                0x0000000008007dee        0xe ./BSP/bsp_int.o
                0x0000000008007dee                BSP_IntHandlerUSIC1_01
 .text.BSP_IntHandlerUSIC1_02
                0x0000000008007dfc        0xe ./BSP/bsp_int.o
                0x0000000008007dfc                BSP_IntHandlerUSIC1_02
 .text.BSP_IntHandlerUSIC1_03
                0x0000000008007e0a        0xe ./BSP/bsp_int.o
                0x0000000008007e0a                BSP_IntHandlerUSIC1_03
 .text.BSP_IntHandlerUSIC1_04
                0x0000000008007e18        0xe ./BSP/bsp_int.o
                0x0000000008007e18                BSP_IntHandlerUSIC1_04
 .text.BSP_IntHandlerUSIC1_05
                0x0000000008007e26        0xe ./BSP/bsp_int.o
                0x0000000008007e26                BSP_IntHandlerUSIC1_05
 .text.BSP_IntHandlerUSIC2_00
                0x0000000008007e34        0xe ./BSP/bsp_int.o
                0x0000000008007e34                BSP_IntHandlerUSIC2_00
 .text.BSP_IntHandlerUSIC2_01
                0x0000000008007e42        0xe ./BSP/bsp_int.o
                0x0000000008007e42                BSP_IntHandlerUSIC2_01
 .text.BSP_IntHandlerUSIC2_02
                0x0000000008007e50        0xe ./BSP/bsp_int.o
                0x0000000008007e50                BSP_IntHandlerUSIC2_02
 .text.BSP_IntHandlerUSIC2_03
                0x0000000008007e5e        0xe ./BSP/bsp_int.o
                0x0000000008007e5e                BSP_IntHandlerUSIC2_03
 .text.BSP_IntHandlerUSIC2_04
                0x0000000008007e6c        0xe ./BSP/bsp_int.o
                0x0000000008007e6c                BSP_IntHandlerUSIC2_04
 .text.BSP_IntHandlerUSIC2_05
                0x0000000008007e7a        0xe ./BSP/bsp_int.o
                0x0000000008007e7a                BSP_IntHandlerUSIC2_05
 .text.BSP_IntHandlerLEDTS0_00
                0x0000000008007e88        0xe ./BSP/bsp_int.o
                0x0000000008007e88                BSP_IntHandlerLEDTS0_00
 .text.BSP_IntHandlerFCE0_00
                0x0000000008007e96        0xe ./BSP/bsp_int.o
                0x0000000008007e96                BSP_IntHandlerFCE0_00
 .text.BSP_IntHandlerGPDMA0_00
                0x0000000008007ea4        0xe ./BSP/bsp_int.o
                0x0000000008007ea4                BSP_IntHandlerGPDMA0_00
 .text.BSP_IntHandlerSDMMC0_00
                0x0000000008007eb2        0xe ./BSP/bsp_int.o
                0x0000000008007eb2                BSP_IntHandlerSDMMC0_00
 .text.BSP_IntHandlerUSB0_00
                0x0000000008007ec0        0xe ./BSP/bsp_int.o
                0x0000000008007ec0                BSP_IntHandlerUSB0_00
 .text.BSP_IntHandlerETH0_00
                0x0000000008007ece        0xe ./BSP/bsp_int.o
                0x0000000008007ece                BSP_IntHandlerETH0_00
 .text.BSP_IntHandlerGPDMA1_00
                0x0000000008007edc        0xe ./BSP/bsp_int.o
                0x0000000008007edc                BSP_IntHandlerGPDMA1_00
 *fill*         0x0000000008007eea        0x2 
 .text.BSP_IntHandler
                0x0000000008007eec       0x48 ./BSP/bsp_int.o
 .text.NVIC_EnableIRQ
                0x0000000008007f34       0x30 ./BSP/bsp_ccu4.o
 .text.NVIC_SetPriority
                0x0000000008007f64       0x54 ./BSP/bsp_ccu4.o
 .text.XMC_CCU4_StartPrescaler
                0x0000000008007fb8       0x1e ./BSP/bsp_ccu4.o
 .text.XMC_CCU4_EnableClock
                0x0000000008007fd6       0x28 ./BSP/bsp_ccu4.o
 .text.XMC_CCU4_SLICE_StartTimer
                0x0000000008007ffe       0x18 ./BSP/bsp_ccu4.o
 .text.XMC_CCU4_SLICE_StopTimer
                0x0000000008008016       0x1e ./BSP/bsp_ccu4.o
 .text.XMC_CCU4_SLICE_SetTimerPeriodMatch
                0x0000000008008034       0x1c ./BSP/bsp_ccu4.o
 .text.XMC_CCU4_SLICE_SetTimerCompareMatch
                0x0000000008008050       0x1c ./BSP/bsp_ccu4.o
 .text.XMC_CCU4_SLICE_EnableEvent
                0x000000000800806c       0x2c ./BSP/bsp_ccu4.o
 .text.BSP_ConfigCCU4_Timer
                0x0000000008008098       0x94 ./BSP/bsp_ccu4.o
                0x0000000008008098                BSP_ConfigCCU4_Timer
 .text.BSP_PWM_SetPen
                0x000000000800812c       0x74 ./BSP/bsp_ccu4.o
                0x000000000800812c                BSP_PWM_SetPen
 .text.BSP_DAC0_1_Init
                0x00000000080081a0       0x24 ./BSP/bsp_dac.o
                0x00000000080081a0                BSP_DAC0_1_Init
 .text._lseek   0x00000000080081c4       0x1a ../CMSIS/CMSIS/Infineon/Lib/System_LibcStubs.o
                0x00000000080081c4                _lseek
 .text._read    0x00000000080081de       0x18 ../CMSIS/CMSIS/Infineon/Lib/System_LibcStubs.o
                0x00000000080081de                _read
 .text._close   0x00000000080081f6       0x10 ../CMSIS/CMSIS/Infineon/Lib/System_LibcStubs.o
                0x00000000080081f6                _close
 .text._fstat   0x0000000008008206       0x24 ../CMSIS/CMSIS/Infineon/Lib/System_LibcStubs.o
                0x0000000008008206                _fstat
 *fill*         0x000000000800822a        0x2 
 .text._sbrk    0x000000000800822c       0x70 ../CMSIS/CMSIS/Infineon/Lib/System_LibcStubs.o
                0x000000000800822c                _sbrk
 .text._init    0x000000000800829c        0xc ../CMSIS/CMSIS/Infineon/Lib/System_LibcStubs.o
                0x000000000800829c                _init
 .text._isatty  0x00000000080082a8       0x16 ../CMSIS/CMSIS/Infineon/Lib/System_LibcStubs.o
                0x00000000080082a8                _isatty
 .text.XMC_DAC_CH_EnableOutput
                0x00000000080082be       0x2e ../XMCLIB/src/xmc_dac.o
 .text.XMC_DAC_CH_SetMode
                0x00000000080082ec       0x34 ../XMCLIB/src/xmc_dac.o
 .text.XMC_DAC_Enable
                0x0000000008008320       0x1c ../XMCLIB/src/xmc_dac.o
                0x0000000008008320                XMC_DAC_Enable
 .text.XMC_DAC_CH_Init
                0x000000000800833c       0x48 ../XMCLIB/src/xmc_dac.o
                0x000000000800833c                XMC_DAC_CH_Init
 .text.XMC_DAC_CH_StartSingleValueMode
                0x0000000008008384       0x24 ../XMCLIB/src/xmc_dac.o
                0x0000000008008384                XMC_DAC_CH_StartSingleValueMode
 .text.XMC_GPIO_SetMode
                0x00000000080083a8       0x80 ../XMCLIB/src/xmc_gpio.o
                0x00000000080083a8                XMC_GPIO_SetMode
 .text.XMC_CCU4_EnableModule
                0x0000000008008428       0x1c ../XMCLIB/src/xmc_ccu4.o
                0x0000000008008428                XMC_CCU4_EnableModule
 .text.XMC_CCU4_Init
                0x0000000008008444       0x38 ../XMCLIB/src/xmc_ccu4.o
                0x0000000008008444                XMC_CCU4_Init
 .text.XMC_CCU4_SetModuleClock
                0x000000000800847c       0x34 ../XMCLIB/src/xmc_ccu4.o
                0x000000000800847c                XMC_CCU4_SetModuleClock
 .text.XMC_CCU4_SLICE_CompareInit
                0x00000000080084b0       0x6c ../XMCLIB/src/xmc_ccu4.o
                0x00000000080084b0                XMC_CCU4_SLICE_CompareInit
 .text.XMC_CCU4_SLICE_StartConfig
                0x000000000800851c       0x5a ../XMCLIB/src/xmc_ccu4.o
                0x000000000800851c                XMC_CCU4_SLICE_StartConfig
 .text.XMC_CCU4_EnableShadowTransfer
                0x0000000008008576       0x20 ../XMCLIB/src/xmc_ccu4.o
                0x0000000008008576                XMC_CCU4_EnableShadowTransfer
 *fill*         0x0000000008008596        0x2 
 .text.XMC_CCU4_SLICE_SetInterruptNode
                0x0000000008008598       0xb0 ../XMCLIB/src/xmc_ccu4.o
                0x0000000008008598                XMC_CCU4_SLICE_SetInterruptNode
 .text.XMC_CCU4_lDeassertReset
                0x0000000008008648       0x58 ../XMCLIB/src/xmc_ccu4.o
                0x0000000008008648                XMC_CCU4_lDeassertReset
 .text.XMC_GPIO_Init
                0x00000000080086a0      0x140 ../XMCLIB/src/xmc4_gpio.o
                0x00000000080086a0                XMC_GPIO_Init
 .text.XMC_CCU8_SLICE_StopTimer
                0x00000000080087e0       0x1e ../XMCLIB/src/xmc_ccu8.o
 .text.XMC_CCU8_EnableModule
                0x00000000080087fe       0x1c ../XMCLIB/src/xmc_ccu8.o
                0x00000000080087fe                XMC_CCU8_EnableModule
 .text.XMC_CCU8_Init
                0x000000000800881a       0x38 ../XMCLIB/src/xmc_ccu8.o
                0x000000000800881a                XMC_CCU8_Init
 .text.XMC_CCU8_SetModuleClock
                0x0000000008008852       0x34 ../XMCLIB/src/xmc_ccu8.o
                0x0000000008008852                XMC_CCU8_SetModuleClock
 .text.XMC_CCU8_SLICE_CompareInit
                0x0000000008008886       0x74 ../XMCLIB/src/xmc_ccu8.o
                0x0000000008008886                XMC_CCU8_SLICE_CompareInit
 .text.XMC_CCU8_SLICE_SetTimerPeriodMatch
                0x00000000080088fa       0x1c ../XMCLIB/src/xmc_ccu8.o
                0x00000000080088fa                XMC_CCU8_SLICE_SetTimerPeriodMatch
 .text.XMC_CCU8_SLICE_SetTimerCompareMatch
                0x0000000008008916       0x2e ../XMCLIB/src/xmc_ccu8.o
                0x0000000008008916                XMC_CCU8_SLICE_SetTimerCompareMatch
 .text.XMC_CCU8_EnableShadowTransfer
                0x0000000008008944       0x20 ../XMCLIB/src/xmc_ccu8.o
                0x0000000008008944                XMC_CCU8_EnableShadowTransfer
 .text.XMC_CCU8_SLICE_SetInterruptNode
                0x0000000008008964       0xb8 ../XMCLIB/src/xmc_ccu8.o
                0x0000000008008964                XMC_CCU8_SLICE_SetInterruptNode
 .text.XMC_CCU8_lDeassertReset
                0x0000000008008a1c       0x2c ../XMCLIB/src/xmc_ccu8.o
                0x0000000008008a1c                XMC_CCU8_lDeassertReset
 .text.XMC_USIC_CH_GetTransmitBufferStatus
                0x0000000008008a48       0x1e ../XMCLIB/src/xmc_uart.o
 .text.XMC_UART_CH_ClearStatusFlag
                0x0000000008008a66       0x1a ../XMCLIB/src/xmc_uart.o
 .text.XMC_UART_CH_Init
                0x0000000008008a80       0xaa ../XMCLIB/src/xmc_uart.o
                0x0000000008008a80                XMC_UART_CH_Init
 .text.XMC_UART_CH_Transmit
                0x0000000008008b2a       0x4c ../XMCLIB/src/xmc_uart.o
                0x0000000008008b2a                XMC_UART_CH_Transmit
 .text.XMC_UART_CH_GetReceivedData
                0x0000000008008b76       0x32 ../XMCLIB/src/xmc_uart.o
                0x0000000008008b76                XMC_UART_CH_GetReceivedData
 .text.XMC_UART_CH_EnableEvent
                0x0000000008008ba8       0x38 ../XMCLIB/src/xmc_uart.o
                0x0000000008008ba8                XMC_UART_CH_EnableEvent
 .text.XMC_USIC_CH_GetTransmitBufferStatus
                0x0000000008008be0       0x1e ../XMCLIB/src/xmc_spi.o
 .text.XMC_USIC_CH_GetReceiveBufferStatus
                0x0000000008008bfe       0x1a ../XMCLIB/src/xmc_spi.o
 .text.XMC_SPI_CH_ClearStatusFlag
                0x0000000008008c18       0x20 ../XMCLIB/src/xmc_spi.o
 .text.XMC_SPI_CH_Init
                0x0000000008008c38       0x6c ../XMCLIB/src/xmc_spi.o
                0x0000000008008c38                XMC_SPI_CH_Init
 .text.XMC_SPI_CH_Transmit
                0x0000000008008ca4       0x6e ../XMCLIB/src/xmc_spi.o
                0x0000000008008ca4                XMC_SPI_CH_Transmit
 .text.XMC_SPI_CH_GetReceivedData
                0x0000000008008d12       0x4e ../XMCLIB/src/xmc_spi.o
                0x0000000008008d12                XMC_SPI_CH_GetReceivedData
 .text.XMC_SPI_CH_EnableEvent
                0x0000000008008d60       0x38 ../XMCLIB/src/xmc_spi.o
                0x0000000008008d60                XMC_SPI_CH_EnableEvent
 .text.XMC_SCU_CLOCK_GetCpuClockFrequency
                0x0000000008008d98       0x14 ../XMCLIB/src/xmc4_scu.o
 .text.XMC_SCU_RESET_DeassertPeripheralReset
                0x0000000008008dac       0x3c ../XMCLIB/src/xmc4_scu.o
                0x0000000008008dac                XMC_SCU_RESET_DeassertPeripheralReset
 .text.XMC_SCU_CLOCK_GetPeripheralClockFrequency
                0x0000000008008de8       0x20 ../XMCLIB/src/xmc4_scu.o
                0x0000000008008de8                XMC_SCU_CLOCK_GetPeripheralClockFrequency
 .text.XMC_SCU_CLOCK_EnableClock
                0x0000000008008e08       0x20 ../XMCLIB/src/xmc4_scu.o
                0x0000000008008e08                XMC_SCU_CLOCK_EnableClock
 .text.XMC_USIC_Enable
                0x0000000008008e28       0x54 ../XMCLIB/src/xmc4_usic.o
                0x0000000008008e28                XMC_USIC_Enable
 .text.XMC_USIC_CH_Enable
                0x0000000008008e7c       0x9c ../XMCLIB/src/xmc_usic.o
                0x0000000008008e7c                XMC_USIC_CH_Enable
 .text.XMC_USIC_CH_SetBaudrate
                0x0000000008008f18       0xe4 ../XMCLIB/src/xmc_usic.o
                0x0000000008008f18                XMC_USIC_CH_SetBaudrate
 .text.XMC_USIC_CH_SetInterruptNodePointer
                0x0000000008008ffc       0x36 ../XMCLIB/src/xmc_usic.o
                0x0000000008008ffc                XMC_USIC_CH_SetInterruptNodePointer
 *fill*         0x0000000008009032        0x2 
 .text.Reset_Handler
                0x0000000008009034       0x88 ./BSP/startup.o
                0x0000000008009034                Reset_Handler
 .text.App_NMI_ISR
                0x00000000080090bc        0x2 ./BSP/startup.o
 .text.App_Fault_ISR
                0x00000000080090be        0x2 ./BSP/startup.o
 .text.App_MemFault_ISR
                0x00000000080090c0        0x2 ./BSP/startup.o
 .text.App_BusFault_ISR
                0x00000000080090c2        0x2 ./BSP/startup.o
 .text.App_UsageFault_ISR
                0x00000000080090c4        0x2 ./BSP/startup.o
 .text.App_Spurious_ISR
                0x00000000080090c6        0x2 ./BSP/startup.o
 .text.floor    0x00000000080090c8      0x108 /home/tommi/Bin/gcc-arm-none-eabi-7-2017-q4-major/bin/../lib/gcc/arm-none-eabi/7.2.1/../../../../arm-none-eabi/lib/thumb/v7e-m/libm.a(lib_a-s_floor.o)
                0x00000000080090c8                floor
 .text.__errno  0x00000000080091d0        0xc /home/tommi/Bin/gcc-arm-none-eabi-7-2017-q4-major/bin/../lib/gcc/arm-none-eabi/7.2.1/../../../../arm-none-eabi/lib/thumb/v7e-m/libg.a(lib_a-errno.o)
                0x00000000080091d0                __errno
 .text.__libc_init_array
                0x00000000080091dc       0x48 /home/tommi/Bin/gcc-arm-none-eabi-7-2017-q4-major/bin/../lib/gcc/arm-none-eabi/7.2.1/../../../../arm-none-eabi/lib/thumb/v7e-m/libg.a(lib_a-init.o)
                0x00000000080091dc                __libc_init_array
 .text.memset   0x0000000008009224       0x94 /home/tommi/Bin/gcc-arm-none-eabi-7-2017-q4-major/bin/../lib/gcc/arm-none-eabi/7.2.1/../../../../arm-none-eabi/lib/thumb/v7e-m/libg.a(lib_a-memset.o)
                0x0000000008009224                memset
 .text.printf   0x00000000080092b8       0x28 /home/tommi/Bin/gcc-arm-none-eabi-7-2017-q4-major/bin/../lib/gcc/arm-none-eabi/7.2.1/../../../../arm-none-eabi/lib/thumb/v7e-m/libg.a(lib_a-printf.o)
                0x00000000080092b8                printf
 .text._puts_r  0x00000000080092e0       0x9c /home/tommi/Bin/gcc-arm-none-eabi-7-2017-q4-major/bin/../lib/gcc/arm-none-eabi/7.2.1/../../../../arm-none-eabi/lib/thumb/v7e-m/libg.a(lib_a-puts.o)
                0x00000000080092e0                _puts_r
 .text.puts     0x000000000800937c       0x10 /home/tommi/Bin/gcc-arm-none-eabi-7-2017-q4-major/bin/../lib/gcc/arm-none-eabi/7.2.1/../../../../arm-none-eabi/lib/thumb/v7e-m/libg.a(lib_a-puts.o)
                0x000000000800937c                puts
 .text.sprintf  0x000000000800938c       0x44 /home/tommi/Bin/gcc-arm-none-eabi-7-2017-q4-major/bin/../lib/gcc/arm-none-eabi/7.2.1/../../../../arm-none-eabi/lib/thumb/v7e-m/libg.a(lib_a-sprintf.o)
                0x000000000800938c                sprintf
 .text.strncmp  0x00000000080093d0       0x98 /home/tommi/Bin/gcc-arm-none-eabi-7-2017-q4-major/bin/../lib/gcc/arm-none-eabi/7.2.1/../../../../arm-none-eabi/lib/thumb/v7e-m/libg.a(lib_a-strncmp.o)
                0x00000000080093d0                strncmp
 .text.strtok   0x0000000008009468       0x10 /home/tommi/Bin/gcc-arm-none-eabi-7-2017-q4-major/bin/../lib/gcc/arm-none-eabi/7.2.1/../../../../arm-none-eabi/lib/thumb/v7e-m/libg.a(lib_a-strtok.o)
                0x0000000008009468                strtok
 .text.__strtok_r
                0x0000000008009478       0x64 /home/tommi/Bin/gcc-arm-none-eabi-7-2017-q4-major/bin/../lib/gcc/arm-none-eabi/7.2.1/../../../../arm-none-eabi/lib/thumb/v7e-m/libg.a(lib_a-strtok_r.o)
                0x0000000008009478                __strtok_r
 .text._strtol_l.isra.0
                0x00000000080094dc      0x124 /home/tommi/Bin/gcc-arm-none-eabi-7-2017-q4-major/bin/../lib/gcc/arm-none-eabi/7.2.1/../../../../arm-none-eabi/lib/thumb/v7e-m/libg.a(lib_a-strtol.o)
 .text.strtol   0x0000000008009600       0x2c /home/tommi/Bin/gcc-arm-none-eabi-7-2017-q4-major/bin/../lib/gcc/arm-none-eabi/7.2.1/../../../../arm-none-eabi/lib/thumb/v7e-m/libg.a(lib_a-strtol.o)
                0x0000000008009600                strtol
 .text._svfprintf_r
                0x000000000800962c     0x14a0 /home/tommi/Bin/gcc-arm-none-eabi-7-2017-q4-major/bin/../lib/gcc/arm-none-eabi/7.2.1/../../../../arm-none-eabi/lib/thumb/v7e-m/libg.a(lib_a-svfprintf.o)
                0x000000000800962c                _svfprintf_r
 .text._vfprintf_r
                0x000000000800aacc     0x1504 /home/tommi/Bin/gcc-arm-none-eabi-7-2017-q4-major/bin/../lib/gcc/arm-none-eabi/7.2.1/../../../../arm-none-eabi/lib/thumb/v7e-m/libg.a(lib_a-vfprintf.o)
                0x000000000800aacc                _vfprintf_r
 .text.__sbprintf
                0x000000000800bfd0       0x84 /home/tommi/Bin/gcc-arm-none-eabi-7-2017-q4-major/bin/../lib/gcc/arm-none-eabi/7.2.1/../../../../arm-none-eabi/lib/thumb/v7e-m/libg.a(lib_a-vfprintf.o)
 .text.__swsetup_r
                0x000000000800c054       0xcc /home/tommi/Bin/gcc-arm-none-eabi-7-2017-q4-major/bin/../lib/gcc/arm-none-eabi/7.2.1/../../../../arm-none-eabi/lib/thumb/v7e-m/libg.a(lib_a-wsetup.o)
                0x000000000800c054                __swsetup_r
 .text.quorem   0x000000000800c120      0x124 /home/tommi/Bin/gcc-arm-none-eabi-7-2017-q4-major/bin/../lib/gcc/arm-none-eabi/7.2.1/../../../../arm-none-eabi/lib/thumb/v7e-m/libg.a(lib_a-dtoa.o)
 *fill*         0x000000000800c244        0x4 
 .text._dtoa_r  0x000000000800c248      0xdf4 /home/tommi/Bin/gcc-arm-none-eabi-7-2017-q4-major/bin/../lib/gcc/arm-none-eabi/7.2.1/../../../../arm-none-eabi/lib/thumb/v7e-m/libg.a(lib_a-dtoa.o)
                0x000000000800c248                _dtoa_r
 .text.__sflush_r
                0x000000000800d03c      0x154 /home/tommi/Bin/gcc-arm-none-eabi-7-2017-q4-major/bin/../lib/gcc/arm-none-eabi/7.2.1/../../../../arm-none-eabi/lib/thumb/v7e-m/libg.a(lib_a-fflush.o)
                0x000000000800d03c                __sflush_r
 .text._fflush_r
                0x000000000800d190       0x5c /home/tommi/Bin/gcc-arm-none-eabi-7-2017-q4-major/bin/../lib/gcc/arm-none-eabi/7.2.1/../../../../arm-none-eabi/lib/thumb/v7e-m/libg.a(lib_a-fflush.o)
                0x000000000800d190                _fflush_r
 .text.std      0x000000000800d1ec       0x50 /home/tommi/Bin/gcc-arm-none-eabi-7-2017-q4-major/bin/../lib/gcc/arm-none-eabi/7.2.1/../../../../arm-none-eabi/lib/thumb/v7e-m/libg.a(lib_a-findfp.o)
 .text._cleanup_r
                0x000000000800d23c        0xc /home/tommi/Bin/gcc-arm-none-eabi-7-2017-q4-major/bin/../lib/gcc/arm-none-eabi/7.2.1/../../../../arm-none-eabi/lib/thumb/v7e-m/libg.a(lib_a-findfp.o)
                0x000000000800d23c                _cleanup_r
 .text.__sinit  0x000000000800d248       0x58 /home/tommi/Bin/gcc-arm-none-eabi-7-2017-q4-major/bin/../lib/gcc/arm-none-eabi/7.2.1/../../../../arm-none-eabi/lib/thumb/v7e-m/libg.a(lib_a-findfp.o)
                0x000000000800d248                __sinit
 .text.__sfp_lock_acquire
                0x000000000800d2a0        0xc /home/tommi/Bin/gcc-arm-none-eabi-7-2017-q4-major/bin/../lib/gcc/arm-none-eabi/7.2.1/../../../../arm-none-eabi/lib/thumb/v7e-m/libg.a(lib_a-findfp.o)
                0x000000000800d2a0                __sfp_lock_acquire
 .text.__sfp_lock_release
                0x000000000800d2ac        0xc /home/tommi/Bin/gcc-arm-none-eabi-7-2017-q4-major/bin/../lib/gcc/arm-none-eabi/7.2.1/../../../../arm-none-eabi/lib/thumb/v7e-m/libg.a(lib_a-findfp.o)
                0x000000000800d2ac                __sfp_lock_release
 .text._malloc_trim_r
                0x000000000800d2b8       0xa0 /home/tommi/Bin/gcc-arm-none-eabi-7-2017-q4-major/bin/../lib/gcc/arm-none-eabi/7.2.1/../../../../arm-none-eabi/lib/thumb/v7e-m/libg.a(lib_a-freer.o)
                0x000000000800d2b8                _malloc_trim_r
 .text._free_r  0x000000000800d358      0x1e8 /home/tommi/Bin/gcc-arm-none-eabi-7-2017-q4-major/bin/../lib/gcc/arm-none-eabi/7.2.1/../../../../arm-none-eabi/lib/thumb/v7e-m/libg.a(lib_a-freer.o)
                0x000000000800d358                _free_r
 .text.__sfvwrite_r
                0x000000000800d540      0x2fc /home/tommi/Bin/gcc-arm-none-eabi-7-2017-q4-major/bin/../lib/gcc/arm-none-eabi/7.2.1/../../../../arm-none-eabi/lib/thumb/v7e-m/libg.a(lib_a-fvwrite.o)
                0x000000000800d540                __sfvwrite_r
 .text._fwalk_reent
                0x000000000800d83c       0x54 /home/tommi/Bin/gcc-arm-none-eabi-7-2017-q4-major/bin/../lib/gcc/arm-none-eabi/7.2.1/../../../../arm-none-eabi/lib/thumb/v7e-m/libg.a(lib_a-fwalk.o)
                0x000000000800d83c                _fwalk_reent
 .text.__locale_mb_cur_max
                0x000000000800d890       0x1c /home/tommi/Bin/gcc-arm-none-eabi-7-2017-q4-major/bin/../lib/gcc/arm-none-eabi/7.2.1/../../../../arm-none-eabi/lib/thumb/v7e-m/libg.a(lib_a-locale.o)
                0x000000000800d890                __locale_mb_cur_max
 .text.__locale_ctype_ptr_l
                0x000000000800d8ac        0x8 /home/tommi/Bin/gcc-arm-none-eabi-7-2017-q4-major/bin/../lib/gcc/arm-none-eabi/7.2.1/../../../../arm-none-eabi/lib/thumb/v7e-m/libg.a(lib_a-locale.o)
                0x000000000800d8ac                __locale_ctype_ptr_l
 .text._localeconv_r
                0x000000000800d8b4       0x1c /home/tommi/Bin/gcc-arm-none-eabi-7-2017-q4-major/bin/../lib/gcc/arm-none-eabi/7.2.1/../../../../arm-none-eabi/lib/thumb/v7e-m/libg.a(lib_a-localeconv.o)
                0x000000000800d8b4                _localeconv_r
 .text.__retarget_lock_init_recursive
                0x000000000800d8d0        0x4 /home/tommi/Bin/gcc-arm-none-eabi-7-2017-q4-major/bin/../lib/gcc/arm-none-eabi/7.2.1/../../../../arm-none-eabi/lib/thumb/v7e-m/libg.a(lib_a-lock.o)
                0x000000000800d8d0                __retarget_lock_init_recursive
 .text.__retarget_lock_close_recursive
                0x000000000800d8d4        0x4 /home/tommi/Bin/gcc-arm-none-eabi-7-2017-q4-major/bin/../lib/gcc/arm-none-eabi/7.2.1/../../../../arm-none-eabi/lib/thumb/v7e-m/libg.a(lib_a-lock.o)
                0x000000000800d8d4                __retarget_lock_close_recursive
 .text.__retarget_lock_acquire_recursive
                0x000000000800d8d8        0x4 /home/tommi/Bin/gcc-arm-none-eabi-7-2017-q4-major/bin/../lib/gcc/arm-none-eabi/7.2.1/../../../../arm-none-eabi/lib/thumb/v7e-m/libg.a(lib_a-lock.o)
                0x000000000800d8d8                __retarget_lock_acquire_recursive
 .text.__retarget_lock_release_recursive
                0x000000000800d8dc        0x4 /home/tommi/Bin/gcc-arm-none-eabi-7-2017-q4-major/bin/../lib/gcc/arm-none-eabi/7.2.1/../../../../arm-none-eabi/lib/thumb/v7e-m/libg.a(lib_a-lock.o)
                0x000000000800d8dc                __retarget_lock_release_recursive
 .text.__swhatbuf_r
                0x000000000800d8e0       0x5c /home/tommi/Bin/gcc-arm-none-eabi-7-2017-q4-major/bin/../lib/gcc/arm-none-eabi/7.2.1/../../../../arm-none-eabi/lib/thumb/v7e-m/libg.a(lib_a-makebuf.o)
                0x000000000800d8e0                __swhatbuf_r
 .text.__smakebuf_r
                0x000000000800d93c       0x94 /home/tommi/Bin/gcc-arm-none-eabi-7-2017-q4-major/bin/../lib/gcc/arm-none-eabi/7.2.1/../../../../arm-none-eabi/lib/thumb/v7e-m/libg.a(lib_a-makebuf.o)
                0x000000000800d93c                __smakebuf_r
 .text._malloc_r
                0x000000000800d9d0      0x548 /home/tommi/Bin/gcc-arm-none-eabi-7-2017-q4-major/bin/../lib/gcc/arm-none-eabi/7.2.1/../../../../arm-none-eabi/lib/thumb/v7e-m/libg.a(lib_a-mallocr.o)
                0x000000000800d9d0                _malloc_r
 .text.__ascii_mbtowc
                0x000000000800df18       0x2c /home/tommi/Bin/gcc-arm-none-eabi-7-2017-q4-major/bin/../lib/gcc/arm-none-eabi/7.2.1/../../../../arm-none-eabi/lib/thumb/v7e-m/libg.a(lib_a-mbtowc_r.o)
                0x000000000800df18                __ascii_mbtowc
 .text.memmove  0x000000000800df44       0xc8 /home/tommi/Bin/gcc-arm-none-eabi-7-2017-q4-major/bin/../lib/gcc/arm-none-eabi/7.2.1/../../../../arm-none-eabi/lib/thumb/v7e-m/libg.a(lib_a-memmove.o)
                0x000000000800df44                memmove
 .text.__malloc_lock
                0x000000000800e00c        0xc /home/tommi/Bin/gcc-arm-none-eabi-7-2017-q4-major/bin/../lib/gcc/arm-none-eabi/7.2.1/../../../../arm-none-eabi/lib/thumb/v7e-m/libg.a(lib_a-mlock.o)
                0x000000000800e00c                __malloc_lock
 .text.__malloc_unlock
                0x000000000800e018        0xc /home/tommi/Bin/gcc-arm-none-eabi-7-2017-q4-major/bin/../lib/gcc/arm-none-eabi/7.2.1/../../../../arm-none-eabi/lib/thumb/v7e-m/libg.a(lib_a-mlock.o)
                0x000000000800e018                __malloc_unlock
 .text._Balloc  0x000000000800e024       0x4c /home/tommi/Bin/gcc-arm-none-eabi-7-2017-q4-major/bin/../lib/gcc/arm-none-eabi/7.2.1/../../../../arm-none-eabi/lib/thumb/v7e-m/libg.a(lib_a-mprec.o)
                0x000000000800e024                _Balloc
 .text._Bfree   0x000000000800e070       0x14 /home/tommi/Bin/gcc-arm-none-eabi-7-2017-q4-major/bin/../lib/gcc/arm-none-eabi/7.2.1/../../../../arm-none-eabi/lib/thumb/v7e-m/libg.a(lib_a-mprec.o)
                0x000000000800e070                _Bfree
 .text.__multadd
                0x000000000800e084       0x80 /home/tommi/Bin/gcc-arm-none-eabi-7-2017-q4-major/bin/../lib/gcc/arm-none-eabi/7.2.1/../../../../arm-none-eabi/lib/thumb/v7e-m/libg.a(lib_a-mprec.o)
                0x000000000800e084                __multadd
 .text.__hi0bits
                0x000000000800e104       0x40 /home/tommi/Bin/gcc-arm-none-eabi-7-2017-q4-major/bin/../lib/gcc/arm-none-eabi/7.2.1/../../../../arm-none-eabi/lib/thumb/v7e-m/libg.a(lib_a-mprec.o)
                0x000000000800e104                __hi0bits
 .text.__lo0bits
                0x000000000800e144       0x60 /home/tommi/Bin/gcc-arm-none-eabi-7-2017-q4-major/bin/../lib/gcc/arm-none-eabi/7.2.1/../../../../arm-none-eabi/lib/thumb/v7e-m/libg.a(lib_a-mprec.o)
                0x000000000800e144                __lo0bits
 .text.__i2b    0x000000000800e1a4       0x14 /home/tommi/Bin/gcc-arm-none-eabi-7-2017-q4-major/bin/../lib/gcc/arm-none-eabi/7.2.1/../../../../arm-none-eabi/lib/thumb/v7e-m/libg.a(lib_a-mprec.o)
                0x000000000800e1a4                __i2b
 .text.__multiply
                0x000000000800e1b8      0x14c /home/tommi/Bin/gcc-arm-none-eabi-7-2017-q4-major/bin/../lib/gcc/arm-none-eabi/7.2.1/../../../../arm-none-eabi/lib/thumb/v7e-m/libg.a(lib_a-mprec.o)
                0x000000000800e1b8                __multiply
 .text.__pow5mult
                0x000000000800e304       0xa0 /home/tommi/Bin/gcc-arm-none-eabi-7-2017-q4-major/bin/../lib/gcc/arm-none-eabi/7.2.1/../../../../arm-none-eabi/lib/thumb/v7e-m/libg.a(lib_a-mprec.o)
                0x000000000800e304                __pow5mult
 .text.__lshift
                0x000000000800e3a4       0xac /home/tommi/Bin/gcc-arm-none-eabi-7-2017-q4-major/bin/../lib/gcc/arm-none-eabi/7.2.1/../../../../arm-none-eabi/lib/thumb/v7e-m/libg.a(lib_a-mprec.o)
                0x000000000800e3a4                __lshift
 .text.__mcmp   0x000000000800e450       0x38 /home/tommi/Bin/gcc-arm-none-eabi-7-2017-q4-major/bin/../lib/gcc/arm-none-eabi/7.2.1/../../../../arm-none-eabi/lib/thumb/v7e-m/libg.a(lib_a-mprec.o)
                0x000000000800e450                __mcmp
 .text.__mdiff  0x000000000800e488       0xec /home/tommi/Bin/gcc-arm-none-eabi-7-2017-q4-major/bin/../lib/gcc/arm-none-eabi/7.2.1/../../../../arm-none-eabi/lib/thumb/v7e-m/libg.a(lib_a-mprec.o)
                0x000000000800e488                __mdiff
 .text.__d2b    0x000000000800e574       0xb0 /home/tommi/Bin/gcc-arm-none-eabi-7-2017-q4-major/bin/../lib/gcc/arm-none-eabi/7.2.1/../../../../arm-none-eabi/lib/thumb/v7e-m/libg.a(lib_a-mprec.o)
                0x000000000800e574                __d2b
 .text._realloc_r
                0x000000000800e624      0x35c /home/tommi/Bin/gcc-arm-none-eabi-7-2017-q4-major/bin/../lib/gcc/arm-none-eabi/7.2.1/../../../../arm-none-eabi/lib/thumb/v7e-m/libg.a(lib_a-reallocr.o)
                0x000000000800e624                _realloc_r
 .text._sbrk_r  0x000000000800e980       0x24 /home/tommi/Bin/gcc-arm-none-eabi-7-2017-q4-major/bin/../lib/gcc/arm-none-eabi/7.2.1/../../../../arm-none-eabi/lib/thumb/v7e-m/libg.a(lib_a-sbrkr.o)
                0x000000000800e980                _sbrk_r
 .text.__sread  0x000000000800e9a4       0x24 /home/tommi/Bin/gcc-arm-none-eabi-7-2017-q4-major/bin/../lib/gcc/arm-none-eabi/7.2.1/../../../../arm-none-eabi/lib/thumb/v7e-m/libg.a(lib_a-stdio.o)
                0x000000000800e9a4                __sread
 .text.__swrite
                0x000000000800e9c8       0x3c /home/tommi/Bin/gcc-arm-none-eabi-7-2017-q4-major/bin/../lib/gcc/arm-none-eabi/7.2.1/../../../../arm-none-eabi/lib/thumb/v7e-m/libg.a(lib_a-stdio.o)
                0x000000000800e9c8                __swrite
 .text.__sseek  0x000000000800ea04       0x20 /home/tommi/Bin/gcc-arm-none-eabi-7-2017-q4-major/bin/../lib/gcc/arm-none-eabi/7.2.1/../../../../arm-none-eabi/lib/thumb/v7e-m/libg.a(lib_a-stdio.o)
                0x000000000800ea04                __sseek
 .text.__sclose
                0x000000000800ea24        0x8 /home/tommi/Bin/gcc-arm-none-eabi-7-2017-q4-major/bin/../lib/gcc/arm-none-eabi/7.2.1/../../../../arm-none-eabi/lib/thumb/v7e-m/libg.a(lib_a-stdio.o)
                0x000000000800ea24                __sclose
 .text.__ssprint_r
                0x000000000800ea2c       0xf4 /home/tommi/Bin/gcc-arm-none-eabi-7-2017-q4-major/bin/../lib/gcc/arm-none-eabi/7.2.1/../../../../arm-none-eabi/lib/thumb/v7e-m/libg.a(lib_a-svfiprintf.o)
                0x000000000800ea2c                __ssprint_r
 .text.__sprint_r.part.0
                0x000000000800eb20       0x78 /home/tommi/Bin/gcc-arm-none-eabi-7-2017-q4-major/bin/../lib/gcc/arm-none-eabi/7.2.1/../../../../arm-none-eabi/lib/thumb/v7e-m/libg.a(lib_a-vfiprintf.o)
 .text.__sprint_r
                0x000000000800eb98       0x14 /home/tommi/Bin/gcc-arm-none-eabi-7-2017-q4-major/bin/../lib/gcc/arm-none-eabi/7.2.1/../../../../arm-none-eabi/lib/thumb/v7e-m/libg.a(lib_a-vfiprintf.o)
                0x000000000800eb98                __sprint_r
 .text.__ascii_wctomb
                0x000000000800ebac       0x1c /home/tommi/Bin/gcc-arm-none-eabi-7-2017-q4-major/bin/../lib/gcc/arm-none-eabi/7.2.1/../../../../arm-none-eabi/lib/thumb/v7e-m/libg.a(lib_a-wctomb_r.o)
                0x000000000800ebac                __ascii_wctomb
 .text._write_r
                0x000000000800ebc8       0x2c /home/tommi/Bin/gcc-arm-none-eabi-7-2017-q4-major/bin/../lib/gcc/arm-none-eabi/7.2.1/../../../../arm-none-eabi/lib/thumb/v7e-m/libg.a(lib_a-writer.o)
                0x000000000800ebc8                _write_r
 .text._calloc_r
                0x000000000800ebf4       0x68 /home/tommi/Bin/gcc-arm-none-eabi-7-2017-q4-major/bin/../lib/gcc/arm-none-eabi/7.2.1/../../../../arm-none-eabi/lib/thumb/v7e-m/libg.a(lib_a-callocr.o)
                0x000000000800ebf4                _calloc_r
 .text._close_r
                0x000000000800ec5c       0x24 /home/tommi/Bin/gcc-arm-none-eabi-7-2017-q4-major/bin/../lib/gcc/arm-none-eabi/7.2.1/../../../../arm-none-eabi/lib/thumb/v7e-m/libg.a(lib_a-closer.o)
                0x000000000800ec5c                _close_r
 .text._fclose_r
                0x000000000800ec80       0xd0 /home/tommi/Bin/gcc-arm-none-eabi-7-2017-q4-major/bin/../lib/gcc/arm-none-eabi/7.2.1/../../../../arm-none-eabi/lib/thumb/v7e-m/libg.a(lib_a-fclose.o)
                0x000000000800ec80                _fclose_r
 .text.__fputwc
                0x000000000800ed50       0xa0 /home/tommi/Bin/gcc-arm-none-eabi-7-2017-q4-major/bin/../lib/gcc/arm-none-eabi/7.2.1/../../../../arm-none-eabi/lib/thumb/v7e-m/libg.a(lib_a-fputwc.o)
                0x000000000800ed50                __fputwc
 .text._fputwc_r
                0x000000000800edf0       0x64 /home/tommi/Bin/gcc-arm-none-eabi-7-2017-q4-major/bin/../lib/gcc/arm-none-eabi/7.2.1/../../../../arm-none-eabi/lib/thumb/v7e-m/libg.a(lib_a-fputwc.o)
                0x000000000800edf0                _fputwc_r
 .text._fstat_r
                0x000000000800ee54       0x28 /home/tommi/Bin/gcc-arm-none-eabi-7-2017-q4-major/bin/../lib/gcc/arm-none-eabi/7.2.1/../../../../arm-none-eabi/lib/thumb/v7e-m/libg.a(lib_a-fstatr.o)
                0x000000000800ee54                _fstat_r
 .text._isatty_r
                0x000000000800ee7c       0x24 /home/tommi/Bin/gcc-arm-none-eabi-7-2017-q4-major/bin/../lib/gcc/arm-none-eabi/7.2.1/../../../../arm-none-eabi/lib/thumb/v7e-m/libg.a(lib_a-isattyr.o)
                0x000000000800ee7c                _isatty_r
 .text._lseek_r
                0x000000000800eea0       0x2c /home/tommi/Bin/gcc-arm-none-eabi-7-2017-q4-major/bin/../lib/gcc/arm-none-eabi/7.2.1/../../../../arm-none-eabi/lib/thumb/v7e-m/libg.a(lib_a-lseekr.o)
                0x000000000800eea0                _lseek_r
 .text._read_r  0x000000000800eecc       0x2c /home/tommi/Bin/gcc-arm-none-eabi-7-2017-q4-major/bin/../lib/gcc/arm-none-eabi/7.2.1/../../../../arm-none-eabi/lib/thumb/v7e-m/libg.a(lib_a-readr.o)
                0x000000000800eecc                _read_r
 .text.__swbuf_r
                0x000000000800eef8       0xb0 /home/tommi/Bin/gcc-arm-none-eabi-7-2017-q4-major/bin/../lib/gcc/arm-none-eabi/7.2.1/../../../../arm-none-eabi/lib/thumb/v7e-m/libg.a(lib_a-wbuf.o)
                0x000000000800eef8                __swbuf_r
 .text._wcrtomb_r
                0x000000000800efa8       0x50 /home/tommi/Bin/gcc-arm-none-eabi-7-2017-q4-major/bin/../lib/gcc/arm-none-eabi/7.2.1/../../../../arm-none-eabi/lib/thumb/v7e-m/libg.a(lib_a-wcrtomb.o)
                0x000000000800efa8                _wcrtomb_r
 *(.glue_7)
 .glue_7        0x000000000800eff8        0x0 linker stubs
 *(.glue_7t)
 .glue_7t       0x000000000800eff8        0x0 linker stubs
 *(.eh_frame)
 *(.init)
 *(.fini)
                0x000000000800eff8                . = ALIGN (0x4)
                0x000000000800eff8                _etext = .

.vfp11_veneer   0x000000000800eff8        0x0
 .vfp11_veneer  0x000000000800eff8        0x0 linker stubs

.v4_bx          0x000000000800eff8        0x0
 .v4_bx         0x000000000800eff8        0x0 linker stubs

.iplt           0x000000000800eff8        0x0
 .iplt          0x000000000800eff8        0x0 app.o

.rodata         0x000000000800eff8      0x938
                0x000000000800eff8                . = ALIGN (0x4)
 *(.rodata)
 .rodata        0x000000000800eff8      0x362 app.o
 *fill*         0x000000000800f35a        0x2 
 .rodata        0x000000000800f35c       0x3d ../UCOS3/uC-LIB/lib_mem.o
 *fill*         0x000000000800f399        0x3 
 .rodata        0x000000000800f39c       0x2d ../UCOS3/uCOS-III/Source/os_tmr.o
 *fill*         0x000000000800f3c9        0x3 
 .rodata        0x000000000800f3cc        0xa ../UCOS3/uCOS-III/Source/os_mutex.o
 *fill*         0x000000000800f3d6        0x2 
 .rodata        0x000000000800f3d8       0x14 ../UCOS3/uCOS-III/Source/os_tick.o
 .rodata        0x000000000800f3ec       0x14 ../UCOS3/uCOS-III/Source/os_stat.o
 .rodata        0x000000000800f400       0x2a ../UCOS3/uCOS-III/Source/os_core.o
 *fill*         0x000000000800f42a        0x2 
 .rodata        0x000000000800f42c        0xa ../UCOS3/uCOS-III/Source/os_task.o
 *fill*         0x000000000800f436        0x2 
 .rodata        0x000000000800f438        0x6 ../UCOS3/uCOS-III/Source/os_q.o
 *fill*         0x000000000800f43e        0x2 
 .rodata        0x000000000800f440       0x56 ./BSP/bsp_int.o
 *(.rodata*)
 .rodata.OSDbg_DbgEn
                0x000000000800f496        0x1 ../UCOS3/uCOS-III/Source/os_dbg.o
                0x000000000800f496                OSDbg_DbgEn
 .rodata.OSDbg_ArgChkEn
                0x000000000800f497        0x1 ../UCOS3/uCOS-III/Source/os_dbg.o
                0x000000000800f497                OSDbg_ArgChkEn
 .rodata.OSDbg_AppHooksEn
                0x000000000800f498        0x1 ../UCOS3/uCOS-III/Source/os_dbg.o
                0x000000000800f498                OSDbg_AppHooksEn
 *fill*         0x000000000800f499        0x3 
 .rodata.OSDbg_EndiannessTest
                0x000000000800f49c        0x4 ../UCOS3/uCOS-III/Source/os_dbg.o
                0x000000000800f49c                OSDbg_EndiannessTest
 .rodata.OSDbg_CalledFromISRChkEn
                0x000000000800f4a0        0x1 ../UCOS3/uCOS-III/Source/os_dbg.o
                0x000000000800f4a0                OSDbg_CalledFromISRChkEn
 .rodata.OSDbg_FlagEn
                0x000000000800f4a1        0x1 ../UCOS3/uCOS-III/Source/os_dbg.o
                0x000000000800f4a1                OSDbg_FlagEn
 *fill*         0x000000000800f4a2        0x2 
 .rodata.OSDbg_FlagGrp
                0x000000000800f4a4       0x28 ../UCOS3/uCOS-III/Source/os_dbg.o
                0x000000000800f4a4                OSDbg_FlagGrp
 .rodata.OSDbg_FlagDelEn
                0x000000000800f4cc        0x1 ../UCOS3/uCOS-III/Source/os_dbg.o
                0x000000000800f4cc                OSDbg_FlagDelEn
 .rodata.OSDbg_FlagModeClrEn
                0x000000000800f4cd        0x1 ../UCOS3/uCOS-III/Source/os_dbg.o
                0x000000000800f4cd                OSDbg_FlagModeClrEn
 .rodata.OSDbg_FlagPendAbortEn
                0x000000000800f4ce        0x1 ../UCOS3/uCOS-III/Source/os_dbg.o
                0x000000000800f4ce                OSDbg_FlagPendAbortEn
 *fill*         0x000000000800f4cf        0x1 
 .rodata.OSDbg_FlagGrpSize
                0x000000000800f4d0        0x2 ../UCOS3/uCOS-III/Source/os_dbg.o
                0x000000000800f4d0                OSDbg_FlagGrpSize
 .rodata.OSDbg_FlagWidth
                0x000000000800f4d2        0x2 ../UCOS3/uCOS-III/Source/os_dbg.o
                0x000000000800f4d2                OSDbg_FlagWidth
 .rodata.OSDbg_ISRPostDeferredEn
                0x000000000800f4d4        0x1 ../UCOS3/uCOS-III/Source/os_dbg.o
                0x000000000800f4d4                OSDbg_ISRPostDeferredEn
 *fill*         0x000000000800f4d5        0x3 
 .rodata.OSDbg_Mem
                0x000000000800f4d8       0x20 ../UCOS3/uCOS-III/Source/os_dbg.o
                0x000000000800f4d8                OSDbg_Mem
 .rodata.OSDbg_MemEn
                0x000000000800f4f8        0x1 ../UCOS3/uCOS-III/Source/os_dbg.o
                0x000000000800f4f8                OSDbg_MemEn
 *fill*         0x000000000800f4f9        0x1 
 .rodata.OSDbg_MemSize
                0x000000000800f4fa        0x2 ../UCOS3/uCOS-III/Source/os_dbg.o
                0x000000000800f4fa                OSDbg_MemSize
 .rodata.OSDbg_MsgEn
                0x000000000800f4fc        0x1 ../UCOS3/uCOS-III/Source/os_dbg.o
                0x000000000800f4fc                OSDbg_MsgEn
 *fill*         0x000000000800f4fd        0x1 
 .rodata.OSDbg_MsgSize
                0x000000000800f4fe        0x2 ../UCOS3/uCOS-III/Source/os_dbg.o
                0x000000000800f4fe                OSDbg_MsgSize
 .rodata.OSDbg_MsgPoolSize
                0x000000000800f500        0x2 ../UCOS3/uCOS-III/Source/os_dbg.o
                0x000000000800f500                OSDbg_MsgPoolSize
 .rodata.OSDbg_MsgQSize
                0x000000000800f502        0x2 ../UCOS3/uCOS-III/Source/os_dbg.o
                0x000000000800f502                OSDbg_MsgQSize
 .rodata.OSDbg_Mutex
                0x000000000800f504       0x30 ../UCOS3/uCOS-III/Source/os_dbg.o
                0x000000000800f504                OSDbg_Mutex
 .rodata.OSDbg_MutexEn
                0x000000000800f534        0x1 ../UCOS3/uCOS-III/Source/os_dbg.o
                0x000000000800f534                OSDbg_MutexEn
 .rodata.OSDbg_MutexDelEn
                0x000000000800f535        0x1 ../UCOS3/uCOS-III/Source/os_dbg.o
                0x000000000800f535                OSDbg_MutexDelEn
 .rodata.OSDbg_MutexPendAbortEn
                0x000000000800f536        0x1 ../UCOS3/uCOS-III/Source/os_dbg.o
                0x000000000800f536                OSDbg_MutexPendAbortEn
 *fill*         0x000000000800f537        0x1 
 .rodata.OSDbg_MutexSize
                0x000000000800f538        0x2 ../UCOS3/uCOS-III/Source/os_dbg.o
                0x000000000800f538                OSDbg_MutexSize
 .rodata.OSDbg_ObjTypeChkEn
                0x000000000800f53a        0x1 ../UCOS3/uCOS-III/Source/os_dbg.o
                0x000000000800f53a                OSDbg_ObjTypeChkEn
 .rodata.OSDbg_PendMultiEn
                0x000000000800f53b        0x1 ../UCOS3/uCOS-III/Source/os_dbg.o
                0x000000000800f53b                OSDbg_PendMultiEn
 .rodata.OSDbg_PendDataSize
                0x000000000800f53c        0x2 ../UCOS3/uCOS-III/Source/os_dbg.o
                0x000000000800f53c                OSDbg_PendDataSize
 .rodata.OSDbg_PendListSize
                0x000000000800f53e        0x2 ../UCOS3/uCOS-III/Source/os_dbg.o
                0x000000000800f53e                OSDbg_PendListSize
 .rodata.OSDbg_PendObjSize
                0x000000000800f540        0x2 ../UCOS3/uCOS-III/Source/os_dbg.o
                0x000000000800f540                OSDbg_PendObjSize
 .rodata.OSDbg_PrioMax
                0x000000000800f542        0x2 ../UCOS3/uCOS-III/Source/os_dbg.o
                0x000000000800f542                OSDbg_PrioMax
 .rodata.OSDbg_PrioTblSize
                0x000000000800f544        0x2 ../UCOS3/uCOS-III/Source/os_dbg.o
                0x000000000800f544                OSDbg_PrioTblSize
 .rodata.OSDbg_PtrSize
                0x000000000800f546        0x2 ../UCOS3/uCOS-III/Source/os_dbg.o
                0x000000000800f546                OSDbg_PtrSize
 .rodata.OSDbg_Q