xmc_gpio.h:367:26:XMC_GPIO_GetInput	16	static
bsp_int.c:66:7:BSP_IntClr	16	static
bsp_int.c:76:7:BSP_IntDis	16	static
bsp_int.c:89:7:BSP_IntDisAll	8	static
bsp_int.c:100:7:BSP_IntEn	16	static
bsp_int.c:114:7:BSP_IntVectSet	24	static
bsp_int.c:132:7:BSP_IntPrioSet	24	static
bsp_int.c:150:7:BSP_IntInit	8	static
bsp_int.c:165:15:BSP_IntHandler_PWM_P1_3	32	static
bsp_int.c:326:15:BSP_IntHandler_Uart_Recive	24	static
bsp_int.c:403:6:BSP_IntHandlerSCU	8	static
bsp_int.c:407:6:BSP_IntHandlerERU0_00	8	static
bsp_int.c:411:6:BSP_IntHandlerERU0_01	8	static
bsp_int.c:415:6:BSP_IntHandlerERU0_02	8	static
bsp_int.c:419:6:BSP_IntHandlerERU0_03	8	static
bsp_int.c:423:6:BSP_IntHandlerERU1_00	8	static
bsp_int.c:427:6:BSP_IntHandlerERU1_01	8	static
bsp_int.c:431:6:BSP_IntHandlerERU1_02	8	static
bsp_int.c:435:6:BSP_IntHandlerERU1_03	8	static
bsp_int.c:439:6:BSP_IntHandlerPMU0_00	8	static
bsp_int.c:443:6:BSP_IntHandlerVADC0_C0_00	8	static
bsp_int.c:447:6:BSP_IntHandlerVADC0_C0_01	8	static
bsp_int.c:451:6:BSP_IntHandlerVADC0_C0_02	8	static
bsp_int.c:455:6:BSP_IntHandlerVADC0_C0_03	8	static
bsp_int.c:459:6:BSP_IntHandlerVADC0_G0_00	8	static
bsp_int.c:463:6:BSP_IntHandlerVADC0_G0_01	8	static
bsp_int.c:467:6:BSP_IntHandlerVADC0_G0_02	8	static
bsp_int.c:471:6:BSP_IntHandlerVADC0_G0_03	8	static
bsp_int.c:475:6:BSP_IntHandlerVADC0_G1_00	8	static
bsp_int.c:479:6:BSP_IntHandlerVADC0_G1_01	8	static
bsp_int.c:483:6:BSP_IntHandlerVADC0_G1_02	8	static
bsp_int.c:487:6:BSP_IntHandlerVADC0_G1_03	8	static
bsp_int.c:491:6:BSP_IntHandlerVADC0_G2_00	8	static
bsp_int.c:495:6:BSP_IntHandlerVADC0_G2_01	8	static
bsp_int.c:499:6:BSP_IntHandlerVADC0_G2_02	8	static
bsp_int.c:503:6:BSP_IntHandlerVADC0_G2_03	8	static
bsp_int.c:507:6:BSP_IntHandlerVADC0_G3_00	8	static
bsp_int.c:511:6:BSP_IntHandlerVADC0_G3_01	8	static
bsp_int.c:515:6:BSP_IntHandlerVADC0_G3_02	8	static
bsp_int.c:519:6:BSP_IntHandlerVADC0_G3_03	8	static
bsp_int.c:523:6:BSP_IntHandlerDSD0_00	8	static
bsp_int.c:527:6:BSP_IntHandlerDSD0_01	8	static
bsp_int.c:531:6:BSP_IntHandlerDSD0_02	8	static
bsp_int.c:535:6:BSP_IntHandlerDSD0_03	8	static
bsp_int.c:539:6:BSP_IntHandlerDSD0_04	8	static
bsp_int.c:543:6:BSP_IntHandlerDSD0_05	8	static
bsp_int.c:547:6:BSP_IntHandlerDSD0_06	8	static
bsp_int.c:551:6:BSP_IntHandlerDSD0_07	8	static
bsp_int.c:555:6:BSP_IntHandlerDAC0_00	8	static
bsp_int.c:559:6:BSP_IntHandlerDAC0_01	8	static
bsp_int.c:563:6:BSP_IntHandlerCCU40_00	8	static
bsp_int.c:567:6:BSP_IntHandlerCCU40_01	8	static
bsp_int.c:571:6:BSP_IntHandlerCCU40_02	8	static
bsp_int.c:575:6:BSP_IntHandlerCCU40_03	8	static
bsp_int.c:579:6:BSP_IntHandlerCCU41_00	8	static
bsp_int.c:583:6:BSP_IntHandlerCCU41_01	8	static
bsp_int.c:587:6:BSP_IntHandlerCCU41_02	8	static
bsp_int.c:591:6:BSP_IntHandlerCCU41_03	8	static
bsp_int.c:595:6:BSP_IntHandlerCCU42_00	8	static
bsp_int.c:599:6:BSP_IntHandlerCCU42_01	8	static
bsp_int.c:603:6:BSP_IntHandlerCCU42_02	8	static
bsp_int.c:607:6:BSP_IntHandlerCCU42_03	8	static
bsp_int.c:611:6:BSP_IntHandlerCCU43_00	8	static
bsp_int.c:615:6:BSP_IntHandlerCCU43_01	8	static
bsp_int.c:619:6:BSP_IntHandlerCCU43_02	8	static
bsp_int.c:623:6:BSP_IntHandlerCCU43_03	8	static
bsp_int.c:627:6:BSP_IntHandlerCCU80_00	8	static
bsp_int.c:631:6:BSP_IntHandlerCCU80_01	8	static
bsp_int.c:635:6:BSP_IntHandlerCCU80_02	8	static
bsp_int.c:639:6:BSP_IntHandlerCCU80_03	8	static
bsp_int.c:643:6:BSP_IntHandlerCCU81_00	8	static
bsp_int.c:647:6:BSP_IntHandlerCCU81_01	8	static
bsp_int.c:651:6:BSP_IntHandlerCCU81_02	8	static
bsp_int.c:655:6:BSP_IntHandlerCCU81_03	8	static
bsp_int.c:659:6:BSP_IntHandlerPOSIF0_00	8	static
bsp_int.c:663:6:BSP_IntHandlerPOSIF0_01	8	static
bsp_int.c:667:6:BSP_IntHandlerPOSIF1_00	8	static
bsp_int.c:671:6:BSP_IntHandlerPOSIF1_01	8	static
bsp_int.c:675:6:BSP_IntHandlerCAN0_00	8	static
bsp_int.c:679:6:BSP_IntHandlerCAN0_01	8	static
bsp_int.c:683:6:BSP_IntHandlerCAN0_02	8	static
bsp_int.c:687:6:BSP_IntHandlerCAN0_03	8	static
bsp_int.c:691:6:BSP_IntHandlerCAN0_04	8	static
bsp_int.c:695:6:BSP_IntHandlerCAN0_05	8	static
bsp_int.c:699:6:BSP_IntHandlerCAN0_06	8	static
bsp_int.c:703:6:BSP_IntHandlerCAN0_07	8	static
bsp_int.c:707:6:BSP_IntHandlerUSIC0_00	8	static
bsp_int.c:711:6:BSP_IntHandlerUSIC0_01	8	static
bsp_int.c:715:6:BSP_IntHandlerUSIC0_02	8	static
bsp_int.c:719:6:BSP_IntHandlerUSIC0_03	8	static
bsp_int.c:723:6:BSP_IntHandlerUSIC0_04	8	static
bsp_int.c:727:6:BSP_IntHandlerUSIC0_05	8	static
bsp_int.c:731:6:BSP_IntHandlerUSIC1_00	8	static
bsp_int.c:735:6:BSP_IntHandlerUSIC1_01	8	static
bsp_int.c:739:6:BSP_IntHandlerUSIC1_02	8	static
bsp_int.c:743:6:BSP_IntHandlerUSIC1_03	8	static
bsp_int.c:747:6:BSP_IntHandlerUSIC1_04	8	static
bsp_int.c:751:6:BSP_IntHandlerUSIC1_05	8	static
bsp_int.c:755:6:BSP_IntHandlerUSIC2_00	8	static
bsp_int.c:759:6:BSP_IntHandlerUSIC2_01	8	static
bsp_int.c:763:6:BSP_IntHandlerUSIC2_02	8	static
bsp_int.c:767:6:BSP_IntHandlerUSIC2_03	8	static
bsp_int.c:771:6:BSP_IntHandlerUSIC2_04	8	static
bsp_int.c:775:6:BSP_IntHandlerUSIC2_05	8	static
bsp_int.c:779:6:BSP_IntHandlerLEDTS0_00	8	static
bsp_int.c:783:6:BSP_IntHandlerFCE0_00	8	static
bsp_int.c:787:6:BSP_IntHandlerGPDMA0_00	8	static
bsp_int.c:791:6:BSP_IntHandlerSDMMC0_00	8	static
bsp_int.c:795:6:BSP_IntHandlerUSB0_00	8	static
bsp_int.c:799:6:BSP_IntHandlerETH0_00	8	static
bsp_int.c:803:6:BSP_IntHandlerGPDMA1_00	8	static
bsp_int.c:814:15:BSP_IntHandler	24	static
