bsp_int.c:60:7:BSP_IntClr	16	static
bsp_int.c:70:7:BSP_IntDis	16	static
bsp_int.c:83:7:BSP_IntDisAll	8	static
bsp_int.c:94:7:BSP_IntEn	16	static
bsp_int.c:108:7:BSP_IntVectSet	24	static
bsp_int.c:126:7:BSP_IntPrioSet	24	static
bsp_int.c:144:7:BSP_IntInit	8	static
bsp_int.c:159:15:BSP_IntHandler_PWM_XY	16	static
bsp_int.c:201:15:BSP_IntHandler_Uart_Recive	24	static
bsp_int.c:278:6:BSP_IntHandlerSCU	8	static
bsp_int.c:282:6:BSP_IntHandlerERU0_00	8	static
bsp_int.c:286:6:BSP_IntHandlerERU0_01	8	static
bsp_int.c:290:6:BSP_IntHandlerERU0_02	8	static
bsp_int.c:294:6:BSP_IntHandlerERU0_03	8	static
bsp_int.c:298:6:BSP_IntHandlerERU1_00	8	static
bsp_int.c:302:6:BSP_IntHandlerERU1_01	8	static
bsp_int.c:306:6:BSP_IntHandlerERU1_02	8	static
bsp_int.c:310:6:BSP_IntHandlerERU1_03	8	static
bsp_int.c:314:6:BSP_IntHandlerPMU0_00	8	static
bsp_int.c:318:6:BSP_IntHandlerVADC0_C0_00	8	static
bsp_int.c:322:6:BSP_IntHandlerVADC0_C0_01	8	static
bsp_int.c:326:6:BSP_IntHandlerVADC0_C0_02	8	static
bsp_int.c:330:6:BSP_IntHandlerVADC0_C0_03	8	static
bsp_int.c:334:6:BSP_IntHandlerVADC0_G0_00	8	static
bsp_int.c:338:6:BSP_IntHandlerVADC0_G0_01	8	static
bsp_int.c:342:6:BSP_IntHandlerVADC0_G0_02	8	static
bsp_int.c:346:6:BSP_IntHandlerVADC0_G0_03	8	static
bsp_int.c:350:6:BSP_IntHandlerVADC0_G1_00	8	static
bsp_int.c:354:6:BSP_IntHandlerVADC0_G1_01	8	static
bsp_int.c:358:6:BSP_IntHandlerVADC0_G1_02	8	static
bsp_int.c:362:6:BSP_IntHandlerVADC0_G1_03	8	static
bsp_int.c:366:6:BSP_IntHandlerVADC0_G2_00	8	static
bsp_int.c:370:6:BSP_IntHandlerVADC0_G2_01	8	static
bsp_int.c:374:6:BSP_IntHandlerVADC0_G2_02	8	static
bsp_int.c:378:6:BSP_IntHandlerVADC0_G2_03	8	static
bsp_int.c:382:6:BSP_IntHandlerVADC0_G3_00	8	static
bsp_int.c:386:6:BSP_IntHandlerVADC0_G3_01	8	static
bsp_int.c:390:6:BSP_IntHandlerVADC0_G3_02	8	static
bsp_int.c:394:6:BSP_IntHandlerVADC0_G3_03	8	static
bsp_int.c:398:6:BSP_IntHandlerDSD0_00	8	static
bsp_int.c:402:6:BSP_IntHandlerDSD0_01	8	static
bsp_int.c:406:6:BSP_IntHandlerDSD0_02	8	static
bsp_int.c:410:6:BSP_IntHandlerDSD0_03	8	static
bsp_int.c:414:6:BSP_IntHandlerDSD0_04	8	static
bsp_int.c:418:6:BSP_IntHandlerDSD0_05	8	static
bsp_int.c:422:6:BSP_IntHandlerDSD0_06	8	static
bsp_int.c:426:6:BSP_IntHandlerDSD0_07	8	static
bsp_int.c:430:6:BSP_IntHandlerDAC0_00	8	static
bsp_int.c:434:6:BSP_IntHandlerDAC0_01	8	static
bsp_int.c:438:6:BSP_IntHandlerCCU40_00	8	static
bsp_int.c:442:6:BSP_IntHandlerCCU40_01	8	static
bsp_int.c:446:6:BSP_IntHandlerCCU40_02	8	static
bsp_int.c:450:6:BSP_IntHandlerCCU40_03	8	static
bsp_int.c:454:6:BSP_IntHandlerCCU41_00	8	static
bsp_int.c:458:6:BSP_IntHandlerCCU41_01	8	static
bsp_int.c:462:6:BSP_IntHandlerCCU41_02	8	static
bsp_int.c:466:6:BSP_IntHandlerCCU41_03	8	static
bsp_int.c:470:6:BSP_IntHandlerCCU42_00	8	static
bsp_int.c:474:6:BSP_IntHandlerCCU42_01	8	static
bsp_int.c:478:6:BSP_IntHandlerCCU42_02	8	static
bsp_int.c:482:6:BSP_IntHandlerCCU42_03	8	static
bsp_int.c:486:6:BSP_IntHandlerCCU43_00	8	static
bsp_int.c:490:6:BSP_IntHandlerCCU43_01	8	static
bsp_int.c:494:6:BSP_IntHandlerCCU43_02	8	static
bsp_int.c:498:6:BSP_IntHandlerCCU43_03	8	static
bsp_int.c:502:6:BSP_IntHandlerCCU80_00	8	static
bsp_int.c:506:6:BSP_IntHandlerCCU80_01	8	static
bsp_int.c:510:6:BSP_IntHandlerCCU80_02	8	static
bsp_int.c:514:6:BSP_IntHandlerCCU80_03	8	static
bsp_int.c:518:6:BSP_IntHandlerCCU81_00	8	static
bsp_int.c:522:6:BSP_IntHandlerCCU81_01	8	static
bsp_int.c:526:6:BSP_IntHandlerCCU81_02	8	static
bsp_int.c:530:6:BSP_IntHandlerCCU81_03	8	static
bsp_int.c:534:6:BSP_IntHandlerPOSIF0_00	8	static
bsp_int.c:538:6:BSP_IntHandlerPOSIF0_01	8	static
bsp_int.c:542:6:BSP_IntHandlerPOSIF1_00	8	static
bsp_int.c:546:6:BSP_IntHandlerPOSIF1_01	8	static
bsp_int.c:550:6:BSP_IntHandlerCAN0_00	8	static
bsp_int.c:554:6:BSP_IntHandlerCAN0_01	8	static
bsp_int.c:558:6:BSP_IntHandlerCAN0_02	8	static
bsp_int.c:562:6:BSP_IntHandlerCAN0_03	8	static
bsp_int.c:566:6:BSP_IntHandlerCAN0_04	8	static
bsp_int.c:570:6:BSP_IntHandlerCAN0_05	8	static
bsp_int.c:574:6:BSP_IntHandlerCAN0_06	8	static
bsp_int.c:578:6:BSP_IntHandlerCAN0_07	8	static
bsp_int.c:582:6:BSP_IntHandlerUSIC0_00	8	static
bsp_int.c:586:6:BSP_IntHandlerUSIC0_01	8	static
bsp_int.c:590:6:BSP_IntHandlerUSIC0_02	8	static
bsp_int.c:594:6:BSP_IntHandlerUSIC0_03	8	static
bsp_int.c:598:6:BSP_IntHandlerUSIC0_04	8	static
bsp_int.c:602:6:BSP_IntHandlerUSIC0_05	8	static
bsp_int.c:606:6:BSP_IntHandlerUSIC1_00	8	static
bsp_int.c:610:6:BSP_IntHandlerUSIC1_01	8	static
bsp_int.c:614:6:BSP_IntHandlerUSIC1_02	8	static
bsp_int.c:618:6:BSP_IntHandlerUSIC1_03	8	static
bsp_int.c:622:6:BSP_IntHandlerUSIC1_04	8	static
bsp_int.c:626:6:BSP_IntHandlerUSIC1_05	8	static
bsp_int.c:630:6:BSP_IntHandlerUSIC2_00	8	static
bsp_int.c:634:6:BSP_IntHandlerUSIC2_01	8	static
bsp_int.c:638:6:BSP_IntHandlerUSIC2_02	8	static
bsp_int.c:642:6:BSP_IntHandlerUSIC2_03	8	static
bsp_int.c:646:6:BSP_IntHandlerUSIC2_04	8	static
bsp_int.c:650:6:BSP_IntHandlerUSIC2_05	8	static
bsp_int.c:654:6:BSP_IntHandlerLEDTS0_00	8	static
bsp_int.c:658:6:BSP_IntHandlerFCE0_00	8	static
bsp_int.c:662:6:BSP_IntHandlerGPDMA0_00	8	static
bsp_int.c:666:6:BSP_IntHandlerSDMMC0_00	8	static
bsp_int.c:670:6:BSP_IntHandlerUSB0_00	8	static
bsp_int.c:674:6:BSP_IntHandlerETH0_00	8	static
bsp_int.c:678:6:BSP_IntHandlerGPDMA1_00	8	static
bsp_int.c:689:15:BSP_IntHandler	24	static
