core_cm4.h:1467:22:NVIC_EnableIRQ	16	static
core_cm4.h:1550:22:NVIC_SetPriority	16	static
xmc_ccu4.h:696:22:XMC_CCU4_StartPrescaler	16	static
xmc_ccu4.h:782:22:XMC_CCU4_EnableClock	16	static
xmc_ccu4.h:1267:22:XMC_CCU4_SLICE_StartTimer	16	static
xmc_ccu4.h:1285:22:XMC_CCU4_SLICE_StopTimer	16	static
xmc_ccu4.h:1422:22:XMC_CCU4_SLICE_SetTimerPeriodMatch	16	static
xmc_ccu4.h:1470:22:XMC_CCU4_SLICE_SetTimerCompareMatch	16	static
xmc_ccu4.h:1831:22:XMC_CCU4_SLICE_EnableEvent	16	static
bsp_ccu4.c:68:7:BSP_ConfigCCU4_Timer	8	static
bsp_ccu4.c:105:7:BSP_PWM_SetDutyCycle	16	static
