lib_mem.c:207:7:Mem_Init	24	static
lib_mem.c:262:7:Mem_Clr	16	static
lib_mem.c:303:7:Mem_Set	48	static
lib_mem.c:522:7:Mem_Move	64	static
lib_mem.c:646:14:Mem_Cmp	64	static
lib_mem.c:775:8:Mem_HeapAlloc	48	static
lib_mem.c:827:13:Mem_HeapGetSizeRem	24	static
lib_mem.c:885:7:Mem_SegCreate	40	static
lib_mem.c:969:7:Mem_SegClr	24	static
lib_mem.c:1025:13:Mem_SegRemSizeGet	48	static
lib_mem.c:1113:8:Mem_SegAlloc	48	static
lib_mem.c:1170:8:Mem_SegAllocExt	48	static
lib_mem.c:1230:8:Mem_SegAllocHW	48	static
lib_mem.c:1321:7:Mem_PoolCreate	72	static
lib_mem.c:1512:7:Mem_PoolClr	16	static
lib_mem.c:1568:8:Mem_PoolBlkGet	32	static
lib_mem.c:1651:7:Mem_PoolBlkFree	32	static
lib_mem.c:1735:19:Mem_PoolBlkGetNbrAvail	24	static
lib_mem.c:1809:7:Mem_DynPoolCreate	48	static
lib_mem.c:1871:7:Mem_DynPoolCreateHW	48	static
lib_mem.c:1922:8:Mem_DynPoolBlkGet	56	static
lib_mem.c:2013:7:Mem_DynPoolBlkFree	32	static
lib_mem.c:2083:13:Mem_DynPoolBlkNbrAvailGet	24	static
lib_mem.c:2277:15:Mem_SegCreateCritical	24	static
lib_mem.c:2326:19:Mem_SegOverlapChkCritical	40	static
lib_mem.c:2407:16:Mem_SegAllocInternal	40	static
lib_mem.c:2509:16:Mem_SegAllocExtCritical	48	static
lib_mem.c:2664:15:Mem_DynPoolCreateInternal	56	static
